warning: unused variable: `arg`
    --> crates/cas_engine/src/rules/algebra.rs:1353:42
     |
1353 | ...f let Some(arg) = trig_part {
     |               ^^^ help: if this is intentional, prefix it with an underscore: `_arg`
     |
     = note: `#[warn(unused_variables)]` (part of `#[warn(unused)]`) on by default

warning: function `get_coeff_base` is never used
    --> crates/cas_engine/src/rules/algebra.rs:1145:12
     |
1145 | ...   fn get_coeff_base(ctx: &mut Co...
     |          ^^^^^^^^^^^^^^
     |
     = note: `#[warn(dead_code)]` (part of `#[warn(unused)]`) on by default

warning: `cas_engine` (lib) generated 2 warnings
warning: unused imports: `BoundType`, `Context`, `Equation`, `ExprId`, `Expr`, `RelOp`, and `SolutionSet`
  --> crates/cas_cli/tests/repro_tangent_reduced.rs:14:15
   |
14 | ...::{Equation, RelOp, SolutionSet, BoundType, Expr, Context, ExprId, D...
   |       ^^^^^^^^  ^^^^^  ^^^^^^^^^^^  ^^^^^^^^^  ^^^^  ^^^^^^^  ^^^^^^
   |
   = note: `#[warn(unused_imports)]` (part of `#[warn(unused)]`) on by default

warning: unused import: `Expr`
 --> crates/cas_cli/tests/advanced_simplification.rs:5:32
  |
5 |     use cas_ast::{DisplayExpr, Expr};
  |                                ^^^^
  |
  = note: `#[warn(unused_imports)]` (part of `#[warn(unused)]`) on by default

warning: unused import: `AnnihilationRule`
 --> crates/cas_cli/tests/repro_tangent_sum.rs:3:59
  |
3 | ...ermsRule, AnnihilationRule, Distribu...
  |              ^^^^^^^^^^^^^^^^
  |
  = note: `#[warn(unused_imports)]` (part of `#[warn(unused)]`) on by default

warning: unused import: `AngleIdentityRule`
 --> crates/cas_cli/tests/torture_tests.rs:7:82
  |
7 | ...ityRule, AngleIdentityRule, TanToSin...
  |             ^^^^^^^^^^^^^^^^^
  |
  = note: `#[warn(unused_imports)]` (part of `#[warn(unused)]`) on by default

warning: unused import: `Context`
  --> crates/cas_cli/tests/torture_tests.rs:15:62
   |
15 | ...ndType, Expr, Context, ExprId, Disp...
   |                  ^^^^^^^

warning: unused imports: `BoundType` and `Context`
  --> crates/cas_cli/tests/stress_tests.rs:11:45
   |
11 | ...Set, BoundType, Expr, Context, Expr...
   |         ^^^^^^^^^        ^^^^^^^
   |
   = note: `#[warn(unused_imports)]` (part of `#[warn(unused)]`) on by default

warning: unused imports: `Context`, `ExprId`, and `Expr`
  --> crates/cas_cli/tests/inequality_tests.rs:11:56
   |
11 | ...dType, Expr, Context, ExprId, Displ...
   |           ^^^^  ^^^^^^^  ^^^^^^
   |
   = note: `#[warn(unused_imports)]` (part of `#[warn(unused)]`) on by default

warning: unused import: `num_traits::Zero`
  --> crates/cas_cli/tests/inequality_tests.rs:13:5
   |
13 | use num_traits::Zero;
   |     ^^^^^^^^^^^^^^^^

warning: unused imports: `BoundType`, `Context`, `Equation`, `RelOp`, and `SolutionSet`
  --> crates/cas_cli/tests/equivalence_tests.rs:10:15
   |
10 | ...::{Equation, RelOp, SolutionSet, BoundType, Expr, Context, E...
   |       ^^^^^^^^  ^^^^^  ^^^^^^^^^^^  ^^^^^^^^^        ^^^^^^^
   |
   = note: `#[warn(unused_imports)]` (part of `#[warn(unused)]`) on by default

warning: unused import: `cas_engine::solver::solve`
  --> crates/cas_cli/tests/equivalence_tests.rs:11:5
   |
11 | use cas_engine::solver::solve;
   |     ^^^^^^^^^^^^^^^^^^^^^^^^^

warning: function `assert_equivalent` is never used
  --> crates/cas_cli/tests/equivalence_tests.rs:94:4
   |
94 | fn assert_equivalent(s: &mut Simplifie...
   |    ^^^^^^^^^^^^^^^^^
   |
   = note: `#[warn(dead_code)]` (part of `#[warn(unused)]`) on by default

warning: unused imports: `BoundType`, `Context`, `Equation`, `RelOp`, and `SolutionSet`
 --> crates/cas_cli/tests/integration_tests.rs:4:15
  |
4 | ...::{Equation, RelOp, SolutionSet, BoundType, Expr, Context, E...
  |       ^^^^^^^^  ^^^^^  ^^^^^^^^^^^  ^^^^^^^^^        ^^^^^^^
  |
  = note: `#[warn(unused_imports)]` (part of `#[warn(unused)]`) on by default

warning: unused imports: `Context`, `ExprId`, and `Expr`
  --> crates/cas_cli/tests/robust_inequality_tests.rs:11:56
   |
11 | ...dType, Expr, Context, ExprId, Displ...
   |           ^^^^  ^^^^^^^  ^^^^^^
   |
   = note: `#[warn(unused_imports)]` (part of `#[warn(unused)]`) on by default

warning: unused import: `num_traits::Zero`
  --> crates/cas_cli/tests/robust_inequality_tests.rs:13:5
   |
13 | use num_traits::Zero;
   |     ^^^^^^^^^^^^^^^^

warning: unused imports: `BoundType` and `Context`
  --> crates/cas_cli/tests/complex_integration_tests.rs:11:45
   |
11 | ...Set, BoundType, Expr, Context, Expr...
   |         ^^^^^^^^^        ^^^^^^^
   |
   = note: `#[warn(unused_imports)]` (part of `#[warn(unused)]`) on by default

warning: unused variable: `res2`
   --> crates/cas_cli/tests/complex_integration_tests.rs:175:10
    |
175 |     let (res2, _) = simplifier.simpli...
    |          ^^^^ help: if this is intentional, prefix it with an underscore: `_res2`
    |
    = note: `#[warn(unused_variables)]` (part of `#[warn(unused)]`) on by default

warning: `cas_cli` (test "repro_tangent_reduced") generated 1 warning (run `cargo fix --test "repro_tangent_reduced"` to apply 1 suggestion)
warning: `cas_cli` (test "advanced_simplification") generated 1 warning (run `cargo fix --test "advanced_simplification"` to apply 1 suggestion)
warning: `cas_cli` (test "repro_tangent_sum") generated 1 warning (run `cargo fix --test "repro_tangent_sum"` to apply 1 suggestion)
warning: `cas_cli` (test "torture_tests") generated 2 warnings (run `cargo fix --test "torture_tests"` to apply 2 suggestions)
warning: `cas_cli` (test "stress_tests") generated 1 warning (run `cargo fix --test "stress_tests"` to apply 1 suggestion)
warning: `cas_cli` (test "inequality_tests") generated 2 warnings (run `cargo fix --test "inequality_tests"` to apply 2 suggestions)
warning: `cas_cli` (test "equivalence_tests") generated 3 warnings (run `cargo fix --test "equivalence_tests"` to apply 2 suggestions)
warning: `cas_cli` (test "integration_tests") generated 1 warning (run `cargo fix --test "integration_tests"` to apply 1 suggestion)
warning: `cas_cli` (test "robust_inequality_tests") generated 2 warnings (run `cargo fix --test "robust_inequality_tests"` to apply 2 suggestions)
warning: `cas_cli` (test "complex_integration_tests") generated 2 warnings (run `cargo fix --test "complex_integration_tests"` to apply 1 suggestion)
warning: unused variable: `s`
  --> crates/cas_engine/tests/property_tests.rs:11:13
   |
11 |         let s = cas_format::Format::to...
   |             ^ help: if this is intentional, prefix it with an underscore: `_s`
   |
   = note: `#[warn(unused_variables)]` (part of `#[warn(unused)]`) on by default

warning: variable does not need to be mutable
  --> crates/cas_engine/tests/property_tests.rs:26:14
   |
26 | ...t (mut ctx, expr) = strategies::to_...
   |       ----^^^
   |       |
   |       help: remove this `mut`
   |
   = note: `#[warn(unused_mut)]` (part of `#[warn(unused)]`) on by default

warning: variable does not need to be mutable
  --> crates/cas_engine/tests/property_tests.rs:50:14
   |
50 | ...t (mut ctx, expr) = strategies::to_...
   |       ----^^^
   |       |
   |       help: remove this `mut`

warning: variable does not need to be mutable
  --> crates/cas_engine/tests/property_tests.rs:68:14
   |
68 | ...t (mut ctx, expr) = strategies::to_...
   |       ----^^^
   |       |
   |       help: remove this `mut`

warning: variable does not need to be mutable
  --> crates/cas_engine/tests/property_tests.rs:82:14
   |
82 | ...t (mut ctx, expr) = strategies::to_...
   |       ----^^^
   |       |
   |       help: remove this `mut`

warning: variable does not need to be mutable
   --> crates/cas_engine/tests/property_tests.rs:114:14
    |
114 | ...t (mut ctx, expr) = strategies::to...
    |       ----^^^
    |       |
    |       help: remove this `mut`

warning: variable does not need to be mutable
   --> crates/cas_engine/tests/property_tests.rs:148:14
    |
148 | ...t (mut ctx, expr) = strategies::to...
    |       ----^^^
    |       |
    |       help: remove this `mut`

warning: unused import: `Context`
 --> crates/cas_engine/tests/auto_factor_test.rs:3:28
  |
3 | use cas_ast::{DisplayExpr, Context};
  |                            ^^^^^^^
  |
  = note: `#[warn(unused_imports)]` (part of `#[warn(unused)]`) on by default

warning: `cas_engine` (test "property_tests") generated 7 warnings (run `cargo fix --test "property_tests"` to apply 6 suggestions)
warning: `cas_engine` (lib test) generated 2 warnings (2 duplicates)
warning: `cas_engine` (test "auto_factor_test") generated 1 warning (run `cargo fix --test "auto_factor_test"` to apply 1 suggestion)
    Finished `test` profile [unoptimized + debuginfo] target(s) in 0.04s
     Running unittests src/lib.rs (target/debug/deps/cas_ast-28a885497a7183cd)

running 0 tests

test result: ok. 0 passed; 0 failed; 0 ignored; 0 measured; 0 filtered out; finished in 0.00s

     Running unittests src/main.rs (target/debug/deps/cas_cli-e4e8c58c07087549)

running 0 tests

test result: ok. 0 passed; 0 failed; 0 ignored; 0 measured; 0 filtered out; finished in 0.00s

     Running tests/advanced_simplification.rs (target/debug/deps/advanced_simplification-e6114c6b3c22b71b)

running 3 tests
Parsed Log Mirror expr: Sub(ExprId(6), ExprId(9))
Parsed Ramanujan expr: sqrt(3 + 2 * sqrt(2)) - (1 + sqrt(2))
CancelCommonFactorsRule visiting: Constant(E)
CancelCommonFactorsRule visiting: Number(Ratio { numer: -1, denom: 1 })
CancelCommonFactorsRule visiting: Number(Ratio { numer: 1, denom: 1 })
CancelCommonFactorsRule visiting: Number(Ratio { numer: 3, denom: 1 })
CancelCommonFactorsRule visiting: Number(Ratio { numer: 3, denom: 1 })
CancelCommonFactorsRule visiting: Pow(ExprId(7), ExprId(8))
CancelCommonFactorsRule visiting: Variable("x")
CancelCommonFactorsRule visiting: Number(Ratio { numer: 2, denom: 1 })
CancelCommonFactorsRule visiting: Neg(ExprId(7))
CancelCommonFactorsRule visiting: Mul(ExprId(0), ExprId(1))
CancelCommonFactorsRule visiting: Number(Ratio { numer: 2, denom: 1 })
CancelCommonFactorsRule visiting: Variable("x")
CancelCommonFactorsRule visiting: Function("sin", [ExprId(2)])
CancelCommonFactorsRule visiting: Number(Ratio { numer: 1, denom: 1 })
CancelCommonFactorsRule visiting: Number(Ratio { numer: 2, denom: 1 })
CancelCommonFactorsRule visiting: Number(Ratio { numer: 1, denom: 2 })
CancelCommonFactorsRule visiting: Mul(ExprId(24), ExprId(1))
CancelCommonFactorsRule visiting: Constant(E)
CancelCommonFactorsRule visiting: Pow(ExprId(2), ExprId(19))
RootDenesting checking inner: Number(Ratio { numer: 2, denom: 1 })
CancelCommonFactorsRule visiting: Function("sin", [ExprId(25)])
CancelCommonFactorsRule visiting: Variable("x")
CancelCommonFactorsRule visiting: Mul(ExprId(1), ExprId(20))
CancelCommonFactorsRule visiting: Function("log", [ExprId(2), ExprId(3)])
CancelCommonFactorsRule visiting: Number(Ratio { numer: 1, denom: 1 })
CancelCommonFactorsRule visiting: Number(Ratio { numer: 2, denom: 1 })
CancelCommonFactorsRule visiting: Div(ExprId(1), ExprId(4))
CancelCommonFactorsRule visiting: Function("sin", [ExprId(1)])
CancelCommonFactorsRule visiting: Pow(ExprId(0), ExprId(5))
check_log_denom: name=log, args=[ExprId(2), ExprId(3)]
check_log_denom found log(ExprId(2), ExprId(3))
CancelCommonFactorsRule visiting: Function("cos", [ExprId(1)])
LogInversePowerRule: Rewriting x^(c/log(b, x)) -> b^c. b=ExprId(2), c=ExprId(1)
CancelCommonFactorsRule visiting: Mul(ExprId(36), ExprId(35))
CancelCommonFactorsRule visiting: Mul(ExprId(34), ExprId(39))
CancelCommonFactorsRule visiting: Number(Ratio { numer: 3, denom: 2 })
CancelCommonFactorsRule visiting: Pow(ExprId(2), ExprId(1))
CancelCommonFactorsRule visiting: Function("cos", [ExprId(1)])
CancelCommonFactorsRule visiting: Neg(ExprId(7))
CancelCommonFactorsRule visiting: Pow(ExprId(2), ExprId(27))
CancelCommonFactorsRule visiting: Mul(ExprId(29), ExprId(35))
CancelCommonFactorsRule visiting: Add(ExprId(2), ExprId(14))
CancelCommonFactorsRule visiting: Mul(ExprId(36), ExprId(44))
CancelCommonFactorsRule visiting: Number(Ratio { numer: 0, denom: 1 })
CancelCommonFactorsRule visiting: Number(Ratio { numer: 2, denom: 1 })
CancelCommonFactorsRule visiting: Add(ExprId(0), ExprId(28))
Log Mirror Result: 0
CancelCommonFactorsRule visiting: Pow(ExprId(36), ExprId(49))
CancelCommonFactorsRule visiting: Number(Ratio { numer: 1, denom: 1 })
CancelCommonFactorsRule visiting: Pow(ExprId(2), ExprId(27))
test engine_tests::test_logarithmic_mirror_engine ... CancelCommonFactorsRule visiting: Function("sin", [ExprId(1)])
CancelCommonFactorsRule visiting: Add(ExprId(0), ExprId(28))
ok
CancelCommonFactorsRule visiting: Number(Ratio { numer: 2, denom: 1 })
CancelCommonFactorsRule visiting: Number(Ratio { numer: 1, denom: 2 })
CancelCommonFactorsRule visiting: Pow(ExprId(53), ExprId(54))
CancelCommonFactorsRule visiting: Pow(ExprId(29), ExprId(34))
RootDenesting checking inner: Add(ExprId(0), ExprId(28))
Checking Pow: base=ExprId(2), exp=3/2
CancelCommonFactorsRule visiting: Neg(ExprId(55))
CancelCommonFactorsRule visiting: Add(ExprId(52), ExprId(57))
CancelCommonFactorsRule visiting: Mul(ExprId(35), ExprId(58))
CancelCommonFactorsRule visiting: Number(Ratio { numer: 1, denom: 1 })
CancelCommonFactorsRule visiting: Mul(ExprId(35), ExprId(55))
CancelCommonFactorsRule visiting: Number(Ratio { numer: 4, denom: 1 })
CancelCommonFactorsRule visiting: Number(Ratio { numer: 1, denom: 1 })
CancelCommonFactorsRule visiting: Number(Ratio { numer: 2, denom: 1 })
CancelCommonFactorsRule visiting: Number(Ratio { numer: 1, denom: 2 })
CancelCommonFactorsRule visiting: Number(Ratio { numer: 3, denom: 1 })
CancelCommonFactorsRule visiting: Pow(ExprId(53), ExprId(76))
CancelCommonFactorsRule visiting: Number(Ratio { numer: 2, denom: 1 })
CancelCommonFactorsRule visiting: Neg(ExprId(77))
CancelCommonFactorsRule visiting: Add(ExprId(35), ExprId(78))
CancelCommonFactorsRule visiting: Number(Ratio { numer: 1, denom: 2 })
CancelCommonFactorsRule visiting: Mul(ExprId(34), ExprId(79))
CancelCommonFactorsRule visiting: Pow(ExprId(53), ExprId(55))
RootDenesting checking inner: Number(Ratio { numer: 2, denom: 1 })
CancelCommonFactorsRule visiting: Mul(ExprId(34), ExprId(35))
CancelCommonFactorsRule visiting: Pow(ExprId(53), ExprId(76))
CancelCommonFactorsRule visiting: Neg(ExprId(77))
CancelCommonFactorsRule visiting: Number(Ratio { numer: -1, denom: 1 })
CancelCommonFactorsRule visiting: Mul(ExprId(34), ExprId(77))
CancelCommonFactorsRule visiting: Number(Ratio { numer: -2, denom: 1 })
CancelCommonFactorsRule visiting: Number(Ratio { numer: 2, denom: 1 })
CancelCommonFactorsRule visiting: Mul(ExprId(91), ExprId(77))
CancelCommonFactorsRule visiting: Add(ExprId(92), ExprId(84))
CancelCommonFactorsRule visiting: Number(Ratio { numer: 1, denom: 2 })
CancelCommonFactorsRule visiting: Function("cos", [ExprId(25)])
CancelCommonFactorsRule visiting: Number(Ratio { numer: 1, denom: 1 })
CancelCommonFactorsRule visiting: Function("cos", [ExprId(1)])
CancelCommonFactorsRule visiting: Number(Ratio { numer: 1, denom: 2 })
CancelCommonFactorsRule visiting: Number(Ratio { numer: 2, denom: 1 })
CancelCommonFactorsRule visiting: Pow(ExprId(66), ExprId(68))
RootDenesting checking inner: Number(Ratio { numer: 1, denom: 1 })
CancelCommonFactorsRule visiting: Pow(ExprId(103), ExprId(102))
CancelCommonFactorsRule visiting: Number(Ratio { numer: 1, denom: 1 })
CancelCommonFactorsRule visiting: Number(Ratio { numer: 1, denom: 1 })
CancelCommonFactorsRule visiting: Add(ExprId(70), ExprId(56))
CancelCommonFactorsRule visiting: Function("sin", [ExprId(1)])
CancelCommonFactorsRule visiting: Number(Ratio { numer: 2, denom: 1 })
CancelCommonFactorsRule visiting: Number(Ratio { numer: 2, denom: 1 })
CancelCommonFactorsRule visiting: Number(Ratio { numer: 1, denom: 2 })
CancelCommonFactorsRule visiting: Pow(ExprId(8), ExprId(76))
RootDenesting checking inner: Number(Ratio { numer: 2, denom: 1 })
CancelCommonFactorsRule visiting: Pow(ExprId(109), ExprId(110))
CancelCommonFactorsRule visiting: Neg(ExprId(77))
CancelCommonFactorsRule visiting: Neg(ExprId(111))
CancelCommonFactorsRule visiting: Neg(ExprId(77))
CancelCommonFactorsRule visiting: Add(ExprId(108), ExprId(113))
CancelCommonFactorsRule visiting: Add(ExprId(78), ExprId(56))
CancelCommonFactorsRule visiting: Number(Ratio { numer: 0, denom: 1 })
CancelCommonFactorsRule visiting: Function("sin", [ExprId(1)])
CancelCommonFactorsRule visiting: Pow(ExprId(105), ExprId(102))
CancelCommonFactorsRule visiting: Number(Ratio { numer: 0, denom: 1 })
CancelCommonFactorsRule visiting: Neg(ExprId(106))
Ramanujan Result: 0
CancelCommonFactorsRule visiting: Add(ExprId(113), ExprId(120))
CancelCommonFactorsRule visiting: Number(Ratio { numer: -2, denom: 1 })
test engine_tests::test_ramanujan_shadow_engine ... ok
CancelCommonFactorsRule visiting: Mul(ExprId(124), ExprId(111))
CancelCommonFactorsRule visiting: Add(ExprId(108), ExprId(125))
CancelCommonFactorsRule visiting: Function("sin", [ExprId(1)])
CancelCommonFactorsRule visiting: Add(ExprId(108), ExprId(125))
CancelCommonFactorsRule visiting: Mul(ExprId(28), ExprId(127))
CancelCommonFactorsRule visiting: Mul(ExprId(28), ExprId(111))
CancelCommonFactorsRule visiting: Number(Ratio { numer: 1, denom: 1 })
CancelCommonFactorsRule visiting: Number(Ratio { numer: 3, denom: 1 })
CancelCommonFactorsRule visiting: Pow(ExprId(109), ExprId(151))
CancelCommonFactorsRule visiting: Mul(ExprId(124), ExprId(152))
CancelCommonFactorsRule visiting: Add(ExprId(28), ExprId(153))
CancelCommonFactorsRule visiting: Pow(ExprId(109), ExprId(151))
CancelCommonFactorsRule visiting: Mul(ExprId(124), ExprId(152))
CancelCommonFactorsRule visiting: Add(ExprId(153), ExprId(84))
CancelCommonFactorsRule visiting: Add(ExprId(92), ExprId(161))
CancelCommonFactorsRule visiting: Number(Ratio { numer: -4, denom: 1 })
CancelCommonFactorsRule visiting: Mul(ExprId(175), ExprId(77))
CancelCommonFactorsRule visiting: Number(Ratio { numer: 2, denom: 1 })
CancelCommonFactorsRule visiting: Mul(ExprId(173), ExprId(35))
CancelCommonFactorsRule visiting: Add(ExprId(176), ExprId(174))
CancelCommonFactorsRule visiting: Add(ExprId(28), ExprId(177))
CancelCommonFactorsRule visiting: Number(Ratio { numer: -4, denom: 1 })
CancelCommonFactorsRule visiting: Mul(ExprId(190), ExprId(77))
CancelCommonFactorsRule visiting: Number(Ratio { numer: 3, denom: 1 })
CancelCommonFactorsRule visiting: Mul(ExprId(188), ExprId(28))
CancelCommonFactorsRule visiting: Add(ExprId(191), ExprId(189))
CancelCommonFactorsRule visiting: Number(Ratio { numer: -3, denom: 1 })
CancelCommonFactorsRule visiting: Variable("x")
CancelCommonFactorsRule visiting: Function("sin", [ExprId(5)])
CancelCommonFactorsRule visiting: Mul(ExprId(17), ExprId(6))
CancelCommonFactorsRule visiting: Number(Ratio { numer: 4, denom: 1 })
CancelCommonFactorsRule visiting: Variable("x")
CancelCommonFactorsRule visiting: Function("sin", [ExprId(9)])
CancelCommonFactorsRule visiting: Number(Ratio { numer: 3, denom: 1 })
CancelCommonFactorsRule visiting: Pow(ExprId(10), ExprId(11))
CancelCommonFactorsRule visiting: Mul(ExprId(19), ExprId(12))
CancelCommonFactorsRule visiting: Add(ExprId(18), ExprId(20))
CancelCommonFactorsRule visiting: Add(ExprId(189), ExprId(20))
CancelCommonFactorsRule visiting: Add(ExprId(18), ExprId(210))
CancelCommonFactorsRule visiting: Number(Ratio { numer: 4, denom: 1 })
CancelCommonFactorsRule visiting: Mul(ExprId(220), ExprId(12))
CancelCommonFactorsRule visiting: Add(ExprId(191), ExprId(221))
CancelCommonFactorsRule visiting: Number(Ratio { numer: 0, denom: 1 })
Triple Angle Result: 0
test engine_tests::test_triple_angle_engine ... ok

test result: ok. 3 passed; 0 failed; 0 ignored; 0 measured; 0 filtered out; finished in 0.00s

     Running tests/complex_integration_tests.rs (target/debug/deps/complex_integration_tests-ce02cd964d407e60)

running 3 tests
test test_nested_logs_exponents ... ok
test test_trig_algebra_solver ... ok
test test_complex_solver_distribution ... ok

test result: ok. 3 passed; 0 failed; 0 ignored; 0 measured; 0 filtered out; finished in 0.00s

     Running tests/equivalence_tests.rs (target/debug/deps/equivalence_tests-3943fc9643b78180)

running 13 tests
shares_factor: num=[ExprId(33)] den=[ExprId(37)]
  num factor: Pow(ExprId(29), ExprId(8)) args: []
  den factor: Add(ExprId(14), ExprId(13)) args: []
test test_log_exp_equivalence ... ok
test test_zero_property_equivalence ... ok
test test_trig_associativity ... ok
test test_commutativity_equivalence ... ok
test test_not_equivalent ... ok
test test_polynomial_equivalence ... ok
test test_exponent_equivalence ... ok
shares_factor: num=[ExprId(24)] den=[ExprId(37)]
  num factor: Pow(ExprId(20), ExprId(3)) args: []
  den factor: Add(ExprId(14), ExprId(13)) args: []
test test_deep_associativity ... ok
test test_numeric_verification ... ok
test test_trig_identity_equivalence ... ok
test test_associativity_equivalence ... ok
test test_mixed_distributive_associativity ... ok
test test_complex_equivalence ... ok

test result: ok. 13 passed; 0 failed; 0 ignored; 0 measured; 0 filtered out; finished in 0.00s

     Running tests/inequality_tests.rs (target/debug/deps/inequality_tests-a2a7d57cefa6a448)

running 3 tests
test test_inequality_simple ... ok
test test_abs_inequality_complex ... ok
test test_inequality_flip_negative_coeff ... ok

test result: ok. 3 passed; 0 failed; 0 ignored; 0 measured; 0 filtered out; finished in 0.00s

     Running tests/integration_tests.rs (target/debug/deps/integration_tests-ba3d0ef9802488da)

running 10 tests
test test_integration_command ... ok
test test_end_to_end_simplification ... ok
test test_nested_simplification ... ok
test test_exponent_simplification ... ok
test test_root_simplification ... ok
test test_polynomial_simplification ... ok
test test_fraction_simplification ... ok
test test_logarithm_simplification ... ok
Factor(x^2 - 9) -> (-3 + x) * (3 + x)
test test_enhanced_integration ... ok
test test_polynomial_factorization_integration ... ok

test result: ok. 10 passed; 0 failed; 0 ignored; 0 measured; 0 filtered out; finished in 0.00s

     Running tests/number_theory_tests.rs (target/debug/deps/number_theory_tests-bb01333681828121)

running 8 tests
test test_gcd ... ok
test test_lcm ... ok
test test_prime_factors ... ok
test test_prime_factors_large ... ok
test test_mod ... ok
test test_infix_mod ... ok
test test_factorial ... ok
test test_combinatorics ... ok

test result: ok. 8 passed; 0 failed; 0 ignored; 0 measured; 0 filtered out; finished in 0.00s

     Running tests/repro_tangent_reduced.rs (target/debug/deps/repro_tangent_reduced-3a884b62ce2f123b)

running 1 test
Parsed AST: Div(ExprId(3), ExprId(8))
CancelCommonFactorsRule visiting: Variable("x")
CancelCommonFactorsRule visiting: Variable("y")
CancelCommonFactorsRule visiting: Add(ExprId(0), ExprId(1))
CancelCommonFactorsRule visiting: Function("sin", [ExprId(0)])
CancelCommonFactorsRule visiting: Function("cos", [ExprId(1)])
CancelCommonFactorsRule visiting: Mul(ExprId(14), ExprId(13))
CancelCommonFactorsRule visiting: Function("cos", [ExprId(0)])
CancelCommonFactorsRule visiting: Function("sin", [ExprId(1)])
CancelCommonFactorsRule visiting: Mul(ExprId(16), ExprId(17))
CancelCommonFactorsRule visiting: Add(ExprId(18), ExprId(20))
CancelCommonFactorsRule visiting: Variable("x")
CancelCommonFactorsRule visiting: Function("cos", [ExprId(4)])
CancelCommonFactorsRule visiting: Variable("y")
CancelCommonFactorsRule visiting: Function("cos", [ExprId(6)])
CancelCommonFactorsRule visiting: Mul(ExprId(5), ExprId(7))
shares_factor: num=[ExprId(17), ExprId(16)] den=[ExprId(7), ExprId(5)]
  num factor: Function("sin", [ExprId(1)]) args: [Variable("y")]
  num factor: Function("cos", [ExprId(0)]) args: [Variable("x")]
  den factor: Function("cos", [ExprId(6)]) args: [Variable("y")]
  den factor: Function("cos", [ExprId(4)]) args: [Variable("x")]
CancelCommonFactorsRule visiting: Div(ExprId(18), ExprId(8))
CancelCommonFactorsRule visiting: Div(ExprId(17), ExprId(7))
CancelCommonFactorsRule visiting: Div(ExprId(20), ExprId(8))
CancelCommonFactorsRule visiting: Div(ExprId(13), ExprId(5))
CancelCommonFactorsRule visiting: Add(ExprId(34), ExprId(33))
Result: sin(x) / cos(x) + sin(y) / cos(y)
test test_tangent_sum_reduced ... ok

test result: ok. 1 passed; 0 failed; 0 ignored; 0 measured; 0 filtered out; finished in 0.00s

     Running tests/repro_tangent_sum.rs (target/debug/deps/repro_tangent_sum-e9515b5888c62396)

running 1 test
CancelCommonFactorsRule visiting: Variable("x")
CancelCommonFactorsRule visiting: Function("sin", [ExprId(10)])
CancelCommonFactorsRule visiting: Function("cos", [ExprId(10)])
CancelCommonFactorsRule visiting: Div(ExprId(22), ExprId(23))
CancelCommonFactorsRule visiting: Neg(ExprId(24))
CancelCommonFactorsRule visiting: Variable("y")
CancelCommonFactorsRule visiting: Function("sin", [ExprId(12)])
CancelCommonFactorsRule visiting: Function("cos", [ExprId(12)])
CancelCommonFactorsRule visiting: Div(ExprId(26), ExprId(27))
CancelCommonFactorsRule visiting: Neg(ExprId(28))
CancelCommonFactorsRule visiting: Variable("x")
CancelCommonFactorsRule visiting: Variable("y")
CancelCommonFactorsRule visiting: Add(ExprId(0), ExprId(1))
CancelCommonFactorsRule visiting: Function("sin", [ExprId(0)])
CancelCommonFactorsRule visiting: Function("cos", [ExprId(1)])
CancelCommonFactorsRule visiting: Mul(ExprId(32), ExprId(31))
CancelCommonFactorsRule visiting: Function("cos", [ExprId(0)])
CancelCommonFactorsRule visiting: Function("sin", [ExprId(1)])
CancelCommonFactorsRule visiting: Mul(ExprId(34), ExprId(35))
CancelCommonFactorsRule visiting: Add(ExprId(36), ExprId(38))
CancelCommonFactorsRule visiting: Variable("x")
CancelCommonFactorsRule visiting: Function("cos", [ExprId(4)])
CancelCommonFactorsRule visiting: Variable("y")
CancelCommonFactorsRule visiting: Function("cos", [ExprId(6)])
CancelCommonFactorsRule visiting: Mul(ExprId(5), ExprId(7))
shares_factor: num=[ExprId(35), ExprId(34)] den=[ExprId(7), ExprId(5)]
  num factor: Function("sin", [ExprId(1)]) args: [Variable("y")]
  num factor: Function("cos", [ExprId(0)]) args: [Variable("x")]
  den factor: Function("cos", [ExprId(6)]) args: [Variable("y")]
  den factor: Function("cos", [ExprId(4)]) args: [Variable("x")]
CancelCommonFactorsRule visiting: Div(ExprId(36), ExprId(8))
CancelCommonFactorsRule visiting: Div(ExprId(35), ExprId(7))
CancelCommonFactorsRule visiting: Div(ExprId(38), ExprId(8))
CancelCommonFactorsRule visiting: Div(ExprId(31), ExprId(5))
CancelCommonFactorsRule visiting: Add(ExprId(50), ExprId(49))
CancelCommonFactorsRule visiting: Number(Ratio { numer: 0, denom: 1 })
test test_tangent_sum ... ok

test result: ok. 1 passed; 0 failed; 0 ignored; 0 measured; 0 filtered out; finished in 0.00s

     Running tests/robust_inequality_tests.rs (target/debug/deps/robust_inequality_tests-a9517e34499f0a0c)

running 7 tests
test test_always_true_abs ... ok
test test_impossible_abs ... ok
test test_quadratic_inequality ... ok
test test_rational_inequality ... ok
test test_nested_abs_simple ... ok
test test_mixed_abs_linear ... ok
test test_quadratic_inequality_gt ... ok

test result: ok. 7 passed; 0 failed; 0 ignored; 0 measured; 0 filtered out; finished in 0.00s

     Running tests/stress_tests.rs (target/debug/deps/stress_tests-82e98166be6b0d0c)

running 5 tests
shares_factor: num=[ExprId(14)] den=[ExprId(24)]
  num factor: Number(Ratio { numer: -1, denom: 1 }) args: []
  den factor: Add(ExprId(22), ExprId(5)) args: []
shares_factor: num=[ExprId(2)] den=[ExprId(24)]
  num factor: Pow(ExprId(0), ExprId(1)) args: []
  den factor: Add(ExprId(22), ExprId(5)) args: []
test test_mixed_transcendental ... ok
shares_factor: num=[ExprId(31)] den=[ExprId(35)]
  num factor: Pow(ExprId(27), ExprId(8)) args: []
  den factor: Add(ExprId(14), ExprId(13)) args: []
shares_factor: num=[ExprId(22)] den=[ExprId(35)]
  num factor: Pow(ExprId(18), ExprId(3)) args: []
  den factor: Add(ExprId(14), ExprId(13)) args: []
test test_quadratic_solver ... ok
test test_rational_simplification ... ok
test test_exponential_solver ... ok
test test_deeply_nested_simplification ... ok

test result: ok. 5 passed; 0 failed; 0 ignored; 0 measured; 0 filtered out; finished in 0.00s

     Running tests/torture_tests.rs (target/debug/deps/torture_tests-f39921c432693e1a)

running 30 tests
CancelCommonFactorsRule visiting: Constant(E)
CancelCommonFactorsRule visiting: Variable("x")
CancelCommonFactorsRule visiting: Constant(E)
CancelCommonFactorsRule visiting: Number(Ratio { numer: 3, denom: 1 })
CancelCommonFactorsRule visiting: Number(Ratio { numer: -3, denom: 1 })
CancelCommonFactorsRule visiting: Number(Ratio { numer: -2, denom: 1 })
CancelCommonFactorsRule visiting: Variable("x")
CancelCommonFactorsRule visiting: Variable("x")
CancelCommonFactorsRule visiting: Number(Ratio { numer: 1, denom: 1 })
CancelCommonFactorsRule visiting: Number(Ratio { numer: 2, denom: 1 })
CancelCommonFactorsRule visiting: Number(Ratio { numer: 1, denom: 1 })
CancelCommonFactorsRule visiting: Pow(ExprId(0), ExprId(1))
CancelCommonFactorsRule visiting: Variable("x")
CancelCommonFactorsRule visiting: Number(Ratio { numer: 2, denom: 1 })
CancelCommonFactorsRule visiting: Function("log", [ExprId(1), ExprId(2)])
CancelCommonFactorsRule visiting: Variable("x")
CancelCommonFactorsRule visiting: Constant(E)
CancelCommonFactorsRule visiting: Variable("x")
CancelCommonFactorsRule visiting: Variable("y")
CancelCommonFactorsRule visiting: Constant(E)
CancelCommonFactorsRule visiting: Function("log", [ExprId(4), ExprId(5)])
CancelCommonFactorsRule visiting: Variable("x")
CancelCommonFactorsRule visiting: Number(Ratio { numer: 2, denom: 1 })
CancelCommonFactorsRule visiting: Number(Ratio { numer: 2, denom: 1 })
CancelCommonFactorsRule visiting: Constant(E)
CancelCommonFactorsRule visiting: Constant(E)
CancelCommonFactorsRule visiting: Constant(E)
CancelCommonFactorsRule visiting: Number(Ratio { numer: -1, denom: 1 })
CancelCommonFactorsRule visiting: Number(Ratio { numer: 3, denom: 1 })
CancelCommonFactorsRule visiting: Variable("x")
CancelCommonFactorsRule visiting: Add(ExprId(13), ExprId(0))
CancelCommonFactorsRule visiting: Number(Ratio { numer: 2, denom: 1 })
CancelCommonFactorsRule visiting: Number(Ratio { numer: 1, denom: 1 })
CancelCommonFactorsRule visiting: Pow(ExprId(6), ExprId(7))
CancelCommonFactorsRule visiting: Number(Ratio { numer: 2, denom: 1 })
CancelCommonFactorsRule visiting: Variable("x")
CancelCommonFactorsRule visiting: Add(ExprId(3), ExprId(6))
CancelCommonFactorsRule visiting: Variable("x")
CancelCommonFactorsRule visiting: Variable("x")
CancelCommonFactorsRule visiting: Number(Ratio { numer: 1, denom: 1 })
CancelCommonFactorsRule visiting: Constant(E)
CancelCommonFactorsRule visiting: Variable("x")
CancelCommonFactorsRule visiting: Variable("u")
CancelCommonFactorsRule visiting: Number(Ratio { numer: 2, denom: 1 })
CancelCommonFactorsRule visiting: Pow(ExprId(1), ExprId(2))
CancelCommonFactorsRule visiting: Variable("x")
CancelCommonFactorsRule visiting: Variable("x")
CancelCommonFactorsRule visiting: Number(Ratio { numer: 1, denom: 1 })
CancelCommonFactorsRule visiting: Number(Ratio { numer: 2, denom: 1 })
CancelCommonFactorsRule visiting: Add(ExprId(1), ExprId(0))
CancelCommonFactorsRule visiting: Add(ExprId(4), ExprId(3))
CancelCommonFactorsRule visiting: Pow(ExprId(4), ExprId(5))
shares_factor: num=[ExprId(13)] den=[ExprId(25)]
  num factor: Number(Ratio { numer: -1, denom: 1 }) args: []
  den factor: Add(ExprId(4), ExprId(3)) args: []
shares_factor: num=[ExprId(0)] den=[ExprId(25)]
  num factor: Variable("x") args: []
CancelCommonFactorsRule visiting: Number(Ratio { numer: -1, denom: 1 })
CancelCommonFactorsRule visiting: Number(Ratio { numer: 2, denom: 1 })
CancelCommonFactorsRule visiting: Pow(ExprId(2), ExprId(3))
CancelCommonFactorsRule visiting: Number(Ratio { numer: 2, denom: 1 })
CancelCommonFactorsRule visiting: Variable("x")
CancelCommonFactorsRule visiting: Number(Ratio { numer: 1, denom: 1 })
CancelCommonFactorsRule visiting: Variable("x")
CancelCommonFactorsRule visiting: Number(Ratio { numer: 5, denom: 1 })
CancelCommonFactorsRule visiting: Number(Ratio { numer: 8, denom: 1 })
CancelCommonFactorsRule visiting: Pow(ExprId(1), ExprId(2))
CancelCommonFactorsRule visiting: Number(Ratio { numer: 5, denom: 1 })
CancelCommonFactorsRule visiting: Neg(ExprId(6))
CancelCommonFactorsRule visiting: Div(ExprId(1), ExprId(2))
CancelCommonFactorsRule visiting: Number(Ratio { numer: 1, denom: 1 })
  den factor: Add(ExprId(4), ExprId(3)) args: []
CancelCommonFactorsRule visiting: Number(Ratio { numer: 1, denom: 1 })
CancelCommonFactorsRule visiting: Variable("x")
CancelCommonFactorsRule visiting: Number(Ratio { numer: 1, denom: 1 })
CancelCommonFactorsRule visiting: Number(Ratio { numer: 1, denom: 1 })
CancelCommonFactorsRule visiting: Neg(ExprId(8))
CancelCommonFactorsRule visiting: Add(ExprId(5), ExprId(4))
CancelCommonFactorsRule visiting: Number(Ratio { numer: 2, denom: 1 })
CancelCommonFactorsRule visiting: Pow(ExprId(1), ExprId(14))
CancelCommonFactorsRule visiting: Variable("x")
CancelCommonFactorsRule visiting: Number(Ratio { numer: 2, denom: 1 })
CancelCommonFactorsRule visiting: Number(Ratio { numer: 1, denom: 1 })
CancelCommonFactorsRule visiting: Number(Ratio { numer: 2, denom: 1 })
CancelCommonFactorsRule visiting: Variable("x")
CancelCommonFactorsRule visiting: Number(Ratio { numer: -1, denom: 1 })
CancelCommonFactorsRule visiting: Function("abs", [ExprId(0)])
CancelCommonFactorsRule visiting: Number(Ratio { numer: 1, denom: 1 })
CancelCommonFactorsRule visiting: Number(Ratio { numer: 2, denom: 1 })
CancelCommonFactorsRule visiting: Number(Ratio { numer: 5, denom: 1 })
CancelCommonFactorsRule visiting: Number(Ratio { numer: -1, denom: 1 })
CancelCommonFactorsRule visiting: Pow(ExprId(0), ExprId(2))
CancelCommonFactorsRule visiting: Number(Ratio { numer: 4, denom: 1 })
CancelCommonFactorsRule visiting: Mul(ExprId(2), ExprId(5))
CancelCommonFactorsRule visiting: Mul(ExprId(13), ExprId(1))
CancelCommonFactorsRule visiting: Div(ExprId(15), ExprId(25))
CancelCommonFactorsRule visiting: Variable("x")
CancelCommonFactorsRule visiting: Add(ExprId(15), ExprId(14))
CancelCommonFactorsRule visiting: Number(Ratio { numer: 2, denom: 1 })
CancelCommonFactorsRule visiting: Number(Ratio { numer: 0, denom: 1 })
CancelCommonFactorsRule visiting: Add(ExprId(17), ExprId(2))
CancelCommonFactorsRule visiting: Variable("x")
CancelCommonFactorsRule visiting: Number(Ratio { numer: 3, denom: 1 })
CancelCommonFactorsRule visiting: Variable("x")
CancelCommonFactorsRule visiting: Pow(ExprId(0), ExprId(1))
CancelCommonFactorsRule visiting: Number(Ratio { numer: 1, denom: 1 })
CancelCommonFactorsRule visiting: Number(Ratio { numer: 0, denom: 1 })
CancelCommonFactorsRule visiting: Number(Ratio { numer: -1, denom: 1 })
CancelCommonFactorsRule visiting: Variable("x")
CancelCommonFactorsRule visiting: Number(Ratio { numer: 0, denom: 1 })
CancelCommonFactorsRule visiting: Add(ExprId(39), ExprId(5))
CancelCommonFactorsRule visiting: Add(ExprId(20), ExprId(19))
CancelCommonFactorsRule visiting: Pow(ExprId(9), ExprId(10))
CancelCommonFactorsRule visiting: Mul(ExprId(13), ExprId(14))
CancelCommonFactorsRule visiting: Add(ExprId(12), ExprId(16))
CancelCommonFactorsRule visiting: Pow(ExprId(19), ExprId(20))
CancelCommonFactorsRule visiting: Neg(ExprId(21))
CancelCommonFactorsRule visiting: Add(ExprId(15), ExprId(0))
CancelCommonFactorsRule visiting: Variable("x")
CancelCommonFactorsRule visiting: Number(Ratio { numer: -1, denom: 1 })
CancelCommonFactorsRule visiting: Function("abs", [ExprId(17)])
CancelCommonFactorsRule visiting: Number(Ratio { numer: 1, denom: 1 })
CancelCommonFactorsRule visiting: Number(Ratio { numer: 2, denom: 1 })
CancelCommonFactorsRule visiting: Variable("y")
CancelCommonFactorsRule visiting: Number(Ratio { numer: -1, denom: 1 })
CancelCommonFactorsRule visiting: Number(Ratio { numer: 0, denom: 1 })
CancelCommonFactorsRule visiting: Add(ExprId(18), ExprId(2))
CancelCommonFactorsRule visiting: Mul(ExprId(18), ExprId(29))
CancelCommonFactorsRule visiting: Number(Ratio { numer: 0, denom: 1 })
CancelCommonFactorsRule visiting: Variable("x")
CancelCommonFactorsRule visiting: Number(Ratio { numer: 2, denom: 1 })
CancelCommonFactorsRule visiting: Variable("x")
CancelCommonFactorsRule visiting: Function("sin", [ExprId(14)])
CancelCommonFactorsRule visiting: Add(ExprId(0), ExprId(3))
CancelCommonFactorsRule visiting: Function("cos", [ExprId(14)])
CancelCommonFactorsRule visiting: Number(Ratio { numer: 1, denom: 1 })
CancelCommonFactorsRule visiting: Mul(ExprId(50), ExprId(49))
CancelCommonFactorsRule visiting: Mul(ExprId(79), ExprId(0))
CancelCommonFactorsRule visiting: Mul(ExprId(48), ExprId(53))
CancelCommonFactorsRule visiting: Pow(ExprId(0), ExprId(1))
shares_factor: num=[ExprId(17)] den=[ExprId(41)]
  num factor: Number(Ratio { numer: -1, denom: 1 }) args: []
  den factor: Add(ExprId(39), ExprId(5)) args: []
CancelCommonFactorsRule visiting: Div(ExprId(17), ExprId(35))
CancelCommonFactorsRule visiting: Mul(ExprId(4), ExprId(5))
CancelCommonFactorsRule visiting: Number(Ratio { numer: 1, denom: 1 })
test test_torture_13_abs_squared ... ok
CancelCommonFactorsRule visiting: Function("abs", [ExprId(17)])
CancelCommonFactorsRule visiting: Number(Ratio { numer: 1, denom: 1 })
CancelCommonFactorsRule visiting: Number(Ratio { numer: -2, denom: 1 })
CancelCommonFactorsRule visiting: Number(Ratio { numer: -1, denom: 1 })
CancelCommonFactorsRule visiting: Add(ExprId(26), ExprId(11))
CancelCommonFactorsRule visiting: Number(Ratio { numer: 2, denom: 1 })
CancelCommonFactorsRule visiting: Number(Ratio { numer: 1, denom: 1 })
CancelCommonFactorsRule visiting: Number(Ratio { numer: 1, denom: 1 })
CancelCommonFactorsRule visiting: Neg(ExprId(37))
CancelCommonFactorsRule visiting: Number(Ratio { numer: -1, denom: 1 })
CancelCommonFactorsRule visiting: Number(Ratio { numer: 1, denom: 1 })
CancelCommonFactorsRule visiting: Add(ExprId(32), ExprId(5))
CancelCommonFactorsRule visiting: Number(Ratio { numer: -1, denom: 1 })
shares_factor: num=[ExprId(18)] den=[ExprId(34)]
  num factor: Number(Ratio { numer: -1, denom: 1 }) args: []
  den factor: Add(ExprId(32), ExprId(5)) args: []
CancelCommonFactorsRule visiting: Number(Ratio { numer: -2, denom: 1 })
shares_factor: num=[ExprId(2)] den=[ExprId(41)]
  num factor: Pow(ExprId(0), ExprId(1)) args: []
  den factor: Add(ExprId(39), ExprId(5)) args: []
CancelCommonFactorsRule visiting: Add(ExprId(4), ExprId(3))
CancelCommonFactorsRule visiting: Variable("x")
CancelCommonFactorsRule visiting: Number(Ratio { numer: 1, denom: 1 })
CancelCommonFactorsRule visiting: Variable("x")
CancelCommonFactorsRule visiting: Number(Ratio { numer: 1, denom: 1 })
CancelCommonFactorsRule visiting: Number(Ratio { numer: 2, denom: 1 })
CancelCommonFactorsRule visiting: Number(Ratio { numer: 2, denom: 1 })
CancelCommonFactorsRule visiting: Mul(ExprId(46), ExprId(0))
CancelCommonFactorsRule visiting: Number(Ratio { numer: 3, denom: 1 })
CancelCommonFactorsRule visiting: Mul(ExprId(9), ExprId(10))
shares_factor: num=[ExprId(2)] den=[ExprId(34)]
CancelCommonFactorsRule visiting: Variable("x")
CancelCommonFactorsRule visiting: Add(ExprId(31), ExprId(27))
CancelCommonFactorsRule visiting: Add(ExprId(14), ExprId(2))
CancelCommonFactorsRule visiting: Number(Ratio { numer: -2, denom: 1 })
CancelCommonFactorsRule visiting: Add(ExprId(3), ExprId(6))
CancelCommonFactorsRule visiting: Number(Ratio { numer: 16, denom: 1 })
CancelCommonFactorsRule visiting: Function("abs", [ExprId(16)])
CancelCommonFactorsRule visiting: Number(Ratio { numer: 1, denom: 1 })
CancelCommonFactorsRule visiting: Variable("x")
CancelCommonFactorsRule visiting: Pow(ExprId(14), ExprId(1))
CancelCommonFactorsRule visiting: Variable("x")
CancelCommonFactorsRule visiting: Add(ExprId(78), ExprId(82))
CancelCommonFactorsRule visiting: Number(Ratio { numer: -3, denom: 1 })
CancelCommonFactorsRule visiting: Number(Ratio { numer: 10, denom: 1 })
CancelCommonFactorsRule visiting: Variable("y")
CancelCommonFactorsRule visiting: Number(Ratio { numer: 3, denom: 1 })
CancelCommonFactorsRule visiting: Function("abs", [ExprId(33)])
CancelCommonFactorsRule visiting: Number(Ratio { numer: 2, denom: 1 })
CancelCommonFactorsRule visiting: Number(Ratio { numer: 0, denom: 1 })
CancelCommonFactorsRule visiting: Pow(ExprId(2), ExprId(3))
CancelCommonFactorsRule visiting: Mul(ExprId(7), ExprId(3))
CancelCommonFactorsRule visiting: Variable("x")
CancelCommonFactorsRule visiting: Add(ExprId(10), ExprId(34))
CancelCommonFactorsRule visiting: Add(ExprId(23), ExprId(4))
CancelCommonFactorsRule visiting: Number(Ratio { numer: 1, denom: 1 })
CancelCommonFactorsRule visiting: Div(ExprId(6), ExprId(7))
CancelCommonFactorsRule visiting: Add(ExprId(3), ExprId(2))
CancelCommonFactorsRule visiting: Mul(ExprId(25), ExprId(14))
CancelCommonFactorsRule visiting: Variable("x")
CancelCommonFactorsRule visiting: Mul(ExprId(2), ExprId(5))
CancelCommonFactorsRule visiting: Number(Ratio { numer: 1, denom: 1 })
CancelCommonFactorsRule visiting: Variable("x")
CancelCommonFactorsRule visiting: Add(ExprId(11), ExprId(41))
CancelCommonFactorsRule visiting: Number(Ratio { numer: 1, denom: 1 })
CancelCommonFactorsRule visiting: Number(Ratio { numer: 0, denom: 1 })
CancelCommonFactorsRule visiting: Number(Ratio { numer: 2, denom: 1 })
CancelCommonFactorsRule visiting: Add(ExprId(33), ExprId(0))
CancelCommonFactorsRule visiting: Number(Ratio { numer: 0, denom: 1 })
  num factor: Pow(ExprId(0), ExprId(1)) args: []
CancelCommonFactorsRule visiting: Variable("x")
CancelCommonFactorsRule visiting: Number(Ratio { numer: 1, denom: 2 })
CancelCommonFactorsRule visiting: Neg(ExprId(8))
CancelCommonFactorsRule visiting: Add(ExprId(15), ExprId(26))
CancelCommonFactorsRule visiting: Number(Ratio { numer: 4, denom: 1 })
CancelCommonFactorsRule visiting: Number(Ratio { numer: 1, denom: 1 })
CancelCommonFactorsRule visiting: Constant(Pi)
CancelCommonFactorsRule visiting: Number(Ratio { numer: -6, denom: 1 })
CancelCommonFactorsRule visiting: Number(Ratio { numer: 2, denom: 1 })
CancelCommonFactorsRule visiting: Number(Ratio { numer: -2, denom: 1 })
CancelCommonFactorsRule visiting: Number(Ratio { numer: 1, denom: 1 })
CancelCommonFactorsRule visiting: Number(Ratio { numer: 3, denom: 1 })
CancelCommonFactorsRule visiting: Variable("x")
  den factor: Add(ExprId(32), ExprId(5)) args: []
CancelCommonFactorsRule visiting: Number(Ratio { numer: 2, denom: 1 })
CancelCommonFactorsRule visiting: Number(Ratio { numer: 1, denom: 1 })
CancelCommonFactorsRule visiting: Pow(ExprId(9), ExprId(10))
CancelCommonFactorsRule visiting: Add(ExprId(24), ExprId(27))
CancelCommonFactorsRule visiting: Add(ExprId(34), ExprId(11))
CancelCommonFactorsRule visiting: Variable("y")
CancelCommonFactorsRule visiting: Number(Ratio { numer: -1, denom: 1 })
CancelCommonFactorsRule visiting: Number(Ratio { numer: 2, denom: 1 })
CancelCommonFactorsRule visiting: Neg(ExprId(11))
CancelCommonFactorsRule visiting: Number(Ratio { numer: 1, denom: 1 })
CancelCommonFactorsRule visiting: Number(Ratio { numer: 1, denom: 2 })
CancelCommonFactorsRule visiting: Add(ExprId(50), ExprId(51))
CancelCommonFactorsRule visiting: Mul(ExprId(12), ExprId(1))
CancelCommonFactorsRule visiting: Add(ExprId(3), ExprId(6))
CancelCommonFactorsRule visiting: Pow(ExprId(0), ExprId(50))
CancelCommonFactorsRule visiting: Number(Ratio { numer: 1, denom: 1 })
CancelCommonFactorsRule visiting: Mul(ExprId(9), ExprId(10))
CancelCommonFactorsRule visiting: Neg(ExprId(11))
CancelCommonFactorsRule visiting: Number(Ratio { numer: 2, denom: 1 })
CancelCommonFactorsRule visiting: Variable("x")
CancelCommonFactorsRule visiting: Number(Ratio { numer: 0, denom: 1 })
CancelCommonFactorsRule visiting: Number(Ratio { numer: 0, denom: 1 })
CancelCommonFactorsRule visiting: Number(Ratio { numer: 4, denom: 1 })
CancelCommonFactorsRule visiting: Number(Ratio { numer: 1, denom: 1 })
CancelCommonFactorsRule visiting: Add(ExprId(8), ExprId(27))
CancelCommonFactorsRule visiting: Mul(ExprId(58), ExprId(53))
CancelCommonFactorsRule visiting: Number(Ratio { numer: 1, denom: 2 })
CancelCommonFactorsRule visiting: Variable("x")
CancelCommonFactorsRule visiting: Pow(ExprId(28), ExprId(47))
CancelCommonFactorsRule visiting: Mul(ExprId(92), ExprId(51))
CancelCommonFactorsRule visiting: Number(Ratio { numer: -3, denom: 1 })
CancelCommonFactorsRule visiting: Add(ExprId(53), ExprId(52))
CancelCommonFactorsRule visiting: Number(Ratio { numer: 2, denom: 1 })
CancelCommonFactorsRule visiting: Number(Ratio { numer: 3, denom: 1 })
CancelCommonFactorsRule visiting: Add(ExprId(59), ExprId(3))
CancelCommonFactorsRule visiting: Number(Ratio { numer: -2, denom: 1 })
test test_log_cancellation ... CancelCommonFactorsRule visiting: Number(Ratio { numer: 3, denom: 1 })
CancelCommonFactorsRule visiting: Number(Ratio { numer: 4, denom: 1 })
CancelCommonFactorsRule visiting: Number(Ratio { numer: 1, denom: 1 })
CancelCommonFactorsRule visiting: Variable("x")
CancelCommonFactorsRule visiting: Number(Ratio { numer: 1, denom: 1 })
CancelCommonFactorsRule visiting: Number(Ratio { numer: 3, denom: 1 })
CancelCommonFactorsRule visiting: Mul(ExprId(53), ExprId(51))
CancelCommonFactorsRule visiting: Pow(ExprId(18), ExprId(19))
CancelCommonFactorsRule visiting: Add(ExprId(0), ExprId(13))
CancelCommonFactorsRule visiting: Number(Ratio { numer: 0, denom: 1 })
CancelCommonFactorsRule visiting: Function("sin", [ExprId(0)])
CancelCommonFactorsRule visiting: Number(Ratio { numer: 1, denom: 1 })
CancelCommonFactorsRule visiting: Number(Ratio { numer: 4, denom: 1 })
CancelCommonFactorsRule visiting: Number(Ratio { numer: 0, denom: 1 })
CancelCommonFactorsRule visiting: Number(Ratio { numer: 4, denom: 1 })
CancelCommonFactorsRule visiting: Variable("x")
CancelCommonFactorsRule visiting: Number(Ratio { numer: 1, denom: 1 })
CancelCommonFactorsRule visiting: Number(Ratio { numer: 2, denom: 1 })
CancelCommonFactorsRule visiting: Number(Ratio { numer: 2, denom: 1 })
CancelCommonFactorsRule visiting: Pow(ExprId(45), ExprId(46))
CancelCommonFactorsRule visiting: Add(ExprId(4), ExprId(3))
CancelCommonFactorsRule visiting: Number(Ratio { numer: -1, denom: 1 })
CancelCommonFactorsRule visiting: Number(Ratio { numer: 1, denom: 2 })
CancelCommonFactorsRule visiting: Number(Ratio { numer: 8, denom: 1 })
CancelCommonFactorsRule visiting: Number(Ratio { numer: 16, denom: 1 })
CancelCommonFactorsRule visiting: Number(Ratio { numer: 1, denom: 1 })
CancelCommonFactorsRule visiting: Number(Ratio { numer: -1, denom: 1 })
CancelCommonFactorsRule visiting: Number(Ratio { numer: 0, denom: 1 })
CancelCommonFactorsRule visiting: Mul(ExprId(4), ExprId(0))
CancelCommonFactorsRule visiting: Number(Ratio { numer: 2, denom: 1 })
CancelCommonFactorsRule visiting: Add(ExprId(59), ExprId(0))
CancelCommonFactorsRule visiting: Variable("x")
CancelCommonFactorsRule visiting: Number(Ratio { numer: -1, denom: 1 })
CancelCommonFactorsRule visiting: Variable("x")
CancelCommonFactorsRule visiting: Add(ExprId(38), ExprId(37))
CancelCommonFactorsRule visiting: Mul(ExprId(46), ExprId(0))
CancelCommonFactorsRule visiting: Variable("x")
CancelCommonFactorsRule visiting: Number(Ratio { numer: 1, denom: 1 })
shares_factor: num=[ExprId(38)] den=[ExprId(40)]
  num factor: Number(Ratio { numer: -1, denom: 1 }) args: []
CancelCommonFactorsRule visiting: Number(Ratio { numer: 2, denom: 1 })
CancelCommonFactorsRule visiting: Mul(ExprId(29), ExprId(22))
CancelCommonFactorsRule visiting: Mul(ExprId(1), ExprId(39))
CancelCommonFactorsRule visiting: Number(Ratio { numer: 1, denom: 2 })
CancelCommonFactorsRule visiting: Number(Ratio { numer: 2, denom: 1 })
CancelCommonFactorsRule visiting: Number(Ratio { numer: 1, denom: 1 })
CancelCommonFactorsRule visiting: Number(Ratio { numer: 2, denom: 1 })
CancelCommonFactorsRule visiting: Mul(ExprId(3), ExprId(35))
CancelCommonFactorsRule visiting: Add(ExprId(50), ExprId(49))
CancelCommonFactorsRule visiting: Add(ExprId(66), ExprId(52))
CancelCommonFactorsRule visiting: Add(ExprId(0), ExprId(71))
CancelCommonFactorsRule visiting: Number(Ratio { numer: -8, denom: 1 })
CancelCommonFactorsRule visiting: Add(ExprId(59), ExprId(74))
CancelCommonFactorsRule visiting: Number(Ratio { numer: 0, denom: 1 })
CancelCommonFactorsRule visiting: Div(ExprId(0), ExprId(45))
  den factor: Variable("x") args: []
CancelCommonFactorsRule visiting: Number(Ratio { numer: 1, denom: 1 })
CancelCommonFactorsRule visiting: Number(Ratio { numer: 1, denom: 1 })
CancelCommonFactorsRule visiting: Number(Ratio { numer: 2, denom: 1 })
CancelCommonFactorsRule visiting: Add(ExprId(48), ExprId(47))
CancelCommonFactorsRule visiting: Number(Ratio { numer: 3, denom: 1 })
CancelCommonFactorsRule visiting: Function("abs", [ExprId(53)])
CancelCommonFactorsRule visiting: Number(Ratio { numer: 1, denom: 1 })
okCancelCommonFactorsRule visiting: Add(ExprId(63), ExprId(20))
CancelCommonFactorsRule visiting: Mul(ExprId(53), ExprId(51))
CancelCommonFactorsRule visiting: Add(ExprId(48), ExprId(47))
CancelCommonFactorsRule visiting: Variable("x")
CancelCommonFactorsRule visiting: Number(Ratio { numer: 1, denom: 1 })
CancelCommonFactorsRule visiting: Number(Ratio { numer: 2, denom: 1 })
CancelCommonFactorsRule visiting: Number(Ratio { numer: -2, denom: 1 })
CancelCommonFactorsRule visiting: Number(Ratio { numer: -2, denom: 1 })
CancelCommonFactorsRule visiting: Number(Ratio { numer: 4, denom: 1 })
CancelCommonFactorsRule visiting: Number(Ratio { numer: -2, denom: 1 })
CancelCommonFactorsRule visiting: Number(Ratio { numer: 1, denom: 1 })
CancelCommonFactorsRule visiting: Function("log", [ExprId(0), ExprId(53)])
CancelCommonFactorsRule visiting: Number(Ratio { numer: 1, denom: 1 })
CancelCommonFactorsRule visiting: Number(Ratio { numer: 0, denom: 1 })
CancelCommonFactorsRule visiting: Number(Ratio { numer: 2, denom: 1 })
CancelCommonFactorsRule visiting: Number(Ratio { numer: 1, denom: 1 })
CancelCommonFactorsRule visiting: Add(ExprId(49), ExprId(61))
CancelCommonFactorsRule visiting: Number(Ratio { numer: 1, denom: 2 })
shares_factor: num=[ExprId(37)] den=[ExprId(40)]
  num factor: Variable("x") args: []
  den factor: Variable("x") args: []
CancelCommonFactorsRule visiting: Number(Ratio { numer: 1, denom: 2 })

CancelCommonFactorsRule visiting: Number(Ratio { numer: 1, denom: 1 })
CancelCommonFactorsRule visiting: Variable("x")
CancelCommonFactorsRule visiting: Div(ExprId(38), ExprId(40))
CancelCommonFactorsRule visiting: Function("cos", [ExprId(0)])
CancelCommonFactorsRule visiting: Number(Ratio { numer: 2, denom: 1 })
CancelCommonFactorsRule visiting: Variable("x")
CancelCommonFactorsRule visiting: Pow(ExprId(7), ExprId(8))
CancelCommonFactorsRule visiting: Number(Ratio { numer: 2, denom: 1 })
CancelCommonFactorsRule visiting: Number(Ratio { numer: -1, denom: 1 })
CancelCommonFactorsRule visiting: Number(Ratio { numer: -2, denom: 1 })
CancelCommonFactorsRule visiting: Number(Ratio { numer: -2, denom: 1 })
CancelCommonFactorsRule visiting: Number(Ratio { numer: 1, denom: 1 })
CancelCommonFactorsRule visiting: Number(Ratio { numer: 0, denom: 1 })
CancelCommonFactorsRule visiting: Add(ExprId(75), ExprId(23))
CancelCommonFactorsRule visiting: Number(Ratio { numer: 2, denom: 1 })
test test_log_power_trap ... ok
CancelCommonFactorsRule visiting: Number(Ratio { numer: 1, denom: 1 })
CancelCommonFactorsRule visiting: Number(Ratio { numer: 1, denom: 1 })
CancelCommonFactorsRule visiting: Add(ExprId(10), ExprId(9))
CancelCommonFactorsRule visiting: Number(Ratio { numer: 1, denom: 1 })
CancelCommonFactorsRule visiting: Number(Ratio { numer: 4, denom: 1 })
CancelCommonFactorsRule visiting: Number(Ratio { numer: -1, denom: 1 })
CancelCommonFactorsRule visiting: Number(Ratio { numer: 2, denom: 1 })
CancelCommonFactorsRule visiting: Number(Ratio { numer: 2, denom: 1 })
CancelCommonFactorsRule visiting: Add(ExprId(82), ExprId(95))
CancelCommonFactorsRule visiting: Variable("x")
CancelCommonFactorsRule visiting: Number(Ratio { numer: 1, denom: 1 })
CancelCommonFactorsRule visiting: Variable("h")
CancelCommonFactorsRule visiting: Number(Ratio { numer: 1, denom: 1 })
CancelCommonFactorsRule visiting: Number(Ratio { numer: 2, denom: 1 })
CancelCommonFactorsRule visiting: Variable("x")
CancelCommonFactorsRule visiting: Number(Ratio { numer: 1, denom: 1 })
CancelCommonFactorsRule visiting: Number(Ratio { numer: 2, denom: 1 })
CancelCommonFactorsRule visiting: Number(Ratio { numer: 4, denom: 1 })
CancelCommonFactorsRule visiting: Mul(ExprId(10), ExprId(0))
CancelCommonFactorsRule visiting: Number(Ratio { numer: 2, denom: 1 })
CancelCommonFactorsRule visiting: Number(Ratio { numer: 2, denom: 1 })
CancelCommonFactorsRule visiting: Number(Ratio { numer: -2, denom: 1 })
shares_factor: num=[ExprId(63)] den=[ExprId(77)]
CancelCommonFactorsRule visiting: Number(Ratio { numer: 2, denom: 1 })
  num factor: Number(Ratio { numer: -8, denom: 1 }) args: []
CancelCommonFactorsRule visiting: Number(Ratio { numer: -1, denom: 1 })
  den factor: Add(ExprId(75), ExprId(23)) args: []
CancelCommonFactorsRule visiting: Add(ExprId(56), ExprId(53))
CancelCommonFactorsRule visiting: Number(Ratio { numer: -1, denom: 1 })
CancelCommonFactorsRule visiting: Add(ExprId(78), ExprId(98))
CancelCommonFactorsRule visiting: Variable("x")
CancelCommonFactorsRule visiting: Variable("x")
CancelCommonFactorsRule visiting: Number(Ratio { numer: 1, denom: 2 })
CancelCommonFactorsRule visiting: Number(Ratio { numer: 2, denom: 1 })
CancelCommonFactorsRule visiting: Number(Ratio { numer: 0, denom: 1 })
CancelCommonFactorsRule visiting: Number(Ratio { numer: -1, denom: 1 })
shares_factor: num=[ExprId(20)] den=[ExprId(77)]
  num factor: Pow(ExprId(18), ExprId(19)) args: []
CancelCommonFactorsRule visiting: Add(ExprId(9), ExprId(8))
CancelCommonFactorsRule visiting: Pow(ExprId(22), ExprId(23))
CancelCommonFactorsRule visiting: Variable("x")
CancelCommonFactorsRule visiting: Neg(ExprId(24))
CancelCommonFactorsRule visiting: Number(Ratio { numer: 2, denom: 1 })
CancelCommonFactorsRule visiting: Number(Ratio { numer: 3, denom: 1 })
CancelCommonFactorsRule visiting: Add(ExprId(12), ExprId(11))
CancelCommonFactorsRule visiting: Variable("x")
CancelCommonFactorsRule visiting: Mul(ExprId(10), ExprId(71))
CancelCommonFactorsRule visiting: Function("sin", [ExprId(1)])
CancelCommonFactorsRule visiting: Add(ExprId(0), ExprId(71))
CancelCommonFactorsRule visiting: Number(Ratio { numer: 1, denom: 1 })
CancelCommonFactorsRule visiting: Number(Ratio { numer: 0, denom: 1 })
CancelCommonFactorsRule visiting: Add(ExprId(99), ExprId(5))
CancelCommonFactorsRule visiting: Number(Ratio { numer: 4, denom: 1 })
CancelCommonFactorsRule visiting: Number(Ratio { numer: 2, denom: 1 })
CancelCommonFactorsRule visiting: Number(Ratio { numer: -2, denom: 1 })
CancelCommonFactorsRule visiting: Number(Ratio { numer: 1, denom: 1 })
CancelCommonFactorsRule visiting: Mul(ExprId(94), ExprId(5))
CancelCommonFactorsRule visiting: Constant(E)
CancelCommonFactorsRule visiting: Add(ExprId(115), ExprId(113))
CancelCommonFactorsRule visiting: Variable("x")
CancelCommonFactorsRule visiting: Add(ExprId(4), ExprId(3))
CancelCommonFactorsRule visiting: Mul(ExprId(0), ExprId(2))
CancelCommonFactorsRule visiting: Variable("x")
CancelCommonFactorsRule visiting: Number(Ratio { numer: 0, denom: 1 })
CancelCommonFactorsRule visiting: Function("diff", [ExprId(3), ExprId(4)])
CancelCommonFactorsRule visiting: Mul(ExprId(7), ExprId(3))
CancelCommonFactorsRule visiting: Variable("x")
  den factor: Add(ExprId(75), ExprId(23)) args: []
CancelCommonFactorsRule visiting: Number(Ratio { numer: 1, denom: 1 })
CancelCommonFactorsRule visiting: Number(Ratio { numer: -1, denom: 1 })
CancelCommonFactorsRule visiting: Constant(E)
CancelCommonFactorsRule visiting: Variable("x")
CancelCommonFactorsRule visiting: Mul(ExprId(34), ExprId(25))
CancelCommonFactorsRule visiting: Number(Ratio { numer: -2, denom: 1 })
CancelCommonFactorsRule visiting: Number(Ratio { numer: 1, denom: 1 })
CancelCommonFactorsRule visiting: Mul(ExprId(16), ExprId(17))
CancelCommonFactorsRule visiting: Pow(ExprId(6), ExprId(7))
CancelCommonFactorsRule visiting: Number(Ratio { numer: 2, denom: 1 })
CancelCommonFactorsRule visiting: Add(ExprId(111), ExprId(117))
CancelCommonFactorsRule visiting: Number(Ratio { numer: 0, denom: 1 })
CancelCommonFactorsRule visiting: Variable("x")
CancelCommonFactorsRule visiting: Number(Ratio { numer: 0, denom: 1 })
CancelCommonFactorsRule visiting: Mul(ExprId(59), ExprId(9))
shares_factor: num=[ExprId(0)] den=[ExprId(60)]
  num factor: Number(Ratio { numer: 1, denom: 1 }) args: []
CancelCommonFactorsRule visiting: Number(Ratio { numer: 1, denom: 1 })
CancelCommonFactorsRule visiting: Number(Ratio { numer: 3, denom: 1 })
CancelCommonFactorsRule visiting: Variable("x")
CancelCommonFactorsRule visiting: Number(Ratio { numer: 1, denom: 1 })
CancelCommonFactorsRule visiting: Add(ExprId(14), ExprId(13))
CancelCommonFactorsRule visiting: Function("cos", [ExprId(6)])
CancelCommonFactorsRule visiting: Number(Ratio { numer: 2, denom: 1 })
CancelCommonFactorsRule visiting: Mul(ExprId(12), ExprId(8))
CancelCommonFactorsRule visiting: Number(Ratio { numer: 2, denom: 1 })
CancelCommonFactorsRule visiting: Number(Ratio { numer: 1, denom: 1 })
CancelCommonFactorsRule visiting: Mul(ExprId(7), ExprId(2))
CancelCommonFactorsRule visiting: Number(Ratio { numer: 10, denom: 1 })
  den factor: Add(ExprId(56), ExprId(53)) args: []
shares_factor: num=[ExprId(3)] den=[ExprId(60)]
CancelCommonFactorsRule visiting: Number(Ratio { numer: 1, denom: 1 })
CancelCommonFactorsRule visiting: Number(Ratio { numer: 1, denom: 1 })
CancelCommonFactorsRule visiting: Number(Ratio { numer: 3, denom: 1 })
CancelCommonFactorsRule visiting: Number(Ratio { numer: 1, denom: 2 })
CancelCommonFactorsRule visiting: Function("log", [ExprId(12), ExprId(62)])
CancelCommonFactorsRule visiting: Neg(ExprId(68))
CancelCommonFactorsRule visiting: Add(ExprId(113), ExprId(8))
CancelCommonFactorsRule visiting: Number(Ratio { numer: -2, denom: 1 })
CancelCommonFactorsRule visiting: Number(Ratio { numer: 0, denom: 1 })
CancelCommonFactorsRule visiting: Add(ExprId(68), ExprId(66))
CancelCommonFactorsRule visiting: Pow(ExprId(9), ExprId(10))
CancelCommonFactorsRule visiting: Mul(ExprId(11), ExprId(48))
CancelCommonFactorsRule visiting: Function("cos", [ExprId(1)])
  num factor: Div(ExprId(1), ExprId(2)) args: []
  den factor: Add(ExprId(56), ExprId(53)) args: []
CancelCommonFactorsRule visiting: Variable("h")
CancelCommonFactorsRule visiting: Neg(ExprId(7))
CancelCommonFactorsRule visiting: Number(Ratio { numer: 2, denom: 1 })
CancelCommonFactorsRule visiting: Number(Ratio { numer: 2, denom: 1 })
CancelCommonFactorsRule visiting: Variable("x")
CancelCommonFactorsRule visiting: Constant(E)
CancelCommonFactorsRule visiting: Add(ExprId(112), ExprId(3))
CancelCommonFactorsRule visiting: Number(Ratio { numer: -2, denom: 1 })
CancelCommonFactorsRule visiting: Number(Ratio { numer: 3, denom: 1 })
CancelCommonFactorsRule visiting: Variable("x")
CancelCommonFactorsRule visiting: Number(Ratio { numer: 2, denom: 1 })
CancelCommonFactorsRule visiting: Number(Ratio { numer: 2, denom: 1 })
test test_log_sqrt_simplification ... CancelCommonFactorsRule visiting: Pow(ExprId(86), ExprId(87))
CancelCommonFactorsRule visiting: Pow(ExprId(7), ExprId(153))
CancelCommonFactorsRule visiting: Pow(ExprId(2), ExprId(85))
CancelCommonFactorsRule visiting: Mul(ExprId(33), ExprId(9))
CancelCommonFactorsRule visiting: Number(Ratio { numer: 1, denom: 1 })
CancelCommonFactorsRule visiting: Number(Ratio { numer: 1, denom: 1 })
CancelCommonFactorsRule visiting: Number(Ratio { numer: 0, denom: 1 })
CancelCommonFactorsRule visiting: Number(Ratio { numer: 0, denom: 1 })
CancelCommonFactorsRule visiting: Add(ExprId(12), ExprId(11))
CancelCommonFactorsRule visiting: Add(ExprId(66), ExprId(78))
CancelCommonFactorsRule visiting: Number(Ratio { numer: -2, denom: 1 })
CancelCommonFactorsRule visiting: Add(ExprId(81), ExprId(82))
CancelCommonFactorsRule visiting: Add(ExprId(68), ExprId(81))
CancelCommonFactorsRule visiting: Number(Ratio { numer: 1, denom: 1 })
CancelCommonFactorsRule visiting: Number(Ratio { numer: 1, denom: 1 })
CancelCommonFactorsRule visiting: Number(Ratio { numer: 1, denom: 1 })
CancelCommonFactorsRule visiting: Mul(ExprId(19), ExprId(17))
CancelCommonFactorsRule visiting: Number(Ratio { numer: 3, denom: 1 })
CancelCommonFactorsRule visiting: Mul(ExprId(0), ExprId(86))
CancelCommonFactorsRule visiting: Pow(ExprId(0), ExprId(57))
CancelCommonFactorsRule visiting: Number(Ratio { numer: 1, denom: 1 })
CancelCommonFactorsRule visiting: Number(Ratio { numer: -1, denom: 1 })
CancelCommonFactorsRule visiting: Constant(E)
CancelCommonFactorsRule visiting: Number(Ratio { numer: 3, denom: 1 })
CancelCommonFactorsRule visiting: Number(Ratio { numer: 3, denom: 1 })
CancelCommonFactorsRule visiting: Pow(ExprId(7), ExprId(166))
CancelCommonFactorsRule visiting: Number(Ratio { numer: 2, denom: 1 })
okCancelCommonFactorsRule visiting: Number(Ratio { numer: -1, denom: 1 })
CancelCommonFactorsRule visiting: Mul(ExprId(8), ExprId(9))
CancelCommonFactorsRule visiting: Pow(ExprId(7), ExprId(166))
CancelCommonFactorsRule visiting: Add(ExprId(128), ExprId(113))
CancelCommonFactorsRule visiting: Number(Ratio { numer: 0, denom: 1 })
CancelCommonFactorsRule visiting: Number(Ratio { numer: -1, denom: 1 })
CancelCommonFactorsRule visiting: Mul(ExprId(123), ExprId(58))
CancelCommonFactorsRule visiting: Number(Ratio { numer: 0, denom: 1 })
CancelCommonFactorsRule visiting: Mul(ExprId(60), ExprId(58))
CancelCommonFactorsRule visiting: Number(Ratio { numer: 0, denom: 1 })
CancelCommonFactorsRule visiting: Mul(ExprId(60), ExprId(58))
CancelCommonFactorsRule visiting: Number(Ratio { numer: 0, denom: 1 })
CancelCommonFactorsRule visiting: Variable("x")
CancelCommonFactorsRule visiting: Number(Ratio { numer: 2, denom: 1 })
CancelCommonFactorsRule visiting: Variable("x")
CancelCommonFactorsRule visiting: Variable("x")
CancelCommonFactorsRule visiting: Number(Ratio { numer: 2, denom: 1 })
CancelCommonFactorsRule visiting: Number(Ratio { numer: 1, denom: 1 })
CancelCommonFactorsRule visiting: Pow(ExprId(45), ExprId(46))
CancelCommonFactorsRule visiting: Mul(ExprId(75), ExprId(40))
CancelCommonFactorsRule visiting: Number(Ratio { numer: 1, denom: 1 })
CancelCommonFactorsRule visiting: Mul(ExprId(1), ExprId(40))
CancelCommonFactorsRule visiting: Number(Ratio { numer: 0, denom: 1 })
CancelCommonFactorsRule visiting: Number(Ratio { numer: 2, denom: 1 })

CancelCommonFactorsRule visiting: Number(Ratio { numer: 1, denom: 1 })
CancelCommonFactorsRule visiting: Mul(ExprId(16), ExprId(38))
CancelCommonFactorsRule visiting: Div(ExprId(7), ExprId(82))
CancelCommonFactorsRule visiting: Number(Ratio { numer: 1, denom: 1 })
CancelCommonFactorsRule visiting: Number(Ratio { numer: -3, denom: 1 })
CancelCommonFactorsRule visiting: Number(Ratio { numer: 1, denom: 1 })
CancelCommonFactorsRule visiting: Mul(ExprId(43), ExprId(38))
CancelCommonFactorsRule visiting: Number(Ratio { numer: 2, denom: 1 })
CancelCommonFactorsRule visiting: Number(Ratio { numer: -3, denom: 1 })
CancelCommonFactorsRule visiting: Variable("x")
CancelCommonFactorsRule visiting: Mul(ExprId(0), ExprId(9))
CancelCommonFactorsRule visiting: Number(Ratio { numer: 2, denom: 1 })
CancelCommonFactorsRule visiting: Number(Ratio { numer: 1, denom: 1 })
CancelCommonFactorsRule visiting: Pow(ExprId(12), ExprId(13))
CancelCommonFactorsRule visiting: Neg(ExprId(9))
CancelCommonFactorsRule visiting: Mul(ExprId(31), ExprId(14))
CancelCommonFactorsRule visiting: Number(Ratio { numer: 1, denom: 1 })
CancelCommonFactorsRule visiting: Add(ExprId(48), ExprId(47))
CancelCommonFactorsRule visiting: Number(Ratio { numer: 2, denom: 1 })
CancelCommonFactorsRule visiting: Variable("x")
CancelCommonFactorsRule visiting: Number(Ratio { numer: -2, denom: 1 })
CancelCommonFactorsRule visiting: Add(ExprId(95), ExprId(126))
test test_quadratic_abs_inequality ... CancelCommonFactorsRule visiting: Mul(ExprId(90), ExprId(89))
CancelCommonFactorsRule visiting: Add(ExprId(82), ExprId(129))
CancelCommonFactorsRule visiting: Add(ExprId(170), ExprId(167))
CancelCommonFactorsRule visiting: Variable("x")
CancelCommonFactorsRule visiting: Add(ExprId(78), ExprId(130))
CancelCommonFactorsRule visiting: Mul(ExprId(3), ExprId(171))
CancelCommonFactorsRule visiting: Number(Ratio { numer: 1, denom: 1 })
CancelCommonFactorsRule visiting: Mul(ExprId(143), ExprId(5))
CancelCommonFactorsRule visiting: Number(Ratio { numer: 1, denom: 1 })
CancelCommonFactorsRule visiting: Add(ExprId(142), ExprId(144))
CancelCommonFactorsRule visiting: Number(Ratio { numer: 1, denom: 1 })
CancelCommonFactorsRule visiting: Number(Ratio { numer: 1, denom: 1 })
CancelCommonFactorsRule visiting: Number(Ratio { numer: 1, denom: 1 })
CancelCommonFactorsRule visiting: Add(ExprId(88), ExprId(91))
CancelCommonFactorsRule visiting: Variable("x")
CancelCommonFactorsRule visiting: Number(Ratio { numer: 1, denom: 1 })
CancelCommonFactorsRule visiting: Number(Ratio { numer: 4, denom: 1 })
CancelCommonFactorsRule visiting: Add(ExprId(40), ExprId(86))
CancelCommonFactorsRule visiting: Number(Ratio { numer: 0, denom: 1 })
CancelCommonFactorsRule visiting: Add(ExprId(88), ExprId(91))
CancelCommonFactorsRule visiting: Add(ExprId(77), ExprId(78))
CancelCommonFactorsRule visiting: Number(Ratio { numer: 5, denom: 1 })
ok
CancelCommonFactorsRule visiting: Number(Ratio { numer: 2, denom: 1 })
test test_torture_15_trig_shift ... CancelCommonFactorsRule visiting: Mul(ExprId(56), ExprId(86))
CancelCommonFactorsRule visiting: Add(ExprId(154), ExprId(178))
CancelCommonFactorsRule visiting: Number(Ratio { numer: 1, denom: 1 })
CancelCommonFactorsRule visiting: Add(ExprId(92), ExprId(105))
CancelCommonFactorsRule visiting: Add(ExprId(2), ExprId(17))
CancelCommonFactorsRule visiting: Number(Ratio { numer: 1, denom: 1 })
CancelCommonFactorsRule visiting: Number(Ratio { numer: 4, denom: 1 })
CancelCommonFactorsRule visiting: Variable("x")
CancelCommonFactorsRule visiting: Number(Ratio { numer: -1, denom: 1 })
CancelCommonFactorsRule visiting: Function("sin", [ExprId(1)])
CancelCommonFactorsRule visiting: Variable("h")
CancelCommonFactorsRule visiting: Number(Ratio { numer: 2, denom: 1 })
CancelCommonFactorsRule visiting: Number(Ratio { numer: 1, denom: 2 })
CancelCommonFactorsRule visiting: Variable("a")
CancelCommonFactorsRule visiting: Pow(ExprId(7), ExprId(153))
CancelCommonFactorsRule visiting: Mul(ExprId(80), ExprId(2))
CancelCommonFactorsRule visiting: Mul(ExprId(38), ExprId(2))
CancelCommonFactorsRule visiting: Number(Ratio { numer: -4, denom: 1 })
CancelCommonFactorsRule visiting: Variable("x")
CancelCommonFactorsRule visiting: Neg(ExprId(88))
CancelCommonFactorsRule visiting: Variable("x")
CancelCommonFactorsRule visiting: Pow(ExprId(0), ExprId(62))
CancelCommonFactorsRule visiting: Number(Ratio { numer: -2, denom: 1 })
CancelCommonFactorsRule visiting: Mul(ExprId(1), ExprId(63))
CancelCommonFactorsRule visiting: Mul(ExprId(131), ExprId(89))
CancelCommonFactorsRule visiting: Mul(ExprId(65), ExprId(63))
CancelCommonFactorsRule visiting: Add(ExprId(128), ExprId(132))
CancelCommonFactorsRule visiting: Number(Ratio { numer: 2, denom: 1 })
CancelCommonFactorsRule visiting: Pow(ExprId(145), ExprId(162))
CancelCommonFactorsRule visiting: Variable("x")
CancelCommonFactorsRule visiting: Mul(ExprId(3), ExprId(171))
CancelCommonFactorsRule visiting: Number(Ratio { numer: -2, denom: 1 })
CancelCommonFactorsRule visiting: Neg(ExprId(9))
CancelCommonFactorsRule visiting: Constant(E)
CancelCommonFactorsRule visiting: Variable("x")
CancelCommonFactorsRule visiting: Add(ExprId(188), ExprId(178))
CancelCommonFactorsRule visiting: Number(Ratio { numer: 2, denom: 1 })
CancelCommonFactorsRule visiting: Function("cos", [ExprId(1)])
CancelCommonFactorsRule visiting: Number(Ratio { numer: 1, denom: 2 })
CancelCommonFactorsRule visiting: Number(Ratio { numer: -2, denom: 1 })
CancelCommonFactorsRule visiting: Number(Ratio { numer: 2, denom: 1 })
CancelCommonFactorsRule visiting: Number(Ratio { numer: 2, denom: 1 })
CancelCommonFactorsRule visiting: Add(ExprId(125), ExprId(134))
CancelCommonFactorsRule visiting: Number(Ratio { numer: 2, denom: 1 })
CancelCommonFactorsRule visiting: Variable("x")
CancelCommonFactorsRule visiting: Number(Ratio { numer: 0, denom: 1 })
CancelCommonFactorsRule visiting: Variable("x")
CancelCommonFactorsRule visiting: Pow(ExprId(6), ExprId(7))
CancelCommonFactorsRule visiting: Number(Ratio { numer: 2, denom: 1 })
CancelCommonFactorsRule visiting: Number(Ratio { numer: -1, denom: 1 })
okCancelCommonFactorsRule visiting: Pow(ExprId(9), ExprId(10))
CancelCommonFactorsRule visiting: Add(ExprId(154), ExprId(178))
CancelCommonFactorsRule visiting: Mul(ExprId(0), ExprId(9))
CancelCommonFactorsRule visiting: Add(ExprId(12), ExprId(11))
CancelCommonFactorsRule visiting: Add(ExprId(188), ExprId(197))
CancelCommonFactorsRule visiting: Add(ExprId(98), ExprId(99))
CancelCommonFactorsRule visiting: Pow(ExprId(0), ExprId(1))
CancelCommonFactorsRule visiting: Add(ExprId(71), ExprId(178))
CancelCommonFactorsRule visiting: Variable("b")
CancelCommonFactorsRule visiting: Neg(ExprId(2))
CancelCommonFactorsRule visiting: Add(ExprId(154), ExprId(216))
CancelCommonFactorsRule visiting: Number(Ratio { numer: 2, denom: 1 })
CancelCommonFactorsRule visiting: Add(ExprId(104), ExprId(86))
CancelCommonFactorsRule visiting: Add(ExprId(188), ExprId(217))
CancelCommonFactorsRule visiting: Number(Ratio { numer: 2, denom: 1 })
CancelCommonFactorsRule visiting: Variable("x")
CancelCommonFactorsRule visiting: Mul(ExprId(15), ExprId(7))
CancelCommonFactorsRule visiting: Mul(ExprId(143), ExprId(5))
CancelCommonFactorsRule visiting: Add(ExprId(0), ExprId(218))
CancelCommonFactorsRule visiting: Add(ExprId(2), ExprId(17))
CancelCommonFactorsRule visiting: Add(ExprId(142), ExprId(144))
CancelCommonFactorsRule visiting: Pow(ExprId(104), ExprId(105))
CancelCommonFactorsRule visiting: Number(Ratio { numer: -1, denom: 1 })
CancelCommonFactorsRule visiting: Number(Ratio { numer: -2, denom: 1 })
CancelCommonFactorsRule visiting: Add(ExprId(111), ExprId(219))
CancelCommonFactorsRule visiting: Neg(ExprId(12))
CancelCommonFactorsRule visiting: Number(Ratio { numer: 1, denom: 1 })
CancelCommonFactorsRule visiting: Add(ExprId(1), ExprId(0))
shares_factor: num=[ExprId(40)] den=[ExprId(105)]
  num factor: Variable("x") args: []
CancelCommonFactorsRule visiting: Mul(ExprId(65), ExprId(63))
CancelCommonFactorsRule visiting: Number(Ratio { numer: 3, denom: 1 })
CancelCommonFactorsRule visiting: Function("sin", [ExprId(16)])
CancelCommonFactorsRule visiting: Variable("x")
CancelCommonFactorsRule visiting: Function("cos", [ExprId(16)])
CancelCommonFactorsRule visiting: Number(Ratio { numer: 1, denom: 1 })
CancelCommonFactorsRule visiting: Number(Ratio { numer: 2, denom: 1 })
CancelCommonFactorsRule visiting: Variable("x")
CancelCommonFactorsRule visiting: Mul(ExprId(108), ExprId(107))
CancelCommonFactorsRule visiting: Neg(ExprId(11))
CancelCommonFactorsRule visiting: Pow(ExprId(3), ExprId(4))
CancelCommonFactorsRule visiting: Number(Ratio { numer: 3, denom: 1 })
CancelCommonFactorsRule visiting: Number(Ratio { numer: -3, denom: 1 })
CancelCommonFactorsRule visiting: Number(Ratio { numer: 3, denom: 1 })
CancelCommonFactorsRule visiting: Number(Ratio { numer: 3, denom: 1 })
CancelCommonFactorsRule visiting: Constant(Infinity)
CancelCommonFactorsRule visiting: Add(ExprId(95), ExprId(126))
CancelCommonFactorsRule visiting: Number(Ratio { numer: 6, denom: 1 })
CancelCommonFactorsRule visiting: Add(ExprId(178), ExprId(181))
CancelCommonFactorsRule visiting: Function("sin", [ExprId(24)])
CancelCommonFactorsRule visiting: Div(ExprId(19), ExprId(20))
CancelCommonFactorsRule visiting: Add(ExprId(82), ExprId(182))
CancelCommonFactorsRule visiting: Number(Ratio { numer: 2, denom: 1 })

CancelCommonFactorsRule visiting: Add(ExprId(78), ExprId(183))
CancelCommonFactorsRule visiting: Add(ExprId(134), ExprId(135))
CancelCommonFactorsRule visiting: Pow(ExprId(1), ExprId(52))
CancelCommonFactorsRule visiting: Add(ExprId(131), ExprId(136))
CancelCommonFactorsRule visiting: Number(Ratio { numer: 1, denom: 1 })
CancelCommonFactorsRule visiting: Number(Ratio { numer: 2, denom: 1 })
CancelCommonFactorsRule visiting: Mul(ExprId(54), ExprId(53))
CancelCommonFactorsRule visiting: Number(Ratio { numer: 2, denom: 1 })
CancelCommonFactorsRule visiting: Number(Ratio { numer: 3, denom: 1 })
CancelCommonFactorsRule visiting: Variable("x")
CancelCommonFactorsRule visiting: Number(Ratio { numer: 3, denom: 1 })
CancelCommonFactorsRule visiting: Variable("x")
CancelCommonFactorsRule visiting: Pow(ExprId(28), ExprId(29))
CancelCommonFactorsRule visiting: Add(ExprId(2), ExprId(5))
  den factor: Add(ExprId(104), ExprId(86)) args: []
CancelCommonFactorsRule visiting: Number(Ratio { numer: 1, denom: 1 })
CancelCommonFactorsRule visiting: Variable("x")
CancelCommonFactorsRule visiting: Neg(ExprId(105))
CancelCommonFactorsRule visiting: Number(Ratio { numer: -1, denom: 1 })
CancelCommonFactorsRule visiting: Constant(E)
CancelCommonFactorsRule visiting: Neg(ExprId(21))
CancelCommonFactorsRule visiting: Variable("x")
CancelCommonFactorsRule visiting: Add(ExprId(140), ExprId(8))
CancelCommonFactorsRule visiting: Add(ExprId(106), ExprId(109))
CancelCommonFactorsRule visiting: Number(Ratio { numer: 2, denom: 1 })
CancelCommonFactorsRule visiting: Function("cos", [ExprId(27)])
CancelCommonFactorsRule visiting: Pow(ExprId(1), ExprId(56))
CancelCommonFactorsRule visiting: Variable("x")
CancelCommonFactorsRule visiting: Variable("c")
CancelCommonFactorsRule visiting: Function("sin", [ExprId(5)])
CancelCommonFactorsRule visiting: Number(Ratio { numer: 5, denom: 1 })
CancelCommonFactorsRule visiting: Number(Ratio { numer: 4, denom: 1 })
CancelCommonFactorsRule visiting: Pow(ExprId(0), ExprId(68))
CancelCommonFactorsRule visiting: Number(Ratio { numer: 0, denom: 1 })
CancelCommonFactorsRule visiting: Variable("x")
CancelCommonFactorsRule visiting: Div(ExprId(103), ExprId(110))
CancelCommonFactorsRule visiting: Pow(ExprId(12), ExprId(13))
CancelCommonFactorsRule visiting: Number(Ratio { numer: 9, denom: 1 })
CancelCommonFactorsRule visiting: Mul(ExprId(26), ExprId(28))
CancelCommonFactorsRule visiting: Number(Ratio { numer: 1, denom: 2 })
CancelCommonFactorsRule visiting: Add(ExprId(25), ExprId(29))
CancelCommonFactorsRule visiting: Mul(ExprId(0), ExprId(57))
CancelCommonFactorsRule visiting: Number(Ratio { numer: 1, denom: 1 })
CancelCommonFactorsRule visiting: Neg(ExprId(25))
CancelCommonFactorsRule visiting: Mul(ExprId(59), ExprId(75))
CancelCommonFactorsRule visiting: Number(Ratio { numer: 3, denom: 1 })
CancelCommonFactorsRule visiting: Number(Ratio { numer: -2, denom: 1 })
CancelCommonFactorsRule visiting: Number(Ratio { numer: 3, denom: 1 })
CancelCommonFactorsRule visiting: Neg(ExprId(12))
CancelCommonFactorsRule visiting: Function("sin", [ExprId(0)])
CancelCommonFactorsRule visiting: Constant(E)
CancelCommonFactorsRule visiting: Constant(E)
CancelCommonFactorsRule visiting: Number(Ratio { numer: 1, denom: 1 })
CancelCommonFactorsRule visiting: Variable("x")
CancelCommonFactorsRule visiting: Variable("x")
CancelCommonFactorsRule visiting: Variable("x")
CancelCommonFactorsRule visiting: Function("cos", [ExprId(3)])
CancelCommonFactorsRule visiting: Number(Ratio { numer: 1, denom: 1 })
CancelCommonFactorsRule visiting: Add(ExprId(2), ExprId(4))
CancelCommonFactorsRule visiting: Add(ExprId(53), ExprId(77))
CancelCommonFactorsRule visiting: Mul(ExprId(67), ExprId(69))
CancelCommonFactorsRule visiting: Number(Ratio { numer: 1, denom: 1 })
CancelCommonFactorsRule visiting: Number(Ratio { numer: 0, denom: 1 })
CancelCommonFactorsRule visiting: Number(Ratio { numer: 1, denom: 2 })
CancelCommonFactorsRule visiting: Add(ExprId(95), ExprId(126))
CancelCommonFactorsRule visiting: Number(Ratio { numer: 2, denom: 1 })
CancelCommonFactorsRule visiting: Variable("x")
CancelCommonFactorsRule visiting: Pow(ExprId(7), ExprId(8))
CancelCommonFactorsRule visiting: Neg(ExprId(29))
CancelCommonFactorsRule visiting: Function("cos", [ExprId(7)])
CancelCommonFactorsRule visiting: Number(Ratio { numer: -1, denom: 1 })
CancelCommonFactorsRule visiting: Add(ExprId(43), ExprId(44))
CancelCommonFactorsRule visiting: Add(ExprId(8), ExprId(6))
CancelCommonFactorsRule visiting: Number(Ratio { numer: 1, denom: 1 })
CancelCommonFactorsRule visiting: Number(Ratio { numer: 3, denom: 1 })
CancelCommonFactorsRule visiting: Constant(Infinity)
CancelCommonFactorsRule visiting: Number(Ratio { numer: 1, denom: 1 })
CancelCommonFactorsRule visiting: Pow(ExprId(145), ExprId(177))
CancelCommonFactorsRule visiting: Number(Ratio { numer: 2, denom: 1 })
CancelCommonFactorsRule visiting: Add(ExprId(178), ExprId(266))
CancelCommonFactorsRule visiting: Function("log", [ExprId(6), ExprId(109)])
test test_rational_inequality_signs ... CancelCommonFactorsRule visiting: Neg(ExprId(16))
CancelCommonFactorsRule visiting: Constant(E)
CancelCommonFactorsRule visiting: Variable("d")
CancelCommonFactorsRule visiting: Add(ExprId(82), ExprId(267))
CancelCommonFactorsRule visiting: Number(Ratio { numer: 2, denom: 1 })
CancelCommonFactorsRule visiting: Number(Ratio { numer: 0, denom: 1 })
CancelCommonFactorsRule visiting: Number(Ratio { numer: 2, denom: 1 })
CancelCommonFactorsRule visiting: Neg(ExprId(25))
CancelCommonFactorsRule visiting: Number(Ratio { numer: 1, denom: 1 })
CancelCommonFactorsRule visiting: Number(Ratio { numer: 0, denom: 1 })
CancelCommonFactorsRule visiting: Neg(ExprId(178))
CancelCommonFactorsRule visiting: Pow(ExprId(13), ExprId(14))
CancelCommonFactorsRule visiting: Pow(ExprId(15), ExprId(17))
CancelCommonFactorsRule visiting: Div(ExprId(1), ExprId(5))
CancelCommonFactorsRule visiting: Add(ExprId(118), ExprId(117))
CancelCommonFactorsRule visiting: Number(Ratio { numer: 2, denom: 1 })
CancelCommonFactorsRule visiting: Neg(ExprId(21))
CancelCommonFactorsRule visiting: Number(Ratio { numer: 2, denom: 1 })
CancelCommonFactorsRule visiting: Number(Ratio { numer: 2, denom: 1 })
CancelCommonFactorsRule visiting: Number(Ratio { numer: 3, denom: 1 })
CancelCommonFactorsRule visiting: Add(ExprId(69), ExprId(268))
CancelCommonFactorsRule visiting: Number(Ratio { numer: 1, denom: 1 })
CancelCommonFactorsRule visiting: Number(Ratio { numer: 2, denom: 1 })
CancelCommonFactorsRule visiting: Number(Ratio { numer: 0, denom: 1 })
CancelCommonFactorsRule visiting: Add(ExprId(78), ExprId(269))
CancelCommonFactorsRule visiting: Number(Ratio { numer: -1, denom: 1 })
CancelCommonFactorsRule visiting: Number(Ratio { numer: 1, denom: 1 })
CancelCommonFactorsRule visiting: Number(Ratio { numer: 2, denom: 1 })
CancelCommonFactorsRule visiting: Neg(ExprId(18))
CancelCommonFactorsRule visiting: Add(ExprId(16), ExprId(15))
CancelCommonFactorsRule visiting: Number(Ratio { numer: 0, denom: 1 })
CancelCommonFactorsRule visiting: Add(ExprId(34), ExprId(14))
CancelCommonFactorsRule visiting: Function("sin", [ExprId(16)])
CancelCommonFactorsRule visiting: Number(Ratio { numer: 1, denom: 1 })
CancelCommonFactorsRule visiting: Function("sin", [ExprId(7)])
CancelCommonFactorsRule visiting: Function("cos", [ExprId(16)])
CancelCommonFactorsRule visiting: Div(ExprId(116), ExprId(122))
CancelCommonFactorsRule visiting: Mul(ExprId(31), ExprId(30))
ok
CancelCommonFactorsRule visiting: Mul(ExprId(29), ExprId(43))
CancelCommonFactorsRule visiting: Number(Ratio { numer: 3, denom: 1 })
CancelCommonFactorsRule visiting: Number(Ratio { numer: 2, denom: 1 })
CancelCommonFactorsRule visiting: Number(Ratio { numer: 0, denom: 1 })
CancelCommonFactorsRule visiting: Pow(ExprId(0), ExprId(61))
CancelCommonFactorsRule visiting: Number(Ratio { numer: 2, denom: 1 })
CancelCommonFactorsRule visiting: Number(Ratio { numer: -1, denom: 1 })
CancelCommonFactorsRule visiting: Variable("x")
CancelCommonFactorsRule visiting: Mul(ExprId(16), ExprId(0))
CancelCommonFactorsRule visiting: Mul(ExprId(143), ExprId(5))
CancelCommonFactorsRule visiting: Pow(ExprId(10), ExprId(11))
CancelCommonFactorsRule visiting: Mul(ExprId(16), ExprId(9))
CancelCommonFactorsRule visiting: Number(Ratio { numer: 1, denom: 1 })
CancelCommonFactorsRule visiting: Variable("x")
test test_torture_18_product_rule ... CancelCommonFactorsRule visiting: Mul(ExprId(1), ExprId(62))
CancelCommonFactorsRule visiting: Mul(ExprId(64), ExprId(63))
CancelCommonFactorsRule visiting: Variable("x")
CancelCommonFactorsRule visiting: Mul(ExprId(59), ExprId(75))
CancelCommonFactorsRule visiting: Number(Ratio { numer: 2, denom: 1 })
CancelCommonFactorsRule visiting: Add(ExprId(9), ExprId(12))
CancelCommonFactorsRule visiting: Number(Ratio { numer: 1, denom: 1 })
CancelCommonFactorsRule visiting: Number(Ratio { numer: 1, denom: 2 })
CancelCommonFactorsRule visiting: Function("cos", [ExprId(16)])
CancelCommonFactorsRule visiting: Number(Ratio { numer: 0, denom: 1 })
CancelCommonFactorsRule visiting: Number(Ratio { numer: 5, denom: 1 })
ok
CancelCommonFactorsRule visiting: Add(ExprId(142), ExprId(144))
CancelCommonFactorsRule visiting: Neg(ExprId(9))
CancelCommonFactorsRule visiting: Number(Ratio { numer: 1, denom: 2 })
CancelCommonFactorsRule visiting: Number(Ratio { numer: 1, denom: 1 })
CancelCommonFactorsRule visiting: Mul(ExprId(16), ExprId(154))
CancelCommonFactorsRule visiting: Mul(ExprId(2), ExprId(9))
Parsed AST: Sub(ExprId(9), ExprId(14))
CancelCommonFactorsRule visiting: Number(Ratio { numer: 0, denom: 1 })
CancelCommonFactorsRule visiting: Pow(ExprId(187), ExprId(188))
CancelCommonFactorsRule visiting: Neg(ExprId(189))
CancelCommonFactorsRule visiting: Function("log", [ExprId(6), ExprId(109)])
CancelCommonFactorsRule visiting: Variable("x")
CancelCommonFactorsRule visiting: Number(Ratio { numer: 2, denom: 1 })
CancelCommonFactorsRule visiting: Add(ExprId(65), ExprId(77))
test test_rational_simplification_invisible ... ok
CancelCommonFactorsRule visiting: Mul(ExprId(16), ExprId(71))
CancelCommonFactorsRule visiting: Variable("x")
CancelCommonFactorsRule visiting: Mul(ExprId(16), ExprId(178))
CancelCommonFactorsRule visiting: Number(Ratio { numer: 2, denom: 1 })
CancelCommonFactorsRule visiting: Variable("x")
CancelCommonFactorsRule visiting: Number(Ratio { numer: -1, denom: 1 })
CancelCommonFactorsRule visiting: Number(Ratio { numer: 1, denom: 2 })
CancelCommonFactorsRule visiting: Pow(ExprId(145), ExprId(162))
CancelCommonFactorsRule visiting: Pow(ExprId(6), ExprId(18))
CancelCommonFactorsRule visiting: Mul(ExprId(42), ExprId(18))
CancelCommonFactorsRule visiting: Add(ExprId(53), ExprId(88))
CancelCommonFactorsRule visiting: Number(Ratio { numer: 1, denom: 1 })
CancelCommonFactorsRule visiting: Pow(ExprId(5), ExprId(6))
CancelCommonFactorsRule visiting: Number(Ratio { numer: 2, denom: 1 })
CancelCommonFactorsRule visiting: Number(Ratio { numer: 5, denom: 1 })
CancelCommonFactorsRule visiting: Variable("x")
CancelCommonFactorsRule visiting: Number(Ratio { numer: 1, denom: 1 })
CancelCommonFactorsRule visiting: Mul(ExprId(409), ExprId(27))
CancelCommonFactorsRule visiting: Add(ExprId(71), ExprId(178))
CancelCommonFactorsRule visiting: Number(Ratio { numer: 1, denom: 1 })
CancelCommonFactorsRule visiting: Add(ExprId(135), ExprId(134))
CancelCommonFactorsRule visiting: Add(ExprId(154), ExprId(387))
CancelCommonFactorsRule visiting: Mul(ExprId(5), ExprId(9))
CancelCommonFactorsRule visiting: Number(Ratio { numer: -1, denom: 1 })
CancelCommonFactorsRule visiting: Number(Ratio { numer: 1, denom: 1 })
CancelCommonFactorsRule visiting: Add(ExprId(49), ExprId(51))
CancelCommonFactorsRule visiting: Add(ExprId(8), ExprId(19))
CancelCommonFactorsRule visiting: Number(Ratio { numer: 3, denom: 1 })
CancelCommonFactorsRule visiting: Variable("x")
CancelCommonFactorsRule visiting: Mul(ExprId(2), ExprId(12))
CancelCommonFactorsRule visiting: Add(ExprId(186), ExprId(191))
CancelCommonFactorsRule visiting: Function("sin", [ExprId(10)])
CancelCommonFactorsRule visiting: Number(Ratio { numer: 1, denom: 1 })
CancelCommonFactorsRule visiting: Function("cos", [ExprId(10)])
CancelCommonFactorsRule visiting: Number(Ratio { numer: 2, denom: 1 })
CancelCommonFactorsRule visiting: Add(ExprId(377), ExprId(391))
CancelCommonFactorsRule visiting: Number(Ratio { numer: -1, denom: 2 })
CancelCommonFactorsRule visiting: Mul(ExprId(50), ExprId(18))
CancelCommonFactorsRule visiting: Add(ExprId(0), ExprId(400))
CancelCommonFactorsRule visiting: Number(Ratio { numer: 1, denom: 1 })
test test_torture_10_ghost_solution ... CancelCommonFactorsRule visiting: Pow(ExprId(0), ExprId(67))
CancelCommonFactorsRule visiting: Add(ExprId(366), ExprId(423))
CancelCommonFactorsRule visiting: Mul(ExprId(66), ExprId(68))
CancelCommonFactorsRule visiting: Mul(ExprId(5), ExprId(12))
CancelCommonFactorsRule visiting: Number(Ratio { numer: 1, denom: 1 })
CancelCommonFactorsRule visiting: Number(Ratio { numer: 1, denom: 1 })
CancelCommonFactorsRule visiting: Number(Ratio { numer: 0, denom: 1 })
CancelCommonFactorsRule visiting: Number(Ratio { numer: 1, denom: 1 })
CancelCommonFactorsRule visiting: Number(Ratio { numer: 0, denom: 1 })
CancelCommonFactorsRule visiting: Number(Ratio { numer: 2, denom: 1 })
CancelCommonFactorsRule visiting: Add(ExprId(203), ExprId(144))
CancelCommonFactorsRule visiting: Number(Ratio { numer: -1, denom: 1 })
CancelCommonFactorsRule visiting: Number(Ratio { numer: -1, denom: 1 })
CancelCommonFactorsRule visiting: Constant(E)
CancelCommonFactorsRule visiting: Mul(ExprId(111), ExprId(15))
okCancelCommonFactorsRule visiting: Variable("x")
CancelCommonFactorsRule visiting: Number(Ratio { numer: 1, denom: 1 })
CancelCommonFactorsRule visiting: Add(ExprId(61), ExprId(63))
CancelCommonFactorsRule visiting: Number(Ratio { numer: 1, denom: 1 })
CancelCommonFactorsRule visiting: Div(ExprId(133), ExprId(139))
CancelCommonFactorsRule visiting: Mul(ExprId(42), ExprId(14))
CancelCommonFactorsRule visiting: Add(ExprId(116), ExprId(133))
CancelCommonFactorsRule visiting: Add(ExprId(51), ExprId(45))
CancelCommonFactorsRule visiting: Number(Ratio { numer: -2, denom: 1 })
CancelCommonFactorsRule visiting: Number(Ratio { numer: 2, denom: 1 })
CancelCommonFactorsRule visiting: Add(ExprId(218), ExprId(144))
CancelCommonFactorsRule visiting: Add(ExprId(65), ExprId(77))

CancelCommonFactorsRule visiting: Number(Ratio { numer: 2, denom: 1 })
CancelCommonFactorsRule visiting: Add(ExprId(68), ExprId(112))
CancelCommonFactorsRule visiting: Div(ExprId(22), ExprId(23))
CancelCommonFactorsRule visiting: Number(Ratio { numer: 1, denom: 4 })
CancelCommonFactorsRule visiting: Add(ExprId(53), ExprId(113))
CancelCommonFactorsRule visiting: Number(Ratio { numer: -1, denom: 1 })
CancelCommonFactorsRule visiting: Variable("x")
CancelCommonFactorsRule visiting: Mul(ExprId(67), ExprId(16))
shares_factor: num=[ExprId(116)] den=[ExprId(122)]
  num factor: Number(Ratio { numer: 1, denom: 1 }) args: []
  den factor: Add(ExprId(118), ExprId(117)) args: []
CancelCommonFactorsRule visiting: Function("sin", [ExprId(16)])
CancelCommonFactorsRule visiting: Number(Ratio { numer: 5, denom: 1 })
CancelCommonFactorsRule visiting: Number(Ratio { numer: 1, denom: 1 })
CancelCommonFactorsRule visiting: Function("log", [ExprId(0), ExprId(1)])
CancelCommonFactorsRule visiting: Constant(E)
CancelCommonFactorsRule visiting: Neg(ExprId(24))
CancelCommonFactorsRule visiting: Variable("y")
CancelCommonFactorsRule visiting: Add(ExprId(51), ExprId(63))
CancelCommonFactorsRule visiting: Function("sin", [ExprId(12)])
CancelCommonFactorsRule visiting: Number(Ratio { numer: 2, denom: 1 })
CancelCommonFactorsRule visiting: Number(Ratio { numer: 3, denom: 1 })
CancelCommonFactorsRule visiting: Add(ExprId(29), ExprId(10))
shares_factor: num=[ExprId(133)] den=[ExprId(122)]
  num factor: Variable("x") args: []
  den factor: Add(ExprId(118), ExprId(117)) args: []
CancelCommonFactorsRule visiting: Number(Ratio { numer: -2, denom: 1 })
CancelCommonFactorsRule visiting: Mul(ExprId(91), ExprId(16))
CancelCommonFactorsRule visiting: Pow(ExprId(15), ExprId(92))
CancelCommonFactorsRule visiting: Variable("x")
CancelCommonFactorsRule visiting: Mul(ExprId(83), ExprId(94))
CancelCommonFactorsRule visiting: Number(Ratio { numer: -1, denom: 1 })
CancelCommonFactorsRule visiting: Number(Ratio { numer: 1, denom: 1 })
CancelCommonFactorsRule visiting: Number(Ratio { numer: 0, denom: 1 })
CancelCommonFactorsRule visiting: Add(ExprId(231), ExprId(163))
CancelCommonFactorsRule visiting: Function("cos", [ExprId(12)])
CancelCommonFactorsRule visiting: Number(Ratio { numer: 0, denom: 1 })
CancelCommonFactorsRule visiting: Div(ExprId(26), ExprId(27))
CancelCommonFactorsRule visiting: Pow(ExprId(5), ExprId(6))
CancelCommonFactorsRule visiting: Neg(ExprId(28))
CancelCommonFactorsRule visiting: Number(Ratio { numer: 1, denom: 1 })
CancelCommonFactorsRule visiting: Neg(ExprId(7))
CancelCommonFactorsRule visiting: Number(Ratio { numer: 1, denom: 1 })
CancelCommonFactorsRule visiting: Number(Ratio { numer: 4, denom: 1 })
CancelCommonFactorsRule visiting: Number(Ratio { numer: 1, denom: 1 })
test test_torture_14_rational_telescoping ... CancelCommonFactorsRule visiting: Mul(ExprId(175), ExprId(189))
CancelCommonFactorsRule visiting: Number(Ratio { numer: 1, denom: 1 })
CancelCommonFactorsRule visiting: Neg(ExprId(189))
shares_factor: num=[ExprId(218)] den=[ExprId(233)]
CancelCommonFactorsRule visiting: Div(ExprId(152), ExprId(122))
CancelCommonFactorsRule visiting: Number(Ratio { numer: 2, denom: 1 })
CancelCommonFactorsRule visiting: Number(Ratio { numer: 10, denom: 1 })
CancelCommonFactorsRule visiting: Variable("x")
CancelCommonFactorsRule visiting: Number(Ratio { numer: 1, denom: 1 })
CancelCommonFactorsRule visiting: Number(Ratio { numer: 1, denom: 1 })
okCancelCommonFactorsRule visiting: Number(Ratio { numer: 5, denom: 1 })
CancelCommonFactorsRule visiting: Pow(ExprId(15), ExprId(92))
CancelCommonFactorsRule visiting: Mul(ExprId(69), ExprId(94))
CancelCommonFactorsRule visiting: Mul(ExprId(83), ExprId(94))
  num factor: Number(Ratio { numer: -2, denom: 1 }) args: []
  den factor: Add(ExprId(231), ExprId(163)) args: []
shares_factor: num=[ExprId(5), ExprId(143)] den=[ExprId(233)]
  num factor: Variable("x") args: []
  num factor: Number(Ratio { numer: 2, denom: 1 }) args: []
CancelCommonFactorsRule visiting: Variable("x")
CancelCommonFactorsRule visiting: Pow(ExprId(9), ExprId(10))
CancelCommonFactorsRule visiting: Number(Ratio { numer: 2, denom: 1 })
CancelCommonFactorsRule visiting: Mul(ExprId(415), ExprId(11))
CancelCommonFactorsRule visiting: Add(ExprId(61), ExprId(70))
CancelCommonFactorsRule visiting: Number(Ratio { numer: 10, denom: 1 })
CancelCommonFactorsRule visiting: Constant(E)
CancelCommonFactorsRule visiting: Variable("x")
CancelCommonFactorsRule visiting: Number(Ratio { numer: 0, denom: 1 })
CancelCommonFactorsRule visiting: Number(Ratio { numer: 2, denom: 1 })
CancelCommonFactorsRule visiting: Number(Ratio { numer: 2, denom: 1 })
shares_factor: num=[ExprId(8)] den=[ExprId(31)]
  num factor: Number(Ratio { numer: 1, denom: 1 }) args: []
  den factor: Add(ExprId(29), ExprId(10)) args: []
CancelCommonFactorsRule visiting: Function("log", [ExprId(3), ExprId(4)])
CancelCommonFactorsRule visiting: Div(ExprId(2), ExprId(5))
CancelCommonFactorsRule visiting: Constant(E)
CancelCommonFactorsRule visiting: Add(ExprId(12), ExprId(11))
CancelCommonFactorsRule visiting: Number(Ratio { numer: 10, denom: 1 })
CancelCommonFactorsRule visiting: Variable("x")
CancelCommonFactorsRule visiting: Function("log", [ExprId(7), ExprId(8)])
CancelCommonFactorsRule visiting: Number(Ratio { numer: 1, denom: 1 })
CancelCommonFactorsRule visiting: Add(ExprId(214), ExprId(218))
CancelCommonFactorsRule visiting: Number(Ratio { numer: 2, denom: 1 })
CancelCommonFactorsRule visiting: Number(Ratio { numer: -1, denom: 1 })
CancelCommonFactorsRule visiting: Pow(ExprId(48), ExprId(49))
CancelCommonFactorsRule visiting: Number(Ratio { numer: 0, denom: 1 })
CancelCommonFactorsRule visiting: Number(Ratio { numer: 0, denom: 1 })
  den factor: Add(ExprId(231), ExprId(163)) args: []
CancelCommonFactorsRule visiting: Number(Ratio { numer: 1, denom: 1 })
CancelCommonFactorsRule visiting: Add(ExprId(65), ExprId(77))
CancelCommonFactorsRule visiting: Number(Ratio { numer: -1, denom: 1 })
CancelCommonFactorsRule visiting: Pow(ExprId(0), ExprId(1))
CancelCommonFactorsRule visiting: Pow(ExprId(13), ExprId(536))
CancelCommonFactorsRule visiting: Number(Ratio { numer: 1, denom: 1 })
CancelCommonFactorsRule visiting: Add(ExprId(49), ExprId(71))
CancelCommonFactorsRule visiting: Neg(ExprId(163))
CancelCommonFactorsRule visiting: Pow(ExprId(21), ExprId(22))
CancelCommonFactorsRule visiting: Variable("a")
CancelCommonFactorsRule visiting: Variable("x")
CancelCommonFactorsRule visiting: Add(ExprId(231), ExprId(251))
shares_factor: num=[ExprId(19)] den=[ExprId(31)]
  num factor: Pow(ExprId(6), ExprId(18)) args: []
  den factor: Add(ExprId(29), ExprId(10)) args: []
CancelCommonFactorsRule visiting: Number(Ratio { numer: 0, denom: 1 })

CancelCommonFactorsRule visiting: Add(ExprId(68), ExprId(156))
CancelCommonFactorsRule visiting: Constant(E)
CancelCommonFactorsRule visiting: Number(Ratio { numer: 2, denom: 1 })
CancelCommonFactorsRule visiting: Add(ExprId(53), ExprId(157))
CancelCommonFactorsRule visiting: Number(Ratio { numer: 6, denom: 1 })
CancelCommonFactorsRule visiting: Variable("y")
CancelCommonFactorsRule visiting: Number(Ratio { numer: 3, denom: 1 })
CancelCommonFactorsRule visiting: Add(ExprId(0), ExprId(1))
CancelCommonFactorsRule visiting: Add(ExprId(167), ExprId(14))
CancelCommonFactorsRule visiting: Number(Ratio { numer: 0, denom: 1 })
shares_factor: num=[ExprId(12)] den=[ExprId(169)]
  num factor: Number(Ratio { numer: 1, denom: 1 }) args: []
CancelCommonFactorsRule visiting: Number(Ratio { numer: 2, denom: 1 })
CancelCommonFactorsRule visiting: Variable("x")
CancelCommonFactorsRule visiting: Variable("y")
CancelCommonFactorsRule visiting: Mul(ExprId(411), ExprId(23))
CancelCommonFactorsRule visiting: Variable("c")
CancelCommonFactorsRule visiting: Number(Ratio { numer: 10, denom: 1 })
CancelCommonFactorsRule visiting: Number(Ratio { numer: -1, denom: 1 })
CancelCommonFactorsRule visiting: Variable("x")
CancelCommonFactorsRule visiting: Neg(ExprId(50))
CancelCommonFactorsRule visiting: Number(Ratio { numer: 2, denom: 1 })
CancelCommonFactorsRule visiting: Add(ExprId(47), ExprId(52))
CancelCommonFactorsRule visiting: Function("sin", [ExprId(0)])
  den factor: Add(ExprId(167), ExprId(14)) args: []
shares_factor: num=[ExprId(11)] den=[ExprId(169)]
  num factor: Variable("x") args: []
  den factor: Add(ExprId(167), ExprId(14)) args: []
CancelCommonFactorsRule visiting: Number(Ratio { numer: 2, denom: 1 })
CancelCommonFactorsRule visiting: Add(ExprId(0), ExprId(1))
CancelCommonFactorsRule visiting: Variable("x")
CancelCommonFactorsRule visiting: Function("sin", [ExprId(0)])
CancelCommonFactorsRule visiting: Mul(ExprId(15), ExprId(16))
CancelCommonFactorsRule visiting: Pow(ExprId(7), ExprId(546))
CancelCommonFactorsRule visiting: Variable("b")
CancelCommonFactorsRule visiting: Mul(ExprId(198), ExprId(63))
CancelCommonFactorsRule visiting: Number(Ratio { numer: 1, denom: 1 })
CancelCommonFactorsRule visiting: Number(Ratio { numer: 3, denom: 1 })
CancelCommonFactorsRule visiting: Div(ExprId(21), ExprId(31))
CancelCommonFactorsRule visiting: Mul(ExprId(200), ExprId(75))
CancelCommonFactorsRule visiting: Number(Ratio { numer: 1, denom: 1 })
CancelCommonFactorsRule visiting: Neg(ExprId(41))
CancelCommonFactorsRule visiting: Add(ExprId(199), ExprId(201))
CancelCommonFactorsRule visiting: Number(Ratio { numer: -3, denom: 1 })
CancelCommonFactorsRule visiting: Mul(ExprId(8), ExprId(6))
CancelCommonFactorsRule visiting: Function("log", [ExprId(10), ExprId(11)])
CancelCommonFactorsRule visiting: Mul(ExprId(178), ExprId(177))
CancelCommonFactorsRule visiting: Div(ExprId(9), ExprId(12))
CancelCommonFactorsRule visiting: Number(Ratio { numer: 3, denom: 1 })
CancelCommonFactorsRule visiting: Pow(ExprId(15), ExprId(16))
CancelCommonFactorsRule visiting: Div(ExprId(159), ExprId(169))
CancelCommonFactorsRule visiting: Mul(ExprId(413), ExprId(17))
CancelCommonFactorsRule visiting: Function("cos", [ExprId(1)])
CancelCommonFactorsRule visiting: Number(Ratio { numer: 2, denom: 1 })
CancelCommonFactorsRule visiting: Mul(ExprId(34), ExprId(33))
CancelCommonFactorsRule visiting: Mul(ExprId(34), ExprId(50))
CancelCommonFactorsRule visiting: Function("cos", [ExprId(0)])
CancelCommonFactorsRule visiting: Constant(E)
CancelCommonFactorsRule visiting: Function("sin", [ExprId(1)])
CancelCommonFactorsRule visiting: Function("cos", [ExprId(1)])
CancelCommonFactorsRule visiting: Mul(ExprId(36), ExprId(37))
CancelCommonFactorsRule visiting: Mul(ExprId(26), ExprId(25))
CancelCommonFactorsRule visiting: Add(ExprId(38), ExprId(40))
CancelCommonFactorsRule visiting: Mul(ExprId(9), ExprId(2))
CancelCommonFactorsRule visiting: Variable("x")
CancelCommonFactorsRule visiting: Number(Ratio { numer: 1, denom: 1 })
CancelCommonFactorsRule visiting: Number(Ratio { numer: 1, denom: 1 })
CancelCommonFactorsRule visiting: Variable("x")
CancelCommonFactorsRule visiting: Add(ExprId(412), ExprId(414))
CancelCommonFactorsRule visiting: Add(ExprId(116), ExprId(133))
CancelCommonFactorsRule visiting: Number(Ratio { numer: 1, denom: 1 })
CancelCommonFactorsRule visiting: Add(ExprId(53), ExprId(202))
CancelCommonFactorsRule visiting: Variable("x")
CancelCommonFactorsRule visiting: Variable("h")
shares_factor: num=[ExprId(53)] den=[ExprId(9)]
  num factor: Pow(ExprId(1), ExprId(52)) args: []
  den factor: Variable("h") args: []
CancelCommonFactorsRule visiting: Function("cos", [ExprId(0)])
CancelCommonFactorsRule visiting: Number(Ratio { numer: 1, denom: 1 })
CancelCommonFactorsRule visiting: Function("sin", [ExprId(1)])
CancelCommonFactorsRule visiting: Function("cos", [ExprId(4)])
CancelCommonFactorsRule visiting: Mul(ExprId(28), ExprId(29))
CancelCommonFactorsRule visiting: Variable("y")
CancelCommonFactorsRule visiting: Add(ExprId(30), ExprId(32))
CancelCommonFactorsRule visiting: Number(Ratio { numer: -1, denom: 1 })
CancelCommonFactorsRule visiting: Variable("x")
CancelCommonFactorsRule visiting: Neg(ExprId(547))
CancelCommonFactorsRule visiting: Add(ExprId(118), ExprId(117))
CancelCommonFactorsRule visiting: Variable("d")
CancelCommonFactorsRule visiting: Number(Ratio { numer: 1, denom: 1 })
CancelCommonFactorsRule visiting: Neg(ExprId(189))
CancelCommonFactorsRule visiting: Number(Ratio { numer: 7, denom: 1 })
CancelCommonFactorsRule visiting: Variable("y")
CancelCommonFactorsRule visiting: Number(Ratio { numer: 1, denom: 1 })
CancelCommonFactorsRule visiting: Mul(ExprId(5), ExprId(12))
CancelCommonFactorsRule visiting: Div(ExprId(23), ExprId(27))
CancelCommonFactorsRule visiting: Number(Ratio { numer: -2, denom: 1 })
CancelCommonFactorsRule visiting: Function("cos", [ExprId(6)])
CancelCommonFactorsRule visiting: Mul(ExprId(270), ExprId(5))
CancelCommonFactorsRule visiting: Variable("x")
CancelCommonFactorsRule visiting: Mul(ExprId(5), ExprId(7))
CancelCommonFactorsRule visiting: Function("cos", [ExprId(9)])
CancelCommonFactorsRule visiting: Variable("y")
CancelCommonFactorsRule visiting: Add(ExprId(218), ExprId(179))
CancelCommonFactorsRule visiting: Variable("h")
CancelCommonFactorsRule visiting: Number(Ratio { numer: -3, denom: 1 })
CancelCommonFactorsRule visiting: Number(Ratio { numer: 2, denom: 1 })
CancelCommonFactorsRule visiting: Number(Ratio { numer: 1, denom: 2 })
CancelCommonFactorsRule visiting: Number(Ratio { numer: -2, denom: 1 })
CancelCommonFactorsRule visiting: Number(Ratio { numer: 1, denom: 1 })
CancelCommonFactorsRule visiting: Number(Ratio { numer: 1, denom: 1 })
CancelCommonFactorsRule visiting: Number(Ratio { numer: -1, denom: 4 })
CancelCommonFactorsRule visiting: Number(Ratio { numer: -2, denom: 1 })
CancelCommonFactorsRule visiting: Add(ExprId(269), ExprId(271))
CancelCommonFactorsRule visiting: Number(Ratio { numer: -1, denom: 2 })
shares_factor: num=[ExprId(37), ExprId(36)] den=[ExprId(7), ExprId(5)]
  num factor: Function("sin", [ExprId(1)]) args: [Variable("y")]
CancelCommonFactorsRule visiting: Mul(ExprId(18), ExprId(19))
CancelCommonFactorsRule visiting: Pow(ExprId(7), ExprId(555))
CancelCommonFactorsRule visiting: Add(ExprId(17), ExprId(20))
CancelCommonFactorsRule visiting: Add(ExprId(214), ExprId(239))
CancelCommonFactorsRule visiting: Number(Ratio { numer: 2, denom: 1 })
CancelCommonFactorsRule visiting: Mul(ExprId(33), ExprId(15))
CancelCommonFactorsRule visiting: Add(ExprId(416), ExprId(417))
CancelCommonFactorsRule visiting: Number(Ratio { numer: 1, denom: 1 })
shares_factor: num=[ExprId(116)] den=[ExprId(122)]
  num factor: Number(Ratio { numer: 1, denom: 1 }) args: []
  den factor: Add(ExprId(118), ExprId(117)) args: []
CancelCommonFactorsRule visiting: Mul(ExprId(78), ExprId(50))
CancelCommonFactorsRule visiting: Mul(ExprId(83), ExprId(94))
CancelCommonFactorsRule visiting: Add(ExprId(74), ExprId(79))
CancelCommonFactorsRule visiting: Add(ExprId(116), ExprId(101))
CancelCommonFactorsRule visiting: Number(Ratio { numer: 1, denom: 1 })
CancelCommonFactorsRule visiting: Number(Ratio { numer: 2, denom: 1 })
CancelCommonFactorsRule visiting: Number(Ratio { numer: 1, denom: 1 })
CancelCommonFactorsRule visiting: Pow(ExprId(4), ExprId(5))
CancelCommonFactorsRule visiting: Number(Ratio { numer: 0, denom: 1 })
CancelCommonFactorsRule visiting: Mul(ExprId(3), ExprId(6))
CancelCommonFactorsRule visiting: Number(Ratio { numer: 1, denom: 1 })
CancelCommonFactorsRule visiting: Add(ExprId(2), ExprId(7))
CancelCommonFactorsRule visiting: Number(Ratio { numer: 2, denom: 1 })
CancelCommonFactorsRule visiting: Number(Ratio { numer: 0, denom: 1 })
CancelCommonFactorsRule visiting: Pow(ExprId(6), ExprId(181))
CancelCommonFactorsRule visiting: Number(Ratio { numer: 1, denom: 2 })
CancelCommonFactorsRule visiting: Pow(ExprId(1), ExprId(43))
CancelCommonFactorsRule visiting: Mul(ExprId(218), ExprId(163))
CancelCommonFactorsRule visiting: Function("sin", [ExprId(11)])
CancelCommonFactorsRule visiting: Add(ExprId(74), ExprId(79))
CancelCommonFactorsRule visiting: Pow(ExprId(229), ExprId(230))
CancelCommonFactorsRule visiting: Number(Ratio { numer: -1, denom: 1 })
CancelCommonFactorsRule visiting: Number(Ratio { numer: 2, denom: 1 })
CancelCommonFactorsRule visiting: Add(ExprId(74), ExprId(79))
CancelCommonFactorsRule visiting: Pow(ExprId(15), ExprId(104))
CancelCommonFactorsRule visiting: Number(Ratio { numer: 0, denom: 1 })
CancelCommonFactorsRule visiting: Pow(ExprId(16), ExprId(104))
CancelCommonFactorsRule visiting: Add(ExprId(410), ExprId(418))
shares_factor: num=[ExprId(133)] den=[ExprId(122)]
  num factor: Variable("x") args: []
  den factor: Add(ExprId(118), ExprId(117)) args: []
CancelCommonFactorsRule visiting: Mul(ExprId(180), ExprId(182))
test test_torture_7_log_chain ... CancelCommonFactorsRule visiting: Add(ExprId(7), ExprId(419))
CancelCommonFactorsRule visiting: Mul(ExprId(10), ExprId(12))
CancelCommonFactorsRule visiting: Add(ExprId(182), ExprId(179))
CancelCommonFactorsRule visiting: Neg(ExprId(13))
CancelCommonFactorsRule visiting: Number(Ratio { numer: 0, denom: 1 })
CancelCommonFactorsRule visiting: Variable("x")
CancelCommonFactorsRule visiting: Number(Ratio { numer: 1, denom: 1 })
CancelCommonFactorsRule visiting: Number(Ratio { numer: 0, denom: 1 })
CancelCommonFactorsRule visiting: Add(ExprId(122), ExprId(79))
  num factor: Function("cos", [ExprId(0)]) args: [Variable("x")]
CancelCommonFactorsRule visiting: Number(Ratio { numer: 2, denom: 1 })
CancelCommonFactorsRule visiting: Mul(ExprId(5), ExprId(163))
CancelCommonFactorsRule visiting: Mul(ExprId(143), ExprId(293))
ok
CancelCommonFactorsRule visiting: Add(ExprId(291), ExprId(294))
CancelCommonFactorsRule visiting: Number(Ratio { numer: 2, denom: 1 })
CancelCommonFactorsRule visiting: Number(Ratio { numer: 2, denom: 1 })
CancelCommonFactorsRule visiting: Mul(ExprId(313), ExprId(163))
CancelCommonFactorsRule visiting: Function("sin", [ExprId(4)])
CancelCommonFactorsRule visiting: Mul(ExprId(117), ExprId(118))
CancelCommonFactorsRule visiting: Variable("y")
  den factor: Function("cos", [ExprId(6)]) args: [Variable("y")]
CancelCommonFactorsRule visiting: Number(Ratio { numer: 1, denom: 1 })
shares_factor: num=[ExprId(62), ExprId(1), ExprId(198)] den=[ExprId(9)]
  num factor: Pow(ExprId(0), ExprId(61)) args: []
  num factor: Variable("h") args: []
  num factor: Number(Ratio { numer: 3, denom: 1 }) args: []
CancelCommonFactorsRule visiting: Number(Ratio { numer: 2, denom: 1 })
CancelCommonFactorsRule visiting: Variable("x")
CancelCommonFactorsRule visiting: Add(ExprId(408), ExprId(420))
CancelCommonFactorsRule visiting: Mul(ExprId(9), ExprId(10))
CancelCommonFactorsRule visiting: Mul(ExprId(286), ExprId(177))
CancelCommonFactorsRule visiting: Number(Ratio { numer: 0, denom: 1 })
CancelCommonFactorsRule visiting: Add(ExprId(214), ExprId(287))
CancelCommonFactorsRule visiting: Number(Ratio { numer: 1, denom: 1 })
  den factor: Function("cos", [ExprId(4)]) args: [Variable("x")]
CancelCommonFactorsRule visiting: Number(Ratio { numer: 2, denom: 1 })
CancelCommonFactorsRule visiting: Add(ExprId(138), ExprId(79))
CancelCommonFactorsRule visiting: Variable("x")
CancelCommonFactorsRule visiting: Mul(ExprId(38), ExprId(33))
  den factor: Variable("h") args: []
CancelCommonFactorsRule visiting: Add(ExprId(39), ExprId(287))
CancelCommonFactorsRule visiting: Number(Ratio { numer: 5, denom: 1 })
CancelCommonFactorsRule visiting: Number(Ratio { numer: -2, denom: 1 })
CancelCommonFactorsRule visiting: Variable("y")
CancelCommonFactorsRule visiting: Mul(ExprId(316), ExprId(293))
CancelCommonFactorsRule visiting: Number(Ratio { numer: 1, denom: 1 })
CancelCommonFactorsRule visiting: Variable("x")
CancelCommonFactorsRule visiting: Function("cos", [ExprId(6)])
CancelCommonFactorsRule visiting: Number(Ratio { numer: -1, denom: 1 })
CancelCommonFactorsRule visiting: Mul(ExprId(117), ExprId(118))
CancelCommonFactorsRule visiting: Mul(ExprId(7), ExprId(5))
CancelCommonFactorsRule visiting: Number(Ratio { numer: 2, denom: 1 })
CancelCommonFactorsRule visiting: Div(ExprId(199), ExprId(9))
CancelCommonFactorsRule visiting: Number(Ratio { numer: 1, denom: 4 })
CancelCommonFactorsRule visiting: Mul(ExprId(198), ExprId(62))
CancelCommonFactorsRule visiting: Add(ExprId(214), ExprId(299))
CancelCommonFactorsRule visiting: Div(ExprId(201), ExprId(9))
CancelCommonFactorsRule visiting: Pow(ExprId(13), ExprId(571))
CancelCommonFactorsRule visiting: Mul(ExprId(200), ExprId(0))
CancelCommonFactorsRule visiting: Number(Ratio { numer: 0, denom: 1 })
CancelCommonFactorsRule visiting: Mul(ExprId(1), ExprId(0))
CancelCommonFactorsRule visiting: Number(Ratio { numer: 5, denom: 1 })
CancelCommonFactorsRule visiting: Mul(ExprId(106), ExprId(122))
CancelCommonFactorsRule visiting: Number(Ratio { numer: 2, denom: 1 })
CancelCommonFactorsRule visiting: Neg(ExprId(41))
CancelCommonFactorsRule visiting: Add(ExprId(48), ExprId(44))
CancelCommonFactorsRule visiting: Div(ExprId(45), ExprId(139))
CancelCommonFactorsRule visiting: Mul(ExprId(75), ExprId(13))
test test_nested_abs_solve ... okCancelCommonFactorsRule visiting: Add(ExprId(39), ExprId(287))
CancelCommonFactorsRule visiting: Div(ExprId(43), ExprId(139))
CancelCommonFactorsRule visiting: Add(ExprId(30), ExprId(323))
CancelCommonFactorsRule visiting: Pow(ExprId(0), ExprId(68))
CancelCommonFactorsRule visiting: Add(ExprId(214), ExprId(324))
CancelCommonFactorsRule visiting: Number(Ratio { numer: 5, denom: 1 })
CancelCommonFactorsRule visiting: Variable("x")
CancelCommonFactorsRule visiting: Div(ExprId(152), ExprId(122))
CancelCommonFactorsRule visiting: Function("cos", [ExprId(4)])
CancelCommonFactorsRule visiting: Pow(ExprId(12), ExprId(137))
CancelCommonFactorsRule visiting: Number(Ratio { numer: 4, denom: 1 })
CancelCommonFactorsRule visiting: Mul(ExprId(134), ExprId(139))

CancelCommonFactorsRule visiting: Pow(ExprId(13), ExprId(571))
CancelCommonFactorsRule visiting: Number(Ratio { numer: 1, denom: 4 })
CancelCommonFactorsRule visiting: Constant(E)
CancelCommonFactorsRule visiting: Neg(ExprId(15))
CancelCommonFactorsRule visiting: Number(Ratio { numer: 2, denom: 1 })
CancelCommonFactorsRule visiting: Number(Ratio { numer: 2, denom: 1 })
CancelCommonFactorsRule visiting: Add(ExprId(18), ExprId(43))
CancelCommonFactorsRule visiting: Constant(E)
CancelCommonFactorsRule visiting: Neg(ExprId(44))
CancelCommonFactorsRule visiting: Mul(ExprId(10), ExprId(12))
CancelCommonFactorsRule visiting: Mul(ExprId(9), ExprId(49))
CancelCommonFactorsRule visiting: Add(ExprId(317), ExprId(314))
CancelCommonFactorsRule visiting: Mul(ExprId(200), ExprId(244))
CancelCommonFactorsRule visiting: Div(ExprId(38), ExprId(8))
CancelCommonFactorsRule visiting: Add(ExprId(7), ExprId(50))
CancelCommonFactorsRule visiting: Number(Ratio { numer: 1, denom: 1 })
CancelCommonFactorsRule visiting: Add(ExprId(2), ExprId(54))
CancelCommonFactorsRule visiting: Number(Ratio { numer: -3, denom: 1 })
CancelCommonFactorsRule visiting: Function("sin", [ExprId(4)])
CancelCommonFactorsRule visiting: Number(Ratio { numer: 4, denom: 1 })
CancelCommonFactorsRule visiting: Variable("x")
CancelCommonFactorsRule visiting: Number(Ratio { numer: 1, denom: 1 })
CancelCommonFactorsRule visiting: Neg(ExprId(41))
CancelCommonFactorsRule visiting: Number(Ratio { numer: 2, denom: 1 })
CancelCommonFactorsRule visiting: Add(ExprId(30), ExprId(32))
CancelCommonFactorsRule visiting: Add(ExprId(237), ExprId(245))
CancelCommonFactorsRule visiting: Div(ExprId(37), ExprId(7))
CancelCommonFactorsRule visiting: Add(ExprId(317), ExprId(314))
CancelCommonFactorsRule visiting: Mul(ExprId(29), ExprId(158))
CancelCommonFactorsRule visiting: Pow(ExprId(12), ExprId(137))
CancelCommonFactorsRule visiting: Mul(ExprId(394), ExprId(0))
CancelCommonFactorsRule visiting: Number(Ratio { numer: 0, denom: 1 })
CancelCommonFactorsRule visiting: Add(ExprId(575), ExprId(572))
CancelCommonFactorsRule visiting: Add(ExprId(271), ExprId(333))
CancelCommonFactorsRule visiting: Mul(ExprId(16), ExprId(19))
CancelCommonFactorsRule visiting: Mul(ExprId(3), ExprId(576))
CancelCommonFactorsRule visiting: Mul(ExprId(14), ExprId(15))
CancelCommonFactorsRule visiting: Variable("x")
CancelCommonFactorsRule visiting: Function("log", [ExprId(6), ExprId(109)])
CancelCommonFactorsRule visiting: Number(Ratio { numer: 6, denom: 1 })
CancelCommonFactorsRule visiting: Pow(ExprId(7), ExprId(597))
CancelCommonFactorsRule visiting: Neg(ExprId(598))
CancelCommonFactorsRule visiting: Mul(ExprId(143), ExprId(139))
CancelCommonFactorsRule visiting: Variable("x")
CancelCommonFactorsRule visiting: Number(Ratio { numer: 5, denom: 1 })
CancelCommonFactorsRule visiting: Number(Ratio { numer: 2, denom: 1 })
CancelCommonFactorsRule visiting: Number(Ratio { numer: 2, denom: 1 })
CancelCommonFactorsRule visiting: Number(Ratio { numer: 4, denom: 1 })
CancelCommonFactorsRule visiting: Mul(ExprId(18), ExprId(126))
CancelCommonFactorsRule visiting: Pow(ExprId(27), ExprId(28))
CancelCommonFactorsRule visiting: Add(ExprId(48), ExprId(68))
CancelCommonFactorsRule visiting: Add(ExprId(269), ExprId(334))
CancelCommonFactorsRule visiting: Neg(ExprId(29))
CancelCommonFactorsRule visiting: Div(ExprId(40), ExprId(8))
CancelCommonFactorsRule visiting: Mul(ExprId(1), ExprId(154))
CancelCommonFactorsRule visiting: Div(ExprId(33), ExprId(5))
CancelCommonFactorsRule visiting: Add(ExprId(231), ExprId(248))
CancelCommonFactorsRule visiting: Number(Ratio { numer: 7, denom: 1 })
CancelCommonFactorsRule visiting: Add(ExprId(54), ExprId(53))
CancelCommonFactorsRule visiting: Pow(ExprId(7), ExprId(603))
CancelCommonFactorsRule visiting: Pow(ExprId(15), ExprId(16))
CancelCommonFactorsRule visiting: Add(ExprId(599), ExprId(604))
CancelCommonFactorsRule visiting: Number(Ratio { numer: 0, denom: 1 })
CancelCommonFactorsRule visiting: Mul(ExprId(3), ExprId(605))
CancelCommonFactorsRule visiting: Number(Ratio { numer: 3, denom: 1 })
CancelCommonFactorsRule visiting: Mul(ExprId(33), ExprId(15))
CancelCommonFactorsRule visiting: Add(ExprId(22), ExprId(159))
CancelCommonFactorsRule visiting: Add(ExprId(26), ExprId(33))
CancelCommonFactorsRule visiting: Number(Ratio { numer: -1, denom: 1 })
CancelCommonFactorsRule visiting: Number(Ratio { numer: 4, denom: 1 })
CancelCommonFactorsRule visiting: Add(ExprId(39), ExprId(287))

thread 'test_torture_25_half_angle' (8079636) panicked at crates/cas_cli/tests/torture_tests.rs:532:5:
assertion `left == right` failed: Half-Angle Identity failed to simplify to 0
  left: "-(sin(1/2 * x) / cos(1/2 * x)) + 2 * cos(1/2 * x) * sin(1/2 * x) / (2 + -2 * sin(1/2 * x)^2)"
 right: "0"
note: run with `RUST_BACKTRACE=1` environment variable to display a backtrace
CancelCommonFactorsRule visiting: Add(ExprId(101), ExprId(144))
CancelCommonFactorsRule visiting: Number(Ratio { numer: 2, denom: 1 })
test test_torture_9_angle_compound ... CancelCommonFactorsRule visiting: Add(ExprId(116), ExprId(147))
CancelCommonFactorsRule visiting: Pow(ExprId(0), ExprId(62))
CancelCommonFactorsRule visiting: Mul(ExprId(400), ExprId(63))
CancelCommonFactorsRule visiting: Mul(ExprId(15), ExprId(127))
CancelCommonFactorsRule visiting: Mul(ExprId(380), ExprId(177))
CancelCommonFactorsRule visiting: Add(ExprId(585), ExprId(614))
CancelCommonFactorsRule visiting: Mul(ExprId(109), ExprId(128))
CancelCommonFactorsRule visiting: Add(ExprId(556), ExprId(616))
CancelCommonFactorsRule visiting: Number(Ratio { numer: 2, denom: 1 })
CancelCommonFactorsRule visiting: Mul(ExprId(0), ExprId(44))
CancelCommonFactorsRule visiting: Add(ExprId(548), ExprId(620))
CancelCommonFactorsRule visiting: Add(ExprId(237), ExprId(245))
CancelCommonFactorsRule visiting: Number(Ratio { numer: 1, denom: 2 })
CancelCommonFactorsRule visiting: Number(Ratio { numer: 10, denom: 1 })
CancelCommonFactorsRule visiting: Number(Ratio { numer: -1, denom: 4 })
CancelCommonFactorsRule visiting: Add(ExprId(12), ExprId(11))
CancelCommonFactorsRule visiting: Number(Ratio { numer: 2, denom: 1 })
CancelCommonFactorsRule visiting: Number(Ratio { numer: -1, denom: 1 })
CancelCommonFactorsRule visiting: Number(Ratio { numer: 2, denom: 1 })
CancelCommonFactorsRule visiting: Add(ExprId(30), ExprId(381))
CancelCommonFactorsRule visiting: Mul(ExprId(43), ExprId(15))
CancelCommonFactorsRule visiting: Neg(ExprId(44))
CancelCommonFactorsRule visiting: Function("cos", [ExprId(15)])
CancelCommonFactorsRule visiting: Add(ExprId(82), ExprId(86))
CancelCommonFactorsRule visiting: Number(Ratio { numer: 2, denom: 1 })
CancelCommonFactorsRule visiting: Number(Ratio { numer: 2, denom: 1 })
CancelCommonFactorsRule visiting: Number(Ratio { numer: 2, denom: 1 })
CancelCommonFactorsRule visiting: Number(Ratio { numer: 1, denom: 1 })
CancelCommonFactorsRule visiting: Number(Ratio { numer: 1, denom: 1 })
CancelCommonFactorsRule visiting: Function("sin", [ExprId(15)])
CancelCommonFactorsRule visiting: Mul(ExprId(109), ExprId(128))
CancelCommonFactorsRule visiting: Number(Ratio { numer: 1, denom: 1 })
CancelCommonFactorsRule visiting: Number(Ratio { numer: 1, denom: 1 })
CancelCommonFactorsRule visiting: Number(Ratio { numer: -3, denom: 1 })
CancelCommonFactorsRule visiting: Number(Ratio { numer: 2, denom: 1 })
CancelCommonFactorsRule visiting: Mul(ExprId(390), ExprId(177))
CancelCommonFactorsRule visiting: Number(Ratio { numer: 1, denom: 1 })
CancelCommonFactorsRule visiting: Number(Ratio { numer: 3, denom: 1 })
CancelCommonFactorsRule visiting: Add(ExprId(214), ExprId(391))
CancelCommonFactorsRule visiting: Number(Ratio { numer: 2, denom: 1 })
CancelCommonFactorsRule visiting: Mul(ExprId(185), ExprId(94))
CancelCommonFactorsRule visiting: Variable("x")
CancelCommonFactorsRule visiting: Number(Ratio { numer: -3, denom: 1 })
CancelCommonFactorsRule visiting: Add(ExprId(167), ExprId(14))
CancelCommonFactorsRule visiting: Add(ExprId(402), ExprId(391))
shares_factor: num=[ExprId(12)] den=[ExprId(169)]
  num factor: Number(Ratio { numer: 1, denom: 1 }) args: []
  den factor: Add(ExprId(167), ExprId(14)) args: []
shares_factor: num=[ExprId(11)] den=[ExprId(169)]
  num factor: Variable("x") args: []
  den factor: Add(ExprId(167), ExprId(14)) args: []
CancelCommonFactorsRule visiting: Number(Ratio { numer: 0, denom: 1 })
CancelCommonFactorsRule visiting: Pow(ExprId(0), ExprId(50))
CancelCommonFactorsRule visiting: Number(Ratio { numer: 2, denom: 1 })
CancelCommonFactorsRule visiting: Number(Ratio { numer: -3, denom: 1 })
CancelCommonFactorsRule visiting: Pow(ExprId(60), ExprId(61))
CancelCommonFactorsRule visiting: Add(ExprId(132), ExprId(122))
CancelCommonFactorsRule visiting: Number(Ratio { numer: 0, denom: 1 })
okCancelCommonFactorsRule visiting: Number(Ratio { numer: -6, denom: 1 })
CancelCommonFactorsRule visiting: Mul(ExprId(280), ExprId(244))
CancelCommonFactorsRule visiting: Number(Ratio { numer: 1, denom: 1 })
CancelCommonFactorsRule visiting: Neg(ExprId(1))
CancelCommonFactorsRule visiting: Number(Ratio { numer: -2, denom: 1 })
CancelCommonFactorsRule visiting: Mul(ExprId(396), ExprId(51))
CancelCommonFactorsRule visiting: Mul(ExprId(427), ExprId(5))
CancelCommonFactorsRule visiting: Number(Ratio { numer: 2, denom: 1 })
CancelCommonFactorsRule visiting: Add(ExprId(424), ExprId(428))
CancelCommonFactorsRule visiting: Number(Ratio { numer: 1, denom: 1 })
CancelCommonFactorsRule visiting: Number(Ratio { numer: 2, denom: 1 })
CancelCommonFactorsRule visiting: Number(Ratio { numer: 2, denom: 1 })
CancelCommonFactorsRule visiting: Number(Ratio { numer: -2, denom: 1 })
CancelCommonFactorsRule visiting: Pow(ExprId(18), ExprId(112))
CancelCommonFactorsRule visiting: Add(ExprId(231), ExprId(281))
CancelCommonFactorsRule visiting: Pow(ExprId(19), ExprId(112))
CancelCommonFactorsRule visiting: Number(Ratio { numer: -1, denom: 4 })
CancelCommonFactorsRule visiting: Mul(ExprId(142), ExprId(143))
CancelCommonFactorsRule visiting: Number(Ratio { numer: 10, denom: 1 })
CancelCommonFactorsRule visiting: Mul(ExprId(111), ExprId(144))
CancelCommonFactorsRule visiting: Number(Ratio { numer: 1, denom: 1 })

CancelCommonFactorsRule visiting: Variable("y")
CancelCommonFactorsRule visiting: Number(Ratio { numer: 1, denom: 1 })
CancelCommonFactorsRule visiting: Div(ExprId(159), ExprId(169))
CancelCommonFactorsRule visiting: Number(Ratio { numer: 2, denom: 1 })
CancelCommonFactorsRule visiting: Neg(ExprId(179))
CancelCommonFactorsRule visiting: Pow(ExprId(19), ExprId(20))
CancelCommonFactorsRule visiting: Number(Ratio { numer: 0, denom: 1 })
CancelCommonFactorsRule visiting: Pow(ExprId(7), ExprId(546))
CancelCommonFactorsRule visiting: Neg(ExprId(547))
CancelCommonFactorsRule visiting: Number(Ratio { numer: 3, denom: 1 })
CancelCommonFactorsRule visiting: Number(Ratio { numer: 0, denom: 1 })
CancelCommonFactorsRule visiting: Add(ExprId(122), ExprId(144))
CancelCommonFactorsRule visiting: Add(ExprId(445), ExprId(428))
CancelCommonFactorsRule visiting: Add(ExprId(132), ExprId(149))
CancelCommonFactorsRule visiting: Neg(ExprId(62))
shares_factor: num=[ExprId(269)] den=[ExprId(446)]
  num factor: Number(Ratio { numer: 2, denom: 1 }) args: []
  den factor: Add(ExprId(445), ExprId(428)) args: []
CancelCommonFactorsRule visiting: Mul(ExprId(18), ExprId(21))
CancelCommonFactorsRule visiting: Pow(ExprId(13), ExprId(536))
CancelCommonFactorsRule visiting: Pow(ExprId(7), ExprId(555))
CancelCommonFactorsRule visiting: Pow(ExprId(0), ExprId(57))
CancelCommonFactorsRule visiting: Number(Ratio { numer: 0, denom: 1 })
CancelCommonFactorsRule visiting: Number(Ratio { numer: 1, denom: 1 })
CancelCommonFactorsRule visiting: Number(Ratio { numer: 0, denom: 1 })
CancelCommonFactorsRule visiting: Number(Ratio { numer: -2, denom: 1 })
CancelCommonFactorsRule visiting: Number(Ratio { numer: 0, denom: 1 })
CancelCommonFactorsRule visiting: Mul(ExprId(170), ExprId(128))
CancelCommonFactorsRule visiting: Number(Ratio { numer: 0, denom: 1 })
CancelCommonFactorsRule visiting: Neg(ExprId(122))
CancelCommonFactorsRule visiting: Mul(ExprId(3), ExprId(576))
CancelCommonFactorsRule visiting: Add(ExprId(96), ExprId(102))
CancelCommonFactorsRule visiting: Pow(ExprId(7), ExprId(597))
shares_factor: num=[ExprId(82)] den=[ExprId(103)]
  num factor: Number(Ratio { numer: -1, denom: 1 }) args: []
  den factor: Add(ExprId(96), ExprId(102)) args: []
shares_factor: num=[ExprId(86)] den=[ExprId(103)]
  num factor: Neg(ExprId(44)) args: []
  den factor: Add(ExprId(96), ExprId(102)) args: []
CancelCommonFactorsRule visiting: Number(Ratio { numer: 0, denom: 1 })
CancelCommonFactorsRule visiting: Neg(ExprId(144))
CancelCommonFactorsRule visiting: Div(ExprId(87), ExprId(103))
CancelCommonFactorsRule visiting: Number(Ratio { numer: 0, denom: 1 })
CancelCommonFactorsRule visiting: Mul(ExprId(398), ExprId(58))
test test_torture_28_tangent_sum ... CancelCommonFactorsRule visiting: Add(ExprId(397), ExprId(399))
CancelCommonFactorsRule visiting: Number(Ratio { numer: 2, denom: 1 })
CancelCommonFactorsRule visiting: Add(ExprId(401), ExprId(402))
CancelCommonFactorsRule visiting: Number(Ratio { numer: 1, denom: 1 })
CancelCommonFactorsRule visiting: Variable("x")
CancelCommonFactorsRule visiting: Add(ExprId(395), ExprId(403))
CancelCommonFactorsRule visiting: Add(ExprId(17), ExprId(22))
CancelCommonFactorsRule visiting: Number(Ratio { numer: 1, denom: 1 })
CancelCommonFactorsRule visiting: Neg(ExprId(598))
CancelCommonFactorsRule visiting: Mul(ExprId(188), ExprId(139))
CancelCommonFactorsRule visiting: Add(ExprId(69), ExprId(404))
CancelCommonFactorsRule visiting: Number(Ratio { numer: -1, denom: 1 })
CancelCommonFactorsRule visiting: Add(ExprId(59), ExprId(64))
shares_factor: num=[ExprId(334)] den=[ExprId(446)]
  num factor: Add(ExprId(271), ExprId(333)) args: []
  den factor: Add(ExprId(445), ExprId(428)) args: []
CancelCommonFactorsRule visiting: Add(ExprId(173), ExprId(174))
CancelCommonFactorsRule visiting: Add(ExprId(15), ExprId(14))
CancelCommonFactorsRule visiting: Pow(ExprId(7), ExprId(603))
CancelCommonFactorsRule visiting: Add(ExprId(186), ExprId(189))
CancelCommonFactorsRule visiting: Mul(ExprId(26), ExprId(29))
CancelCommonFactorsRule visiting: Neg(ExprId(29))
CancelCommonFactorsRule visiting: Add(ExprId(179), ExprId(191))
CancelCommonFactorsRule visiting: Function("sin", [ExprId(15)])
CancelCommonFactorsRule visiting: Div(ExprId(13), ExprId(25))
CancelCommonFactorsRule visiting: Constant(E)
CancelCommonFactorsRule visiting: Neg(ExprId(31))
CancelCommonFactorsRule visiting: Number(Ratio { numer: 2, denom: 1 })
CancelCommonFactorsRule visiting: Add(ExprId(393), ExprId(405))
CancelCommonFactorsRule visiting: Variable("x")
CancelCommonFactorsRule visiting: Div(ExprId(335), ExprId(446))
CancelCommonFactorsRule visiting: Mul(ExprId(24), ExprId(25))
okCancelCommonFactorsRule visiting: Variable("y")
CancelCommonFactorsRule visiting: Variable("x")
CancelCommonFactorsRule visiting: Mul(ExprId(25), ExprId(27))
CancelCommonFactorsRule visiting: Pow(ExprId(0), ExprId(1))
CancelCommonFactorsRule visiting: Mul(ExprId(24), ExprId(82))
CancelCommonFactorsRule visiting: Constant(E)
CancelCommonFactorsRule visiting: Number(Ratio { numer: 1, denom: 1 })
CancelCommonFactorsRule visiting: Number(Ratio { numer: -2, denom: 1 })
CancelCommonFactorsRule visiting: Variable("x")
CancelCommonFactorsRule visiting: Mul(ExprId(89), ExprId(82))
CancelCommonFactorsRule visiting: Neg(ExprId(19))
CancelCommonFactorsRule visiting: Number(Ratio { numer: 2, denom: 1 })
CancelCommonFactorsRule visiting: Add(ExprId(90), ExprId(22))
CancelCommonFactorsRule visiting: Number(Ratio { numer: 2, denom: 1 })
CancelCommonFactorsRule visiting: Variable("x")
CancelCommonFactorsRule visiting: Number(Ratio { numer: -2, denom: 1 })
CancelCommonFactorsRule visiting: Variable("x")

CancelCommonFactorsRule visiting: Add(ExprId(599), ExprId(604))
CancelCommonFactorsRule visiting: Number(Ratio { numer: 2, denom: 1 })
CancelCommonFactorsRule visiting: Mul(ExprId(3), ExprId(605))
CancelCommonFactorsRule visiting: Add(ExprId(174), ExprId(171))
CancelCommonFactorsRule visiting: Add(ExprId(585), ExprId(614))
CancelCommonFactorsRule visiting: Add(ExprId(17), ExprId(93))
CancelCommonFactorsRule visiting: Add(ExprId(173), ExprId(182))
CancelCommonFactorsRule visiting: Add(ExprId(556), ExprId(659))
CancelCommonFactorsRule visiting: Mul(ExprId(270), ExprId(5))
CancelCommonFactorsRule visiting: Add(ExprId(537), ExprId(660))
CancelCommonFactorsRule visiting: Add(ExprId(51), ExprId(63))
CancelCommonFactorsRule visiting: Variable("x")
CancelCommonFactorsRule visiting: Number(Ratio { numer: 4, denom: 1 })
CancelCommonFactorsRule visiting: Number(Ratio { numer: 2, denom: 1 })
CancelCommonFactorsRule visiting: Pow(ExprId(0), ExprId(139))
CancelCommonFactorsRule visiting: Pow(ExprId(56), ExprId(53))
CancelCommonFactorsRule visiting: Number(Ratio { numer: 5, denom: 1 })
CancelCommonFactorsRule visiting: Mul(ExprId(27), ExprId(2))
CancelCommonFactorsRule visiting: Number(Ratio { numer: -2, denom: 1 })
CancelCommonFactorsRule visiting: Add(ExprId(548), ExprId(661))
CancelCommonFactorsRule visiting: Add(ExprId(61), ExprId(209))
CancelCommonFactorsRule visiting: Mul(ExprId(57), ExprId(29))
CancelCommonFactorsRule visiting: Add(ExprId(49), ExprId(210))
CancelCommonFactorsRule visiting: Add(ExprId(585), ExprId(614))
CancelCommonFactorsRule visiting: Number(Ratio { numer: -2, denom: 1 })
CancelCommonFactorsRule visiting: Neg(ExprId(15))
CancelCommonFactorsRule visiting: Add(ExprId(119), ExprId(120))
CancelCommonFactorsRule visiting: Add(ExprId(585), ExprId(614))
CancelCommonFactorsRule visiting: Pow(ExprId(5), ExprId(6))
CancelCommonFactorsRule visiting: Neg(ExprId(44))
CancelCommonFactorsRule visiting: Neg(ExprId(4))
CancelCommonFactorsRule visiting: Add(ExprId(82), ExprId(86))
CancelCommonFactorsRule visiting: Pow(ExprId(6), ExprId(7))
test test_torture_25_half_angle ... CancelCommonFactorsRule visiting: Number(Ratio { numer: 1, denom: 1 })
CancelCommonFactorsRule visiting: Add(ExprId(171), ExprId(211))
CancelCommonFactorsRule visiting: Mul(ExprId(25), ExprId(144))
CancelCommonFactorsRule visiting: Add(ExprId(141), ExprId(44))
CancelCommonFactorsRule visiting: Number(Ratio { numer: -1, denom: 1 })
CancelCommonFactorsRule visiting: Number(Ratio { numer: 0, denom: 1 })
CancelCommonFactorsRule visiting: Pow(ExprId(3), ExprId(5))
CancelCommonFactorsRule visiting: Number(Ratio { numer: 1, denom: 1 })
FAILED
CancelCommonFactorsRule visiting: Mul(ExprId(89), ExprId(145))
CancelCommonFactorsRule visiting: Number(Ratio { numer: 2, denom: 1 })
CancelCommonFactorsRule visiting: Mul(ExprId(2), ExprId(21))
CancelCommonFactorsRule visiting: Neg(ExprId(57))
CancelCommonFactorsRule visiting: Mul(ExprId(18), ExprId(150))
CancelCommonFactorsRule visiting: Add(ExprId(2), ExprId(6))
CancelCommonFactorsRule visiting: Add(ExprId(146), ExprId(151))
CancelCommonFactorsRule visiting: Number(Ratio { numer: 1, denom: 1 })
CancelCommonFactorsRule visiting: Number(Ratio { numer: 5, denom: 1 })
CancelCommonFactorsRule visiting: Add(ExprId(140), ExprId(154))
CancelCommonFactorsRule visiting: Variable("x")
CancelCommonFactorsRule visiting: Add(ExprId(749), ExprId(750))
CancelCommonFactorsRule visiting: Number(Ratio { numer: -2, denom: 1 })
CancelCommonFactorsRule visiting: Number(Ratio { numer: -2, denom: 1 })
CancelCommonFactorsRule visiting: Number(Ratio { numer: 0, denom: 1 })
CancelCommonFactorsRule visiting: Mul(ExprId(87), ExprId(62))
CancelCommonFactorsRule visiting: Mul(ExprId(76), ExprId(29))
CancelCommonFactorsRule visiting: Number(Ratio { numer: 2, denom: 1 })
CancelCommonFactorsRule visiting: Number(Ratio { numer: -1, denom: 1 })
CancelCommonFactorsRule visiting: Mul(ExprId(283), ExprId(128))
CancelCommonFactorsRule visiting: Number(Ratio { numer: 1, denom: 2 })
CancelCommonFactorsRule visiting: Add(ExprId(35), ExprId(8))
CancelCommonFactorsRule visiting: Mul(ExprId(549), ExprId(27))
CancelCommonFactorsRule visiting: Mul(ExprId(233), ExprId(2))
CancelCommonFactorsRule visiting: Mul(ExprId(143), ExprId(5))
CancelCommonFactorsRule visiting: Mul(ExprId(233), ExprId(6))
CancelCommonFactorsRule visiting: Mul(ExprId(17), ExprId(6))
CancelCommonFactorsRule visiting: Add(ExprId(142), ExprId(144))
test test_algebraic_labyrinth ... CancelCommonFactorsRule visiting: Add(ExprId(585), ExprId(614))
CancelCommonFactorsRule visiting: Add(ExprId(61), ExprId(51))
CancelCommonFactorsRule visiting: Number(Ratio { numer: 1, denom: 2 })
CancelCommonFactorsRule visiting: Number(Ratio { numer: 1, denom: 1 })
CancelCommonFactorsRule visiting: Pow(ExprId(145), ExprId(162))
CancelCommonFactorsRule visiting: Add(ExprId(49), ExprId(285))
CancelCommonFactorsRule visiting: Number(Ratio { numer: 0, denom: 1 })
CancelCommonFactorsRule visiting: Number(Ratio { numer: 3, denom: 1 })
CancelCommonFactorsRule visiting: Add(ExprId(284), ExprId(286))
CancelCommonFactorsRule visiting: Pow(ExprId(4), ExprId(210))
CancelCommonFactorsRule visiting: Mul(ExprId(5), ExprId(163))
CancelCommonFactorsRule visiting: Mul(ExprId(25), ExprId(211))
CancelCommonFactorsRule visiting: Number(Ratio { numer: 5, denom: 1 })
CancelCommonFactorsRule visiting: Add(ExprId(59), ExprId(88))
CancelCommonFactorsRule visiting: Add(ExprId(235), ExprId(236))
CancelCommonFactorsRule visiting: Function("cos", [ExprId(15)])
CancelCommonFactorsRule visiting: Number(Ratio { numer: 2, denom: 1 })
CancelCommonFactorsRule visiting: Mul(ExprId(89), ExprId(212))
CancelCommonFactorsRule visiting: Add(ExprId(59), ExprId(88))
CancelCommonFactorsRule visiting: Number(Ratio { numer: 2, denom: 1 })
CancelCommonFactorsRule visiting: Div(ExprId(5), ExprId(37))
CancelCommonFactorsRule visiting: Number(Ratio { numer: -2, denom: 1 })
CancelCommonFactorsRule visiting: Number(Ratio { numer: 1, denom: 4 })
CancelCommonFactorsRule visiting: Mul(ExprId(330), ExprId(128))
CancelCommonFactorsRule visiting: Add(ExprId(67), ExprId(77))
CancelCommonFactorsRule visiting: Mul(ExprId(248), ExprId(1))
ok
CancelCommonFactorsRule visiting: Number(Ratio { numer: 1, denom: 1 })
CancelCommonFactorsRule visiting: Variable("x")
CancelCommonFactorsRule visiting: Number(Ratio { numer: 2, denom: 1 })
CancelCommonFactorsRule visiting: Mul(ExprId(316), ExprId(293))
CancelCommonFactorsRule visiting: Add(ExprId(61), ExprId(51))
CancelCommonFactorsRule visiting: Pow(ExprId(33), ExprId(60))
CancelCommonFactorsRule visiting: Mul(ExprId(59), ExprId(48))
CancelCommonFactorsRule visiting: Add(ExprId(331), ExprId(332))
CancelCommonFactorsRule visiting: Number(Ratio { numer: 4, denom: 1 })
test test_torture_24_difference_quotient ... CancelCommonFactorsRule visiting: Neg(ExprId(55))
CancelCommonFactorsRule visiting: Pow(ExprId(0), ExprId(267))
CancelCommonFactorsRule visiting: Mul(ExprId(264), ExprId(269))
CancelCommonFactorsRule visiting: Mul(ExprId(59), ExprId(61))
CancelCommonFactorsRule visiting: Number(Ratio { numer: 1, denom: 1 })
CancelCommonFactorsRule visiting: Mul(ExprId(48), ExprId(62))
CancelCommonFactorsRule visiting: Variable("a")
CancelCommonFactorsRule visiting: Mul(ExprId(87), ExprId(124))
CancelCommonFactorsRule visiting: Variable("d")
CancelCommonFactorsRule visiting: Mul(ExprId(25), ExprId(26))
CancelCommonFactorsRule visiting: Number(Ratio { numer: 2, denom: 1 })
CancelCommonFactorsRule visiting: Mul(ExprId(313), ExprId(163))
CancelCommonFactorsRule visiting: Add(ExprId(61), ExprId(77))
CancelCommonFactorsRule visiting: Add(ExprId(317), ExprId(314))
CancelCommonFactorsRule visiting: Pow(ExprId(4), ExprId(220))
CancelCommonFactorsRule visiting: Add(ExprId(67), ExprId(95))
CancelCommonFactorsRule visiting: Add(ExprId(48), ExprId(125))
CancelCommonFactorsRule visiting: Pow(ExprId(0), ExprId(267))
CancelCommonFactorsRule visiting: Variable("b")
CancelCommonFactorsRule visiting: Mul(ExprId(250), ExprId(269))
CancelCommonFactorsRule visiting: Number(Ratio { numer: 1, denom: 1 })
CancelCommonFactorsRule visiting: Mul(ExprId(264), ExprId(269))
CancelCommonFactorsRule visiting: Variable("x")
CancelCommonFactorsRule visiting: Number(Ratio { numer: 2, denom: 1 })
CancelCommonFactorsRule visiting: Add(ExprId(271), ExprId(333))
CancelCommonFactorsRule visiting: Number(Ratio { numer: -1, denom: 1 })
CancelCommonFactorsRule visiting: Variable("c")
CancelCommonFactorsRule visiting: Neg(ExprId(61))
CancelCommonFactorsRule visiting: Number(Ratio { numer: 2, denom: 1 })
CancelCommonFactorsRule visiting: Number(Ratio { numer: 4, denom: 1 })
CancelCommonFactorsRule visiting: Function("sin", [ExprId(15)])
okCancelCommonFactorsRule visiting: Pow(ExprId(9), ExprId(10))
CancelCommonFactorsRule visiting: Number(Ratio { numer: 0, denom: 1 })
CancelCommonFactorsRule visiting: Mul(ExprId(28), ExprId(29))
CancelCommonFactorsRule visiting: Neg(ExprId(30))
CancelCommonFactorsRule visiting: Mul(ExprId(18), ExprId(221))
CancelCommonFactorsRule visiting: Add(ExprId(358), ExprId(27))
CancelCommonFactorsRule visiting: Add(ExprId(214), ExprId(222))
CancelCommonFactorsRule visiting: Number(Ratio { numer: 2, denom: 1 })
CancelCommonFactorsRule visiting: Pow(ExprId(4), ExprId(210))
CancelCommonFactorsRule visiting: Function("cos", [ExprId(15)])
CancelCommonFactorsRule visiting: Mul(ExprId(25), ExprId(211))
CancelCommonFactorsRule visiting: Mul(ExprId(555), ExprId(11))
CancelCommonFactorsRule visiting: Number(Ratio { numer: 1, denom: 1 })
CancelCommonFactorsRule visiting: Number(Ratio { numer: 2, denom: 1 })
CancelCommonFactorsRule visiting: Add(ExprId(269), ExprId(334))
CancelCommonFactorsRule visiting: Mul(ExprId(139), ExprId(29))
CancelCommonFactorsRule visiting: Number(Ratio { numer: 1, denom: 1 })
CancelCommonFactorsRule visiting: Number(Ratio { numer: 2, denom: 1 })
CancelCommonFactorsRule visiting: Mul(ExprId(141), ExprId(140))
CancelCommonFactorsRule visiting: Pow(ExprId(358), ExprId(366))
CancelCommonFactorsRule visiting: Mul(ExprId(139), ExprId(144))
CancelCommonFactorsRule visiting: Number(Ratio { numer: 1, denom: 1 })
CancelCommonFactorsRule visiting: Function("sin", [ExprId(15)])
CancelCommonFactorsRule visiting: Number(Ratio { numer: 1, denom: 2 })
CancelCommonFactorsRule visiting: Add(ExprId(556), ExprId(773))
CancelCommonFactorsRule visiting: Add(ExprId(136), ExprId(140))
CancelCommonFactorsRule visiting: Add(ExprId(749), ExprId(774))
CancelCommonFactorsRule visiting: Mul(ExprId(89), ExprId(212))
CancelCommonFactorsRule visiting: Add(ExprId(133), ExprId(142))
CancelCommonFactorsRule visiting: Number(Ratio { numer: 10, denom: 1 })
CancelCommonFactorsRule visiting: Mul(ExprId(368), ExprId(367))
CancelCommonFactorsRule visiting: Variable("x")
CancelCommonFactorsRule visiting: Number(Ratio { numer: 2, denom: 1 })
CancelCommonFactorsRule visiting: Number(Ratio { numer: 2, denom: 1 })
CancelCommonFactorsRule visiting: Pow(ExprId(140), ExprId(152))
CancelCommonFactorsRule visiting: Number(Ratio { numer: 1, denom: 4 })

CancelCommonFactorsRule visiting: Variable("x")
test test_nested_fraction ... CancelCommonFactorsRule visiting: Number(Ratio { numer: 1, denom: 2 })
CancelCommonFactorsRule visiting: Number(Ratio { numer: 2, denom: 1 })
CancelCommonFactorsRule visiting: Mul(ExprId(264), ExprId(269))
CancelCommonFactorsRule visiting: Pow(ExprId(21), ExprId(22))
CancelCommonFactorsRule visiting: Add(ExprId(585), ExprId(614))
CancelCommonFactorsRule visiting: Function("sin", [ExprId(9)])
CancelCommonFactorsRule visiting: Add(ExprId(556), ExprId(816))
CancelCommonFactorsRule visiting: Number(Ratio { numer: 2, denom: 1 })
CancelCommonFactorsRule visiting: Number(Ratio { numer: -1, denom: 1 })
CancelCommonFactorsRule visiting: Number(Ratio { numer: -2, denom: 1 })
CancelCommonFactorsRule visiting: Number(Ratio { numer: 2, denom: 1 })
CancelCommonFactorsRule visiting: Pow(ExprId(4), ExprId(220))
CancelCommonFactorsRule visiting: Mul(ExprId(29), ExprId(26))
CancelCommonFactorsRule visiting: Mul(ExprId(551), ExprId(23))
CancelCommonFactorsRule visiting: Mul(ExprId(28), ExprId(383))
okCancelCommonFactorsRule visiting: Pow(ExprId(10), ExprId(11))
CancelCommonFactorsRule visiting: Add(ExprId(537), ExprId(817))
CancelCommonFactorsRule visiting: Neg(ExprId(12))
CancelCommonFactorsRule visiting: Add(ExprId(59), ExprId(1))
CancelCommonFactorsRule visiting: Add(ExprId(291), ExprId(276))
CancelCommonFactorsRule visiting: Mul(ExprId(25), ExprId(384))
CancelCommonFactorsRule visiting: Neg(ExprId(385))

CancelCommonFactorsRule visiting: Mul(ExprId(371), ExprId(385))
CancelCommonFactorsRule visiting: Variable("x")
CancelCommonFactorsRule visiting: Number(Ratio { numer: -2, denom: 1 })
CancelCommonFactorsRule visiting: Function("cos", [ExprId(13)])
CancelCommonFactorsRule visiting: Mul(ExprId(394), ExprId(385))
CancelCommonFactorsRule visiting: Div(ExprId(0), ExprId(61))
CancelCommonFactorsRule visiting: Add(ExprId(367), ExprId(395))
test test_hidden_quadratic_solve ... CancelCommonFactorsRule visiting: Mul(ExprId(18), ExprId(221))
CancelCommonFactorsRule visiting: Add(ExprId(749), ExprId(818))
CancelCommonFactorsRule visiting: Number(Ratio { numer: 1, denom: 1 })
CancelCommonFactorsRule visiting: Add(ExprId(222), ExprId(199))
CancelCommonFactorsRule visiting: Number(Ratio { numer: 2, denom: 1 })
CancelCommonFactorsRule visiting: Mul(ExprId(141), ExprId(153))
CancelCommonFactorsRule visiting: Add(ExprId(214), ExprId(237))
CancelCommonFactorsRule visiting: Pow(ExprId(25), ExprId(374))
CancelCommonFactorsRule visiting: Mul(ExprId(139), ExprId(154))
CancelCommonFactorsRule visiting: Pow(ExprId(26), ExprId(374))
CancelCommonFactorsRule visiting: Number(Ratio { numer: 10, denom: 1 })
CancelCommonFactorsRule visiting: Mul(ExprId(409), ExprId(410))
CancelCommonFactorsRule visiting: Add(ExprId(48), ExprId(125))
CancelCommonFactorsRule visiting: Mul(ExprId(373), ExprId(411))
CancelCommonFactorsRule visiting: Mul(ExprId(141), ExprId(153))
CancelCommonFactorsRule visiting: Number(Ratio { numer: 2, denom: 1 })
CancelCommonFactorsRule visiting: Mul(ExprId(139), ExprId(154))
CancelCommonFactorsRule visiting: Variable("x")
CancelCommonFactorsRule visiting: Number(Ratio { numer: -2, denom: 1 })
CancelCommonFactorsRule visiting: Number(Ratio { numer: 3, denom: 1 })
CancelCommonFactorsRule visiting: Mul(ExprId(173), ExprId(154))
CancelCommonFactorsRule visiting: Pow(ExprId(15), ExprId(16))
CancelCommonFactorsRule visiting: Add(ExprId(395), ExprId(411))
CancelCommonFactorsRule visiting: Mul(ExprId(553), ExprId(17))
CancelCommonFactorsRule visiting: Mul(ExprId(427), ExprId(5))
CancelCommonFactorsRule visiting: Number(Ratio { numer: -4, denom: 1 })
ok
CancelCommonFactorsRule visiting: Add(ExprId(552), ExprId(554))
test test_torture_6_conjugate ... okCancelCommonFactorsRule visiting: Number(Ratio { numer: 1, denom: 1 })
CancelCommonFactorsRule visiting: Add(ExprId(585), ExprId(614))
CancelCommonFactorsRule visiting: Number(Ratio { numer: 2, denom: 1 })
CancelCommonFactorsRule visiting: Add(ExprId(367), ExprId(416))
CancelCommonFactorsRule visiting: Add(ExprId(556), ExprId(888))

CancelCommonFactorsRule visiting: Add(ExprId(537), ExprId(889))
CancelCommonFactorsRule visiting: Add(ExprId(556), ExprId(557))
CancelCommonFactorsRule visiting: Number(Ratio { numer: -4, denom: 1 })
CancelCommonFactorsRule visiting: Number(Ratio { numer: 1, denom: 1 })
CancelCommonFactorsRule visiting: Mul(ExprId(181), ExprId(124))
CancelCommonFactorsRule visiting: Neg(ExprId(367))
CancelCommonFactorsRule visiting: Function("sin", [ExprId(13)])
CancelCommonFactorsRule visiting: Add(ExprId(48), ExprId(182))
CancelCommonFactorsRule visiting: Add(ExprId(548), ExprId(890))
CancelCommonFactorsRule visiting: Number(Ratio { numer: 1, denom: 4 })
CancelCommonFactorsRule visiting: Function("cos", [ExprId(15)])
CancelCommonFactorsRule visiting: Mul(ExprId(271), ExprId(212))
CancelCommonFactorsRule visiting: Add(ExprId(48), ExprId(182))
CancelCommonFactorsRule visiting: Add(ExprId(550), ExprId(558))
CancelCommonFactorsRule visiting: Add(ExprId(749), ExprId(891))
CancelCommonFactorsRule visiting: Number(Ratio { numer: 4, denom: 1 })
CancelCommonFactorsRule visiting: Number(Ratio { numer: 2, denom: 1 })
CancelCommonFactorsRule visiting: Mul(ExprId(256), ExprId(4))
CancelCommonFactorsRule visiting: Mul(ExprId(277), ExprId(221))
CancelCommonFactorsRule visiting: Number(Ratio { numer: 2, denom: 1 })
CancelCommonFactorsRule visiting: Add(ExprId(7), ExprId(559))
CancelCommonFactorsRule visiting: Add(ExprId(445), ExprId(428))
CancelCommonFactorsRule visiting: Number(Ratio { numer: 2, denom: 1 })
shares_factor: num=[ExprId(269)] den=[ExprId(446)]
  num factor: Number(Ratio { numer: 2, denom: 1 }) args: []
CancelCommonFactorsRule visiting: Pow(ExprId(175), ExprId(176))
CancelCommonFactorsRule visiting: Number(Ratio { numer: 1, denom: 1 })
CancelCommonFactorsRule visiting: Mul(ExprId(3), ExprId(199))
CancelCommonFactorsRule visiting: Variable("x")
CancelCommonFactorsRule visiting: Mul(ExprId(456), ExprId(385))
CancelCommonFactorsRule visiting: Number(Ratio { numer: 1, denom: 1 })
  den factor: Add(ExprId(445), ExprId(428)) args: []
shares_factor: num=[ExprId(334)] den=[ExprId(446)]
  num factor: Add(ExprId(271), ExprId(333)) args: []
  den factor: Add(ExprId(445), ExprId(428)) args: []
CancelCommonFactorsRule visiting: Neg(ExprId(9))
CancelCommonFactorsRule visiting: Neg(ExprId(411))
CancelCommonFactorsRule visiting: Add(ExprId(585), ExprId(614))
CancelCommonFactorsRule visiting: Add(ExprId(275), ExprId(278))
CancelCommonFactorsRule visiting: Add(ExprId(454), ExprId(457))
CancelCommonFactorsRule visiting: Function("sin", [ExprId(15)])
CancelCommonFactorsRule visiting: Add(ExprId(548), ExprId(560))
CancelCommonFactorsRule visiting: Add(ExprId(450), ExprId(460))
CancelCommonFactorsRule visiting: Number(Ratio { numer: 2, denom: 1 })
CancelCommonFactorsRule visiting: Div(ExprId(335), ExprId(446))
CancelCommonFactorsRule visiting: Pow(ExprId(213), ExprId(214))
CancelCommonFactorsRule visiting: Add(ExprId(178), ExprId(1034))
CancelCommonFactorsRule visiting: Number(Ratio { numer: 1, denom: 1 })
CancelCommonFactorsRule visiting: Add(ExprId(71), ExprId(1035))
CancelCommonFactorsRule visiting: Number(Ratio { numer: -1, denom: 1 })
CancelCommonFactorsRule visiting: Number(Ratio { numer: -2, denom: 1 })
CancelCommonFactorsRule visiting: Neg(ExprId(7))
CancelCommonFactorsRule visiting: Mul(ExprId(313), ExprId(4))
CancelCommonFactorsRule visiting: Neg(ExprId(215))
CancelCommonFactorsRule visiting: Number(Ratio { numer: 2, denom: 1 })
CancelCommonFactorsRule visiting: Add(ExprId(212), ExprId(217))
CancelCommonFactorsRule visiting: Add(ExprId(78), ExprId(77))
CancelCommonFactorsRule visiting: Add(ExprId(272), ExprId(282))
CancelCommonFactorsRule visiting: Add(ExprId(61), ExprId(51))
CancelCommonFactorsRule visiting: Mul(ExprId(48), ExprId(62))
CancelCommonFactorsRule visiting: Pow(ExprId(3), ExprId(314))
CancelCommonFactorsRule visiting: Mul(ExprId(12), ExprId(94))
CancelCommonFactorsRule visiting: Add(ExprId(457), ExprId(484))
CancelCommonFactorsRule visiting: Number(Ratio { numer: 2, denom: 1 })
CancelCommonFactorsRule visiting: Number(Ratio { numer: -2, denom: 1 })
CancelCommonFactorsRule visiting: Div(ExprId(76), ExprId(81))
CancelCommonFactorsRule visiting: Number(Ratio { numer: 1, denom: 1 })
CancelCommonFactorsRule visiting: Number(Ratio { numer: -5, denom: 1 })
CancelCommonFactorsRule visiting: Function("sin", [ExprId(15)])
CancelCommonFactorsRule visiting: Mul(ExprId(825), ExprId(27))
CancelCommonFactorsRule visiting: Mul(ExprId(305), ExprId(316))
CancelCommonFactorsRule visiting: Add(ExprId(61), ExprId(51))
CancelCommonFactorsRule visiting: Number(Ratio { numer: -5, denom: 1 })
CancelCommonFactorsRule visiting: Mul(ExprId(10), ExprId(313))
CancelCommonFactorsRule visiting: Number(Ratio { numer: 0, denom: 1 })
CancelCommonFactorsRule visiting: Mul(ExprId(9), ExprId(314))
CancelCommonFactorsRule visiting: Number(Ratio { numer: 2, denom: 1 })
CancelCommonFactorsRule visiting: Add(ExprId(571), ExprId(458))
CancelCommonFactorsRule visiting: Mul(ExprId(831), ExprId(11))
CancelCommonFactorsRule visiting: Neg(ExprId(177))
CancelCommonFactorsRule visiting: Add(ExprId(450), ExprId(51))
CancelCommonFactorsRule visiting: Number(Ratio { numer: -10, denom: 1 })
CancelCommonFactorsRule visiting: Number(Ratio { numer: -1, denom: 1 })
CancelCommonFactorsRule visiting: Mul(ExprId(837), ExprId(23))
CancelCommonFactorsRule visiting: Variable("x")
CancelCommonFactorsRule visiting: Mul(ExprId(427), ExprId(5))
CancelCommonFactorsRule visiting: Function("cos", [ExprId(7)])
CancelCommonFactorsRule visiting: Add(ExprId(445), ExprId(596))
CancelCommonFactorsRule visiting: Add(ExprId(556), ExprId(1036))
CancelCommonFactorsRule visiting: Number(Ratio { numer: 1, denom: 4 })
CancelCommonFactorsRule visiting: Pow(ExprId(243), ExprId(244))
CancelCommonFactorsRule visiting: Pow(ExprId(28), ExprId(366))
CancelCommonFactorsRule visiting: Neg(ExprId(245))
CancelCommonFactorsRule visiting: Add(ExprId(537), ExprId(1037))
CancelCommonFactorsRule visiting: Add(ExprId(242), ExprId(247))
CancelCommonFactorsRule visiting: Pow(ExprId(3), ExprId(314))
CancelCommonFactorsRule visiting: Mul(ExprId(320), ExprId(316))
CancelCommonFactorsRule visiting: Number(Ratio { numer: -10, denom: 1 })
CancelCommonFactorsRule visiting: Mul(ExprId(840), ExprId(17))
CancelCommonFactorsRule visiting: Add(ExprId(174), ExprId(179))
CancelCommonFactorsRule visiting: Div(ExprId(269), ExprId(597))
CancelCommonFactorsRule visiting: Add(ExprId(838), ExprId(841))
CancelCommonFactorsRule visiting: Add(ExprId(154), ExprId(1038))
CancelCommonFactorsRule visiting: Mul(ExprId(242), ExprId(62))
CancelCommonFactorsRule visiting: Add(ExprId(841), ExprId(832))
CancelCommonFactorsRule visiting: Add(ExprId(321), ExprId(276))
CancelCommonFactorsRule visiting: Number(Ratio { numer: 2, denom: 1 })
CancelCommonFactorsRule visiting: Add(ExprId(838), ExprId(856))
CancelCommonFactorsRule visiting: Add(ExprId(291), ExprId(324))
CancelCommonFactorsRule visiting: Number(Ratio { numer: 4, denom: 1 })
CancelCommonFactorsRule visiting: Add(ExprId(275), ExprId(278))
CancelCommonFactorsRule visiting: Add(ExprId(321), ExprId(276))
CancelCommonFactorsRule visiting: Add(ExprId(548), ExprId(1039))
CancelCommonFactorsRule visiting: Variable("x")
CancelCommonFactorsRule visiting: Mul(ExprId(270), ExprId(5))
CancelCommonFactorsRule visiting: Number(Ratio { numer: 1, denom: 4 })
CancelCommonFactorsRule visiting: Pow(ExprId(29), ExprId(366))
CancelCommonFactorsRule visiting: Pow(ExprId(60), ExprId(276))
CancelCommonFactorsRule visiting: Add(ExprId(315), ExprId(320))
CancelCommonFactorsRule visiting: Function("sin", [ExprId(0)])
CancelCommonFactorsRule visiting: Number(Ratio { numer: 1, denom: 1 })
CancelCommonFactorsRule visiting: Add(ExprId(272), ExprId(321))
CancelCommonFactorsRule visiting: Mul(ExprId(360), ExprId(316))
CancelCommonFactorsRule visiting: Add(ExprId(826), ExprId(832))
CancelCommonFactorsRule visiting: Mul(ExprId(517), ExprId(518))
CancelCommonFactorsRule visiting: Number(Ratio { numer: 0, denom: 1 })
CancelCommonFactorsRule visiting: Neg(ExprId(519))
CancelCommonFactorsRule visiting: Add(ExprId(749), ExprId(1040))
CancelCommonFactorsRule visiting: Pow(ExprId(3), ExprId(4))
CancelCommonFactorsRule visiting: Pow(ExprId(0), ExprId(139))
CancelCommonFactorsRule visiting: Number(Ratio { numer: 1, denom: 2 })
CancelCommonFactorsRule visiting: Pow(ExprId(7), ExprId(8))
CancelCommonFactorsRule visiting: Add(ExprId(841), ExprId(896))
CancelCommonFactorsRule visiting: Mul(ExprId(521), ExprId(522))
CancelCommonFactorsRule visiting: Div(ExprId(583), ExprId(597))
CancelCommonFactorsRule visiting: Neg(ExprId(277))
CancelCommonFactorsRule visiting: Add(ExprId(838), ExprId(897))
CancelCommonFactorsRule visiting: Function("sin", [ExprId(7)])
CancelCommonFactorsRule visiting: Add(ExprId(275), ExprId(278))
CancelCommonFactorsRule visiting: Number(Ratio { numer: 2, denom: 1 })
CancelCommonFactorsRule visiting: Pow(ExprId(20), ExprId(21))
CancelCommonFactorsRule visiting: Add(ExprId(377), ExprId(1041))
CancelCommonFactorsRule visiting: Number(Ratio { numer: 4, denom: 1 })
CancelCommonFactorsRule visiting: Number(Ratio { numer: 1, denom: 1 })
CancelCommonFactorsRule visiting: Number(Ratio { numer: 4, denom: 1 })
CancelCommonFactorsRule visiting: Number(Ratio { numer: 0, denom: 1 })
CancelCommonFactorsRule visiting: Pow(ExprId(60), ExprId(276))
CancelCommonFactorsRule visiting: Neg(ExprId(277))
CancelCommonFactorsRule visiting: Neg(ExprId(22))
CancelCommonFactorsRule visiting: Number(Ratio { numer: 0, denom: 1 })
CancelCommonFactorsRule visiting: Add(ExprId(19), ExprId(24))
CancelCommonFactorsRule visiting: Add(ExprId(819), ExprId(898))
CancelCommonFactorsRule visiting: Variable("x")
CancelCommonFactorsRule visiting: Mul(ExprId(393), ExprId(221))
CancelCommonFactorsRule visiting: Function("sin", [ExprId(0)])
CancelCommonFactorsRule visiting: Add(ExprId(278), ExprId(62))
CancelCommonFactorsRule visiting: Function("cos", [ExprId(0)])
CancelCommonFactorsRule visiting: Add(ExprId(0), ExprId(1042))
CancelCommonFactorsRule visiting: Div(ExprId(42), ExprId(43))
CancelCommonFactorsRule visiting: Number(Ratio { numer: 4, denom: 1 })
CancelCommonFactorsRule visiting: Mul(ExprId(181), ExprId(277))
CancelCommonFactorsRule visiting: Pow(ExprId(1), ExprId(2))
CancelCommonFactorsRule visiting: Number(Ratio { numer: 4, denom: 1 })
CancelCommonFactorsRule visiting: Div(ExprId(5), ExprId(597))
CancelCommonFactorsRule visiting: Add(ExprId(816), ExprId(983))
CancelCommonFactorsRule visiting: Mul(ExprId(270), ExprId(619))
CancelCommonFactorsRule visiting: Add(ExprId(179), ExprId(3))
test test_torture_27_hyperbolic_masquerade ... CancelCommonFactorsRule visiting: Mul(ExprId(143), ExprId(5))
CancelCommonFactorsRule visiting: Mul(ExprId(305), ExprId(277))
CancelCommonFactorsRule visiting: Mul(ExprId(395), ExprId(150))
CancelCommonFactorsRule visiting: Add(ExprId(174), ExprId(198))
CancelCommonFactorsRule visiting: Add(ExprId(142), ExprId(584))
okCancelCommonFactorsRule visiting: Pow(ExprId(585), ExprId(162))
CancelCommonFactorsRule visiting: Add(ExprId(397), ExprId(399))
CancelCommonFactorsRule visiting: Add(ExprId(366), ExprId(1043))

CancelCommonFactorsRule visiting: Add(ExprId(401), ExprId(1147))
CancelCommonFactorsRule visiting: Mul(ExprId(5), ExprId(586))
CancelCommonFactorsRule visiting: Add(ExprId(179), ExprId(3))
CancelCommonFactorsRule visiting: Add(ExprId(395), ExprId(1148))
test test_torture_26_lagrange_identity ... ok
CancelCommonFactorsRule visiting: Variable("x")
CancelCommonFactorsRule visiting: Number(Ratio { numer: 5, denom: 1 })
CancelCommonFactorsRule visiting: Function("cos", [ExprId(2)])
CancelCommonFactorsRule visiting: Mul(ExprId(1202), ExprId(0))
CancelCommonFactorsRule visiting: Number(Ratio { numer: -2, denom: 1 })
CancelCommonFactorsRule visiting: Mul(ExprId(316), ExprId(587))
CancelCommonFactorsRule visiting: Mul(ExprId(277), ExprId(12))
CancelCommonFactorsRule visiting: Add(ExprId(394), ExprId(396))
CancelCommonFactorsRule visiting: Mul(ExprId(181), ExprId(62))
CancelCommonFactorsRule visiting: Div(ExprId(588), ExprId(597))
CancelCommonFactorsRule visiting: Number(Ratio { numer: 2, denom: 1 })
CancelCommonFactorsRule visiting: Div(ExprId(587), ExprId(597))
CancelCommonFactorsRule visiting: Add(ExprId(315), ExprId(397))
CancelCommonFactorsRule visiting: Number(Ratio { numer: 10, denom: 1 })
CancelCommonFactorsRule visiting: Add(ExprId(585), ExprId(614))
CancelCommonFactorsRule visiting: Add(ExprId(3), ExprId(278))
CancelCommonFactorsRule visiting: Pow(ExprId(42), ExprId(5))
CancelCommonFactorsRule visiting: Mul(ExprId(316), ExprId(636))
CancelCommonFactorsRule visiting: Pow(ExprId(42), ExprId(5))
CancelCommonFactorsRule visiting: Add(ExprId(146), ExprId(407))
CancelCommonFactorsRule visiting: Mul(ExprId(143), ExprId(5))
CancelCommonFactorsRule visiting: Add(ExprId(300), ExprId(306))
CancelCommonFactorsRule visiting: Add(ExprId(174), ExprId(279))
CancelCommonFactorsRule visiting: Mul(ExprId(1204), ExprId(51))
CancelCommonFactorsRule visiting: Add(ExprId(300), ExprId(306))
CancelCommonFactorsRule visiting: Number(Ratio { numer: 0, denom: 1 })
CancelCommonFactorsRule visiting: Number(Ratio { numer: 0, denom: 1 })
CancelCommonFactorsRule visiting: Number(Ratio { numer: 1, denom: 1 })
CancelCommonFactorsRule visiting: Number(Ratio { numer: 10, denom: 1 })
CancelCommonFactorsRule visiting: Number(Ratio { numer: 0, denom: 1 })
CancelCommonFactorsRule visiting: Mul(ExprId(1206), ExprId(58))
CancelCommonFactorsRule visiting: Add(ExprId(178), ExprId(2089))
CancelCommonFactorsRule visiting: Add(ExprId(136), ExprId(3))
CancelCommonFactorsRule visiting: Add(ExprId(71), ExprId(2090))
CancelCommonFactorsRule visiting: Number(Ratio { numer: -5, denom: 1 })
CancelCommonFactorsRule visiting: Add(ExprId(142), ExprId(589))
CancelCommonFactorsRule visiting: Mul(ExprId(346), ExprId(215))
CancelCommonFactorsRule visiting: Add(ExprId(1205), ExprId(1207))
CancelCommonFactorsRule visiting: Number(Ratio { numer: 4, denom: 1 })
CancelCommonFactorsRule visiting: Add(ExprId(272), ExprId(422))
CancelCommonFactorsRule visiting: Variable("x")
CancelCommonFactorsRule visiting: Add(ExprId(174), ExprId(337))
CancelCommonFactorsRule visiting: Mul(ExprId(348), ExprId(277))
CancelCommonFactorsRule visiting: Add(ExprId(556), ExprId(2091))
CancelCommonFactorsRule visiting: Number(Ratio { numer: 0, denom: 1 })
CancelCommonFactorsRule visiting: Pow(ExprId(590), ExprId(162))
CancelCommonFactorsRule visiting: Add(ExprId(136), ExprId(3))
CancelCommonFactorsRule visiting: Add(ExprId(347), ExprId(349))
CancelCommonFactorsRule visiting: Mul(ExprId(313), ExprId(591))
CancelCommonFactorsRule visiting: Neg(ExprId(61))
CancelCommonFactorsRule visiting: Add(ExprId(1203), ExprId(1208))
CancelCommonFactorsRule visiting: Number(Ratio { numer: 2, denom: 1 })
CancelCommonFactorsRule visiting: Add(ExprId(416), ExprId(3))
CancelCommonFactorsRule visiting: Add(ExprId(140), ExprId(458))
CancelCommonFactorsRule visiting: Add(ExprId(212), ExprId(350))
CancelCommonFactorsRule visiting: Add(ExprId(537), ExprId(2092))

thread 'test_trig_identity_hidden' (8079644) panicked at crates/cas_cli/tests/torture_tests.rs:144:5:
assertion `left == right` failed: Failed on: sin(x)^4 - cos(x)^4 - (sin(x)^2 - cos(x)^2)
  left: "-(-(sin(x)^2)^2) + sin(x)^4"
 right: "0"
CancelCommonFactorsRule visiting: Pow(ExprId(0), ExprId(1))
CancelCommonFactorsRule visiting: Variable("x")
CancelCommonFactorsRule visiting: Number(Ratio { numer: 2, denom: 1 })
CancelCommonFactorsRule visiting: Div(ExprId(592), ExprId(597))
CancelCommonFactorsRule visiting: Number(Ratio { numer: 2, denom: 1 })
CancelCommonFactorsRule visiting: Div(ExprId(591), ExprId(597))
CancelCommonFactorsRule visiting: Mul(ExprId(313), ExprId(652))
CancelCommonFactorsRule visiting: Number(Ratio { numer: 10, denom: 1 })
CancelCommonFactorsRule visiting: Add(ExprId(637), ExprId(653))
CancelCommonFactorsRule visiting: Mul(ExprId(1235), ExprId(51))
CancelCommonFactorsRule visiting: Variable("x")
CancelCommonFactorsRule visiting: Number(Ratio { numer: 10, denom: 1 })
CancelCommonFactorsRule visiting: Mul(ExprId(3), ExprId(4))
test test_trig_identity_hidden ... CancelCommonFactorsRule visiting: Mul(ExprId(1237), ExprId(58))
CancelCommonFactorsRule visiting: Add(ExprId(620), ExprId(655))
CancelCommonFactorsRule visiting: Add(ExprId(1236), ExprId(1238))
CancelCommonFactorsRule visiting: Mul(ExprId(395), ExprId(15))
CancelCommonFactorsRule visiting: Add(ExprId(154), ExprId(2093))
CancelCommonFactorsRule visiting: Number(Ratio { numer: 10, denom: 1 })
FAILEDCancelCommonFactorsRule visiting: Add(ExprId(2), ExprId(5))
CancelCommonFactorsRule visiting: Number(Ratio { numer: 2, denom: 1 })
CancelCommonFactorsRule visiting: Number(Ratio { numer: 1, denom: 1 })
CancelCommonFactorsRule visiting: Add(ExprId(28), ExprId(2094))

CancelCommonFactorsRule visiting: Add(ExprId(2), ExprId(5))
CancelCommonFactorsRule visiting: Number(Ratio { numer: 4, denom: 1 })
CancelCommonFactorsRule visiting: Add(ExprId(7), ExprId(24))
CancelCommonFactorsRule visiting: Pow(ExprId(31), ExprId(32))
CancelCommonFactorsRule visiting: Function("sin", [ExprId(15)])
CancelCommonFactorsRule visiting: Number(Ratio { numer: 4, denom: 1 })
CancelCommonFactorsRule visiting: Function("cos", [ExprId(15)])
CancelCommonFactorsRule visiting: Mul(ExprId(313), ExprId(591))
CancelCommonFactorsRule visiting: Number(Ratio { numer: 1, denom: 2 })
CancelCommonFactorsRule visiting: Add(ExprId(548), ExprId(2095))
CancelCommonFactorsRule visiting: Variable("y")
CancelCommonFactorsRule visiting: Mul(ExprId(407), ExprId(406))
CancelCommonFactorsRule visiting: Add(ExprId(269), ExprId(701))
CancelCommonFactorsRule visiting: Mul(ExprId(405), ExprId(410))
shares_factor: num=[ExprId(269)] den=[ExprId(597)]
  num factor: Number(Ratio { numer: 2, denom: 1 }) args: []
  den factor: Add(ExprId(445), ExprId(596)) args: []
CancelCommonFactorsRule visiting: Pow(ExprId(25), ExprId(44))
CancelCommonFactorsRule visiting: Function("cos", [ExprId(15)])
CancelCommonFactorsRule visiting: Number(Ratio { numer: 4, denom: 1 })
CancelCommonFactorsRule visiting: Mul(ExprId(400), ExprId(406))
shares_factor: num=[ExprId(591), ExprId(313)] den=[ExprId(597)]
  num factor: Pow(ExprId(590), ExprId(162)) args: []
CancelCommonFactorsRule visiting: Number(Ratio { numer: 2, denom: 1 })
CancelCommonFactorsRule visiting: Add(ExprId(749), ExprId(2096))
  num factor: Number(Ratio { numer: 2, denom: 1 }) args: []
  den factor: Add(ExprId(445), ExprId(596)) args: []
CancelCommonFactorsRule visiting: Mul(ExprId(1250), ExprId(51))
CancelCommonFactorsRule visiting: Number(Ratio { numer: 1, denom: 1 })
CancelCommonFactorsRule visiting: Number(Ratio { numer: 0, denom: 1 })
CancelCommonFactorsRule visiting: Div(ExprId(705), ExprId(597))
CancelCommonFactorsRule visiting: Pow(ExprId(35), ExprId(36))
CancelCommonFactorsRule visiting: Mul(ExprId(34), ExprId(37))
CancelCommonFactorsRule visiting: Function("sin", [ExprId(15)])
CancelCommonFactorsRule visiting: Add(ExprId(33), ExprId(38))
CancelCommonFactorsRule visiting: Number(Ratio { numer: 0, denom: 1 })
CancelCommonFactorsRule visiting: Mul(ExprId(316), ExprId(587))
CancelCommonFactorsRule visiting: Number(Ratio { numer: 1, denom: 1 })
CancelCommonFactorsRule visiting: Variable("x")
CancelCommonFactorsRule visiting: Add(ExprId(718), ExprId(701))
CancelCommonFactorsRule visiting: Add(ExprId(315), ExprId(397))
CancelCommonFactorsRule visiting: Add(ExprId(269), ExprId(722))
CancelCommonFactorsRule visiting: Add(ExprId(146), ExprId(407))
shares_factor: num=[ExprId(269)] den=[ExprId(597)]
  num factor: Number(Ratio { numer: 2, denom: 1 }) args: []
  den factor: Add(ExprId(445), ExprId(596)) args: []
shares_factor: num=[ExprId(722)] den=[ExprId(597)]
  num factor: Add(ExprId(718), ExprId(701)) args: []
CancelCommonFactorsRule visiting: Add(ExprId(272), ExprId(422))
CancelCommonFactorsRule visiting: Number(Ratio { numer: 0, denom: 1 })
  den factor: Add(ExprId(445), ExprId(596)) args: []
CancelCommonFactorsRule visiting: Add(ExprId(140), ExprId(458))
CancelCommonFactorsRule visiting: Number(Ratio { numer: 1, denom: 1 })
CancelCommonFactorsRule visiting: Number(Ratio { numer: 2, denom: 1 })
CancelCommonFactorsRule visiting: Add(ExprId(377), ExprId(2097))
CancelCommonFactorsRule visiting: Add(ExprId(47), ExprId(46))
CancelCommonFactorsRule visiting: Neg(ExprId(33))
CancelCommonFactorsRule visiting: Pow(ExprId(423), ExprId(424))
CancelCommonFactorsRule visiting: Div(ExprId(723), ExprId(597))
CancelCommonFactorsRule visiting: Neg(ExprId(425))
CancelCommonFactorsRule visiting: Function("abs", [ExprId(50)])
CancelCommonFactorsRule visiting: Number(Ratio { numer: -4, denom: 1 })
test test_exponential_expansion ... ok
CancelCommonFactorsRule visiting: Add(ExprId(422), ExprId(427))
CancelCommonFactorsRule visiting: Mul(ExprId(270), ExprId(5))
CancelCommonFactorsRule visiting: Variable("x")
CancelCommonFactorsRule visiting: Mul(ExprId(823), ExprId(37))
CancelCommonFactorsRule visiting: Number(Ratio { numer: 1, denom: 1 })
CancelCommonFactorsRule visiting: Add(ExprId(718), ExprId(701))
CancelCommonFactorsRule visiting: Mul(ExprId(422), ExprId(406))
CancelCommonFactorsRule visiting: Add(ExprId(11), ExprId(10))
CancelCommonFactorsRule visiting: Add(ExprId(820), ExprId(824))
CancelCommonFactorsRule visiting: Function("abs", [ExprId(57)])
CancelCommonFactorsRule visiting: Number(Ratio { numer: 1, denom: 1 })
CancelCommonFactorsRule visiting: Neg(ExprId(63))
CancelCommonFactorsRule visiting: Add(ExprId(762), ExprId(766))
CancelCommonFactorsRule visiting: Number(Ratio { numer: 0, denom: 1 })
CancelCommonFactorsRule visiting: Add(ExprId(0), ExprId(2098))
CancelCommonFactorsRule visiting: Number(Ratio { numer: 3, denom: 1 })
CancelCommonFactorsRule visiting: Add(ExprId(394), ExprId(396))
CancelCommonFactorsRule visiting: Pow(ExprId(423), ExprId(457))
CancelCommonFactorsRule visiting: Add(ExprId(269), ExprId(767))
CancelCommonFactorsRule visiting: Add(ExprId(315), ExprId(838))
CancelCommonFactorsRule visiting: Neg(ExprId(458))
CancelCommonFactorsRule visiting: Add(ExprId(406), ExprId(459))
shares_factor: num=[ExprId(269)] den=[ExprId(597)]
  num factor: Number(Ratio { numer: 2, denom: 1 }) args: []
  den factor: Add(ExprId(445), ExprId(596)) args: []
shares_factor: num=[ExprId(767)] den=[ExprId(597)]
  num factor: Add(ExprId(762), ExprId(766)) args: []
CancelCommonFactorsRule visiting: Constant(E)
CancelCommonFactorsRule visiting: Mul(ExprId(405), ExprId(406))
  den factor: Add(ExprId(445), ExprId(596)) args: []
CancelCommonFactorsRule visiting: Add(ExprId(146), ExprId(839))
CancelCommonFactorsRule visiting: Number(Ratio { numer: 1, denom: 1 })
CancelCommonFactorsRule visiting: Pow(ExprId(423), ExprId(457))
CancelCommonFactorsRule visiting: Number(Ratio { numer: 0, denom: 1 })
CancelCommonFactorsRule visiting: Add(ExprId(272), ExprId(840))
CancelCommonFactorsRule visiting: Variable("x")
CancelCommonFactorsRule visiting: Neg(ExprId(8))
CancelCommonFactorsRule visiting: Neg(ExprId(458))
CancelCommonFactorsRule visiting: Number(Ratio { numer: 2, denom: 1 })
CancelCommonFactorsRule visiting: Mul(ExprId(405), ExprId(458))
CancelCommonFactorsRule visiting: Constant(E)
CancelCommonFactorsRule visiting: Div(ExprId(768), ExprId(597))
CancelCommonFactorsRule visiting: Constant(E)
CancelCommonFactorsRule visiting: Add(ExprId(366), ExprId(2099))
CancelCommonFactorsRule visiting: Number(Ratio { numer: -4, denom: 1 })
CancelCommonFactorsRule visiting: Number(Ratio { numer: -2, denom: 1 })
CancelCommonFactorsRule visiting: Mul(ExprId(963), ExprId(212))
CancelCommonFactorsRule visiting: Mul(ExprId(473), ExprId(458))
CancelCommonFactorsRule visiting: Number(Ratio { numer: -2, denom: 1 })
CancelCommonFactorsRule visiting: Add(ExprId(474), ExprId(466))
CancelCommonFactorsRule visiting: Add(ExprId(571), ExprId(849))
CancelCommonFactorsRule visiting: Mul(ExprId(965), ExprId(145))
CancelCommonFactorsRule visiting: Variable("x")
CancelCommonFactorsRule visiting: Number(Ratio { numer: -1, denom: 1 })
CancelCommonFactorsRule visiting: Function("cos", [ExprId(15)])
CancelCommonFactorsRule visiting: Number(Ratio { numer: 2, denom: 1 })
CancelCommonFactorsRule visiting: Pow(ExprId(2), ExprId(3))
CancelCommonFactorsRule visiting: Mul(ExprId(967), ExprId(314))
CancelCommonFactorsRule visiting: Number(Ratio { numer: 2, denom: 1 })
CancelCommonFactorsRule visiting: Number(Ratio { numer: 4, denom: 1 })
CancelCommonFactorsRule visiting: Number(Ratio { numer: 1, denom: 2 })
CancelCommonFactorsRule visiting: Number(Ratio { numer: 2, denom: 1 })
CancelCommonFactorsRule visiting: Mul(ExprId(21), ExprId(3))
CancelCommonFactorsRule visiting: Variable("x")
CancelCommonFactorsRule visiting: Number(Ratio { numer: 1, denom: 1 })
CancelCommonFactorsRule visiting: Mul(ExprId(969), ExprId(150))
CancelCommonFactorsRule visiting: Pow(ExprId(2), ExprId(25))
CancelCommonFactorsRule visiting: Mul(ExprId(143), ExprId(5))
CancelCommonFactorsRule visiting: Function("sin", [ExprId(15)])
CancelCommonFactorsRule visiting: Number(Ratio { numer: 1, denom: 1 })
CancelCommonFactorsRule visiting: Number(Ratio { numer: 2, denom: 1 })
CancelCommonFactorsRule visiting: Mul(ExprId(30), ExprId(3))
CancelCommonFactorsRule visiting: Number(Ratio { numer: 0, denom: 1 })
CancelCommonFactorsRule visiting: Add(ExprId(968), ExprId(970))
CancelCommonFactorsRule visiting: Number(Ratio { numer: 0, denom: 1 })
CancelCommonFactorsRule visiting: Pow(ExprId(497), ExprId(498))
CancelCommonFactorsRule visiting: Add(ExprId(142), ExprId(144))
CancelCommonFactorsRule visiting: Add(ExprId(966), ExprId(971))
CancelCommonFactorsRule visiting: Number(Ratio { numer: 1, denom: 2 })
CancelCommonFactorsRule visiting: Neg(ExprId(499))
CancelCommonFactorsRule visiting: Pow(ExprId(145), ExprId(177))
CancelCommonFactorsRule visiting: Number(Ratio { numer: 0, denom: 1 })
CancelCommonFactorsRule visiting: Add(ExprId(964), ExprId(972))
CancelCommonFactorsRule visiting: Neg(ExprId(9))
CancelCommonFactorsRule visiting: Add(ExprId(496), ExprId(501))
CancelCommonFactorsRule visiting: Neg(ExprId(15))
CancelCommonFactorsRule visiting: Neg(ExprId(547))
CancelCommonFactorsRule visiting: Add(ExprId(140), ExprId(973))
CancelCommonFactorsRule visiting: Neg(ExprId(178))
CancelCommonFactorsRule visiting: Neg(ExprId(21))
CancelCommonFactorsRule visiting: Function("sin", [ExprId(15)])
CancelCommonFactorsRule visiting: Add(ExprId(585), ExprId(614))
CancelCommonFactorsRule visiting: Number(Ratio { numer: 2, denom: 1 })
CancelCommonFactorsRule visiting: Number(Ratio { numer: -4, denom: 1 })
CancelCommonFactorsRule visiting: Pow(ExprId(493), ExprId(490))
CancelCommonFactorsRule visiting: Add(ExprId(178), ExprId(3551))
CancelCommonFactorsRule visiting: Number(Ratio { numer: -8, denom: 1 })
CancelCommonFactorsRule visiting: Variable("x")
CancelCommonFactorsRule visiting: Add(ExprId(71), ExprId(3552))
CancelCommonFactorsRule visiting: Neg(ExprId(494))
CancelCommonFactorsRule visiting: Pow(ExprId(179), ExprId(1))
CancelCommonFactorsRule visiting: Number(Ratio { numer: 3, denom: 1 })
CancelCommonFactorsRule visiting: Number(Ratio { numer: 1, denom: 1 })
CancelCommonFactorsRule visiting: Pow(ExprId(5), ExprId(6))
CancelCommonFactorsRule visiting: Mul(ExprId(1120), ExprId(212))
CancelCommonFactorsRule visiting: Number(Ratio { numer: -1, denom: 1 })
CancelCommonFactorsRule visiting: Number(Ratio { numer: -2, denom: 1 })
CancelCommonFactorsRule visiting: Add(ExprId(880), ExprId(862))
CancelCommonFactorsRule visiting: Number(Ratio { numer: -2, denom: 1 })
CancelCommonFactorsRule visiting: Mul(ExprId(1122), ExprId(145))
CancelCommonFactorsRule visiting: Neg(ExprId(7))
CancelCommonFactorsRule visiting: Number(Ratio { numer: 2, denom: 1 })
CancelCommonFactorsRule visiting: Variable("x")
CancelCommonFactorsRule visiting: Add(ExprId(556), ExprId(3553))
CancelCommonFactorsRule visiting: Number(Ratio { numer: 2, denom: 1 })
CancelCommonFactorsRule visiting: Mul(ExprId(1124), ExprId(314))
CancelCommonFactorsRule visiting: Add(ExprId(1), ExprId(0))
CancelCommonFactorsRule visiting: Add(ExprId(537), ExprId(3554))
CancelCommonFactorsRule visiting: Number(Ratio { numer: 4, denom: 1 })
CancelCommonFactorsRule visiting: Number(Ratio { numer: 1, denom: 1 })
CancelCommonFactorsRule visiting: Mul(ExprId(524), ExprId(499))
CancelCommonFactorsRule visiting: Mul(ExprId(1126), ExprId(150))
CancelCommonFactorsRule visiting: Number(Ratio { numer: -1, denom: 1 })
CancelCommonFactorsRule visiting: Add(ExprId(154), ExprId(3555))
CancelCommonFactorsRule visiting: Add(ExprId(902), ExprId(179))
CancelCommonFactorsRule visiting: Number(Ratio { numer: 3, denom: 1 })
CancelCommonFactorsRule visiting: Add(ExprId(3550), ExprId(3556))
CancelCommonFactorsRule visiting: Add(ExprId(496), ExprId(525))
CancelCommonFactorsRule visiting: Number(Ratio { numer: 3, denom: 1 })
CancelCommonFactorsRule visiting: Function("sin", [ExprId(15)])
shares_factor: num=[ExprId(880)] den=[ExprId(904)]
  num factor: Number(Ratio { numer: -1, denom: 1 }) args: []
  den factor: Add(ExprId(902), ExprId(179)) args: []
CancelCommonFactorsRule visiting: Number(Ratio { numer: 8, denom: 1 })
CancelCommonFactorsRule visiting: Add(ExprId(496), ExprId(525))
CancelCommonFactorsRule visiting: Add(ExprId(3549), ExprId(3557))
CancelCommonFactorsRule visiting: Add(ExprId(1125), ExprId(1127))
CancelCommonFactorsRule visiting: Mul(ExprId(496), ExprId(399))
CancelCommonFactorsRule visiting: Number(Ratio { numer: 1, denom: 1 })
CancelCommonFactorsRule visiting: Add(ExprId(1123), ExprId(1128))
CancelCommonFactorsRule visiting: Number(Ratio { numer: 1, denom: 1 })
shares_factor: num=[ExprId(862)] den=[ExprId(904)]
  num factor: Pow(ExprId(179), ExprId(1)) args: []
  den factor: Add(ExprId(902), ExprId(179)) args: []
CancelCommonFactorsRule visiting: Number(Ratio { numer: 8, denom: 1 })
CancelCommonFactorsRule visiting: Add(ExprId(1121), ExprId(1129))
CancelCommonFactorsRule visiting: Number(Ratio { numer: 3, denom: 1 })
CancelCommonFactorsRule visiting: Div(ExprId(882), ExprId(904))
CancelCommonFactorsRule visiting: Pow(ExprId(497), ExprId(566))
CancelCommonFactorsRule visiting: Number(Ratio { numer: 3, denom: 1 })
CancelCommonFactorsRule visiting: Number(Ratio { numer: 2, denom: 1 })
CancelCommonFactorsRule visiting: Pow(ExprId(4), ExprId(210))
CancelCommonFactorsRule visiting: Number(Ratio { numer: 2, denom: 1 })
CancelCommonFactorsRule visiting: Mul(ExprId(25), ExprId(1208))
CancelCommonFactorsRule visiting: Mul(ExprId(524), ExprId(567))
CancelCommonFactorsRule visiting: Add(ExprId(3548), ExprId(3558))
CancelCommonFactorsRule visiting: Number(Ratio { numer: 4, denom: 1 })
CancelCommonFactorsRule visiting: Mul(ExprId(1120), ExprId(1209))
CancelCommonFactorsRule visiting: Number(Ratio { numer: -1, denom: 1 })
CancelCommonFactorsRule visiting: Mul(ExprId(67), ExprId(0))
CancelCommonFactorsRule visiting: Number(Ratio { numer: -1, denom: 1 })
CancelCommonFactorsRule visiting: Pow(ExprId(0), ExprId(1))
CancelCommonFactorsRule visiting: Number(Ratio { numer: 12, denom: 1 })
CancelCommonFactorsRule visiting: Mul(ExprId(27), ExprId(1211))
CancelCommonFactorsRule visiting: Mul(ExprId(71), ExprId(0))
CancelCommonFactorsRule visiting: Mul(ExprId(25), ExprId(1212))
CancelCommonFactorsRule visiting: Add(ExprId(399), ExprId(568))
CancelCommonFactorsRule visiting: Number(Ratio { numer: 2, denom: 1 })
CancelCommonFactorsRule visiting: Variable("x")
CancelCommonFactorsRule visiting: Add(ExprId(66), ExprId(72))
CancelCommonFactorsRule visiting: Mul(ExprId(1122), ExprId(1213))
CancelCommonFactorsRule visiting: Number(Ratio { numer: 3, denom: 1 })
CancelCommonFactorsRule visiting: Mul(ExprId(143), ExprId(5))
CancelCommonFactorsRule visiting: Pow(ExprId(497), ExprId(566))
CancelCommonFactorsRule visiting: Number(Ratio { numer: 2, denom: 1 })
CancelCommonFactorsRule visiting: Add(ExprId(142), ExprId(144))
CancelCommonFactorsRule visiting: Pow(ExprId(0), ExprId(52))
CancelCommonFactorsRule visiting: Number(Ratio { numer: 1, denom: 2 })
CancelCommonFactorsRule visiting: Pow(ExprId(145), ExprId(177))
CancelCommonFactorsRule visiting: Add(ExprId(3547), ExprId(3559))
CancelCommonFactorsRule visiting: Mul(ExprId(1), ExprId(53))
CancelCommonFactorsRule visiting: Neg(ExprId(178))
CancelCommonFactorsRule visiting: Pow(ExprId(15), ExprId(16))
CancelCommonFactorsRule visiting: Mul(ExprId(524), ExprId(567))
CancelCommonFactorsRule visiting: Number(Ratio { numer: 6, denom: 1 })
CancelCommonFactorsRule visiting: Add(ExprId(568), ExprId(466))
CancelCommonFactorsRule visiting: Mul(ExprId(83), ExprId(53))
CancelCommonFactorsRule visiting: Number(Ratio { numer: 2, denom: 1 })
CancelCommonFactorsRule visiting: Add(ExprId(84), ExprId(72))
CancelCommonFactorsRule visiting: Pow(ExprId(179), ExprId(1))
CancelCommonFactorsRule visiting: Number(Ratio { numer: -4, denom: 1 })
CancelCommonFactorsRule visiting: Add(ExprId(66), ExprId(87))
CancelCommonFactorsRule visiting: Mul(ExprId(12), ExprId(1215))
CancelCommonFactorsRule visiting: Mul(ExprId(10), ExprId(1222))
CancelCommonFactorsRule visiting: Mul(ExprId(1124), ExprId(1227))
CancelCommonFactorsRule visiting: Number(Ratio { numer: 1, denom: 1 })
CancelCommonFactorsRule visiting: Add(ExprId(880), ExprId(862))
CancelCommonFactorsRule visiting: Mul(ExprId(602), ExprId(458))
CancelCommonFactorsRule visiting: Add(ExprId(0), ExprId(3560))
CancelCommonFactorsRule visiting: Number(Ratio { numer: -1, denom: 1 })
CancelCommonFactorsRule visiting: Mul(ExprId(25), ExprId(27))
CancelCommonFactorsRule visiting: Add(ExprId(902), ExprId(179))
CancelCommonFactorsRule visiting: Mul(ExprId(89), ExprId(1216))
CancelCommonFactorsRule visiting: Number(Ratio { numer: 3, denom: 1 })
CancelCommonFactorsRule visiting: Pow(ExprId(0), ExprId(58))
CancelCommonFactorsRule visiting: Number(Ratio { numer: 2, denom: 1 })
shares_factor: num=[ExprId(880)] den=[ExprId(904)]
  num factor: Number(Ratio { numer: -1, denom: 1 }) args: []
  den factor: Add(ExprId(902), ExprId(179)) args: []
CancelCommonFactorsRule visiting: Pow(ExprId(12), ExprId(1257))
CancelCommonFactorsRule visiting: Mul(ExprId(25), ExprId(1258))
CancelCommonFactorsRule visiting: Mul(ExprId(89), ExprId(1259))
CancelCommonFactorsRule visiting: Number(Ratio { numer: 2, denom: 1 })
CancelCommonFactorsRule visiting: Mul(ExprId(25), ExprId(1258))
CancelCommonFactorsRule visiting: Mul(ExprId(57), ExprId(59))
CancelCommonFactorsRule visiting: Mul(ExprId(600), ExprId(406))
shares_factor: num=[ExprId(862)] den=[ExprId(904)]
  num factor: Pow(ExprId(179), ExprId(1)) args: []
  den factor: Add(ExprId(902), ExprId(179)) args: []
CancelCommonFactorsRule visiting: Add(ExprId(84), ExprId(72))
CancelCommonFactorsRule visiting: Number(Ratio { numer: 2, denom: 1 })
CancelCommonFactorsRule visiting: Add(ExprId(603), ExprId(601))
CancelCommonFactorsRule visiting: Add(ExprId(59), ExprId(112))
CancelCommonFactorsRule visiting: Div(ExprId(882), ExprId(904))
CancelCommonFactorsRule visiting: Pow(ExprId(10), ExprId(1268))
CancelCommonFactorsRule visiting: Add(ExprId(66), ExprId(113))
CancelCommonFactorsRule visiting: Number(Ratio { numer: 2, denom: 1 })
CancelCommonFactorsRule visiting: Mul(ExprId(1269), ExprId(1258))
CancelCommonFactorsRule visiting: Number(Ratio { numer: -12, denom: 1 })
CancelCommonFactorsRule visiting: Variable("x")
CancelCommonFactorsRule visiting: Mul(ExprId(89), ExprId(1270))
CancelCommonFactorsRule visiting: Variable("x")
CancelCommonFactorsRule visiting: Number(Ratio { numer: -2, denom: 1 })
CancelCommonFactorsRule visiting: Number(Ratio { numer: 2, denom: 1 })
CancelCommonFactorsRule visiting: Number(Ratio { numer: -4, denom: 1 })
CancelCommonFactorsRule visiting: Pow(ExprId(7), ExprId(8))
CancelCommonFactorsRule visiting: Add(ExprId(955), ExprId(913))
CancelCommonFactorsRule visiting: Number(Ratio { numer: -4, denom: 1 })
CancelCommonFactorsRule visiting: Mul(ExprId(1275), ExprId(1270))
CancelCommonFactorsRule visiting: Mul(ExprId(143), ExprId(5))
CancelCommonFactorsRule visiting: Mul(ExprId(623), ExprId(458))
CancelCommonFactorsRule visiting: Neg(ExprId(9))
CancelCommonFactorsRule visiting: Number(Ratio { numer: 3, denom: 1 })
CancelCommonFactorsRule visiting: Pow(ExprId(19), ExprId(20))
CancelCommonFactorsRule visiting: Mul(ExprId(621), ExprId(399))
CancelCommonFactorsRule visiting: Mul(ExprId(18), ExprId(1218))
CancelCommonFactorsRule visiting: Variable("x")
CancelCommonFactorsRule visiting: Add(ExprId(624), ExprId(622))
CancelCommonFactorsRule visiting: Number(Ratio { numer: 4, denom: 1 })
CancelCommonFactorsRule visiting: Add(ExprId(142), ExprId(973))
CancelCommonFactorsRule visiting: Variable("x")
CancelCommonFactorsRule visiting: Function("sin", [ExprId(15)])
CancelCommonFactorsRule visiting: Pow(ExprId(974), ExprId(177))
CancelCommonFactorsRule visiting: Pow(ExprId(13), ExprId(14))
CancelCommonFactorsRule visiting: Neg(ExprId(15))
CancelCommonFactorsRule visiting: Number(Ratio { numer: 1, denom: 1 })
CancelCommonFactorsRule visiting: Number(Ratio { numer: 6, denom: 1 })
CancelCommonFactorsRule visiting: Number(Ratio { numer: 1, denom: 1 })
CancelCommonFactorsRule visiting: Neg(ExprId(975))
CancelCommonFactorsRule visiting: Number(Ratio { numer: 3, denom: 1 })
CancelCommonFactorsRule visiting: Number(Ratio { numer: 4, denom: 1 })
CancelCommonFactorsRule visiting: Pow(ExprId(7), ExprId(546))
CancelCommonFactorsRule visiting: Mul(ExprId(27), ExprId(15))
CancelCommonFactorsRule visiting: Add(ExprId(902), ExprId(976))
CancelCommonFactorsRule visiting: Pow(ExprId(19), ExprId(1284))
CancelCommonFactorsRule visiting: Div(ExprId(880), ExprId(977))
CancelCommonFactorsRule visiting: Mul(ExprId(18), ExprId(1285))
CancelCommonFactorsRule visiting: Neg(ExprId(547))
CancelCommonFactorsRule visiting: Mul(ExprId(143), ExprId(5))
CancelCommonFactorsRule visiting: Variable("x")
CancelCommonFactorsRule visiting: Add(ExprId(142), ExprId(967))
CancelCommonFactorsRule visiting: Pow(ExprId(423), ExprId(650))
CancelCommonFactorsRule visiting: Number(Ratio { numer: -6, denom: 1 })
CancelCommonFactorsRule visiting: Variable("x")
CancelCommonFactorsRule visiting: Pow(ExprId(19), ExprId(1284))
CancelCommonFactorsRule visiting: Number(Ratio { numer: 2, denom: 1 })
CancelCommonFactorsRule visiting: Mul(ExprId(10), ExprId(1285))
CancelCommonFactorsRule visiting: Number(Ratio { numer: 8, denom: 1 })
CancelCommonFactorsRule visiting: Mul(ExprId(18), ExprId(1289))
CancelCommonFactorsRule visiting: Pow(ExprId(19), ExprId(20))
CancelCommonFactorsRule visiting: Pow(ExprId(9), ExprId(10))
CancelCommonFactorsRule visiting: Neg(ExprId(21))
CancelCommonFactorsRule visiting: Number(Ratio { numer: 4, denom: 1 })
CancelCommonFactorsRule visiting: Mul(ExprId(623), ExprId(651))
CancelCommonFactorsRule visiting: Mul(ExprId(1294), ExprId(1289))
CancelCommonFactorsRule visiting: Mul(ExprId(29), ExprId(11))
CancelCommonFactorsRule visiting: Add(ExprId(1276), ExprId(1295))
CancelCommonFactorsRule visiting: Number(Ratio { numer: 2, denom: 1 })
CancelCommonFactorsRule visiting: Add(ExprId(28), ExprId(30))
CancelCommonFactorsRule visiting: Number(Ratio { numer: 3, denom: 1 })
CancelCommonFactorsRule visiting: Pow(ExprId(37), ExprId(656))
CancelCommonFactorsRule visiting: Add(ExprId(1232), ExprId(1295))
CancelCommonFactorsRule visiting: Mul(ExprId(621), ExprId(657))
CancelCommonFactorsRule visiting: Add(ExprId(84), ExprId(72))
CancelCommonFactorsRule visiting: Pow(ExprId(968), ExprId(177))
CancelCommonFactorsRule visiting: Pow(ExprId(7), ExprId(153))
CancelCommonFactorsRule visiting: Add(ExprId(652), ExprId(658))
CancelCommonFactorsRule visiting: Number(Ratio { numer: 12, denom: 1 })
CancelCommonFactorsRule visiting: Mul(ExprId(181), ExprId(0))
CancelCommonFactorsRule visiting: Number(Ratio { numer: 5, denom: 1 })
CancelCommonFactorsRule visiting: Number(Ratio { numer: 1, denom: 1 })
CancelCommonFactorsRule visiting: Number(Ratio { numer: 0, denom: 1 })
CancelCommonFactorsRule visiting: Add(ExprId(212), ExprId(350))
CancelCommonFactorsRule visiting: Add(ExprId(1276), ExprId(1310))
CancelCommonFactorsRule visiting: Pow(ExprId(13), ExprId(536))
CancelCommonFactorsRule visiting: Add(ExprId(66), ExprId(59))
CancelCommonFactorsRule visiting: Pow(ExprId(423), ExprId(650))
CancelCommonFactorsRule visiting: Number(Ratio { numer: 7, denom: 1 })
CancelCommonFactorsRule visiting: Mul(ExprId(623), ExprId(651))
CancelCommonFactorsRule visiting: Number(Ratio { numer: 0, denom: 1 })
CancelCommonFactorsRule visiting: Mul(ExprId(621), ExprId(657))
CancelCommonFactorsRule visiting: Pow(ExprId(0), ExprId(1))
CancelCommonFactorsRule visiting: Pow(ExprId(7), ExprId(555))
shares_factor: num=[ExprId(142)] den=[ExprId(977)]
CancelCommonFactorsRule visiting: Variable("x")
CancelCommonFactorsRule visiting: Pow(ExprId(19), ExprId(20))
CancelCommonFactorsRule visiting: Add(ExprId(652), ExprId(658))
CancelCommonFactorsRule visiting: Mul(ExprId(1237), ExprId(1238))
CancelCommonFactorsRule visiting: Mul(ExprId(1126), ExprId(1239))
  num factor: Number(Ratio { numer: -1, denom: 1 }) args: []
  den factor: Add(ExprId(902), ExprId(976)) args: []
shares_factor: num=[ExprId(5), ExprId(143)] den=[ExprId(977)]
  num factor: Variable("x") args: []
CancelCommonFactorsRule visiting: Number(Ratio { numer: -1, denom: 1 })
  num factor: Number(Ratio { numer: 2, denom: 1 }) args: []
  den factor: Add(ExprId(902), ExprId(976)) args: []
CancelCommonFactorsRule visiting: Number(Ratio { numer: 4, denom: 1 })
CancelCommonFactorsRule visiting: Add(ExprId(1295), ExprId(1240))
CancelCommonFactorsRule visiting: Number(Ratio { numer: 8, denom: 1 })
CancelCommonFactorsRule visiting: Add(ExprId(1232), ExprId(1344))
CancelCommonFactorsRule visiting: Div(ExprId(968), ExprId(977))
CancelCommonFactorsRule visiting: Mul(ExprId(724), ExprId(651))
CancelCommonFactorsRule visiting: Add(ExprId(33), ExprId(0))
CancelCommonFactorsRule visiting: Number(Ratio { numer: 0, denom: 1 })
CancelCommonFactorsRule visiting: Number(Ratio { numer: -3, denom: 1 })
CancelCommonFactorsRule visiting: Number(Ratio { numer: -2, denom: 1 })
CancelCommonFactorsRule visiting: Number(Ratio { numer: 2, denom: 1 })
CancelCommonFactorsRule visiting: Mul(ExprId(727), ExprId(657))
CancelCommonFactorsRule visiting: Mul(ExprId(1370), ExprId(1227))
CancelCommonFactorsRule visiting: Add(ExprId(1023), ExprId(967))
CancelCommonFactorsRule visiting: Number(Ratio { numer: 4, denom: 1 })
test test_zero_equivalence_suite ... CancelCommonFactorsRule visiting: Mul(ExprId(1368), ExprId(1289))
CancelCommonFactorsRule visiting: Add(ExprId(728), ExprId(725))
shares_factor: num=[ExprId(1023)] den=[ExprId(977)]
  num factor: Number(Ratio { numer: -2, denom: 1 }) args: []
  den factor: Add(ExprId(902), ExprId(976)) args: []
shares_factor: num=[ExprId(5), ExprId(143)] den=[ExprId(977)]
  num factor: Variable("x") args: []
  num factor: Number(Ratio { numer: 2, denom: 1 }) args: []
  den factor: Add(ExprId(902), ExprId(976)) args: []
ok
CancelCommonFactorsRule visiting: Mul(ExprId(3), ExprId(35))
CancelCommonFactorsRule visiting: Number(Ratio { numer: 8, denom: 1 })
CancelCommonFactorsRule visiting: Neg(ExprId(9))
CancelCommonFactorsRule visiting: Mul(ExprId(757), ExprId(277))
CancelCommonFactorsRule visiting: Add(ExprId(1371), ExprId(1369))
CancelCommonFactorsRule visiting: Div(ExprId(1024), ExprId(977))
CancelCommonFactorsRule visiting: Number(Ratio { numer: 3, denom: 1 })
CancelCommonFactorsRule visiting: Add(ExprId(728), ExprId(758))
CancelCommonFactorsRule visiting: Pow(ExprId(7), ExprId(166))
CancelCommonFactorsRule visiting: Number(Ratio { numer: 4, denom: 1 })
CancelCommonFactorsRule visiting: Mul(ExprId(1383), ExprId(1289))
CancelCommonFactorsRule visiting: Add(ExprId(170), ExprId(167))
CancelCommonFactorsRule visiting: Add(ExprId(955), ExprId(1034))
CancelCommonFactorsRule visiting: Number(Ratio { numer: -8, denom: 1 })
CancelCommonFactorsRule visiting: Number(Ratio { numer: 0, denom: 1 })
CancelCommonFactorsRule visiting: Mul(ExprId(779), ExprId(215))
CancelCommonFactorsRule visiting: Mul(ExprId(3), ExprId(171))
CancelCommonFactorsRule visiting: Neg(ExprId(15))
CancelCommonFactorsRule visiting: Number(Ratio { numer: 8, denom: 1 })
CancelCommonFactorsRule visiting: Mul(ExprId(781), ExprId(277))
CancelCommonFactorsRule visiting: Number(Ratio { numer: 5, denom: 1 })
CancelCommonFactorsRule visiting: Add(ExprId(780), ExprId(782))
CancelCommonFactorsRule visiting: Pow(ExprId(13), ExprId(571))
CancelCommonFactorsRule visiting: Add(ExprId(575), ExprId(572))
CancelCommonFactorsRule visiting: Add(ExprId(212), ExprId(783))
CancelCommonFactorsRule visiting: Mul(ExprId(3), ExprId(576))
CancelCommonFactorsRule visiting: Number(Ratio { numer: -1, denom: 1 })
CancelCommonFactorsRule visiting: Number(Ratio { numer: 6, denom: 1 })
CancelCommonFactorsRule visiting: Number(Ratio { numer: 8, denom: 1 })
test test_torture_12_solver_singularity ... ok
CancelCommonFactorsRule visiting: Pow(ExprId(7), ExprId(597))
CancelCommonFactorsRule visiting: Neg(ExprId(598))
CancelCommonFactorsRule visiting: Mul(ExprId(835), ExprId(215))
test test_torture_8_sophie_germain ... ok
CancelCommonFactorsRule visiting: Number(Ratio { numer: -8, denom: 1 })
CancelCommonFactorsRule visiting: Number(Ratio { numer: 7, denom: 1 })
CancelCommonFactorsRule visiting: Pow(ExprId(7), ExprId(603))
CancelCommonFactorsRule visiting: Mul(ExprId(838), ExprId(277))
CancelCommonFactorsRule visiting: Add(ExprId(599), ExprId(604))
CancelCommonFactorsRule visiting: Mul(ExprId(3), ExprId(605))
CancelCommonFactorsRule visiting: Add(ExprId(839), ExprId(836))
CancelCommonFactorsRule visiting: Add(ExprId(585), ExprId(614))
CancelCommonFactorsRule visiting: Add(ExprId(178), ExprId(4654))
CancelCommonFactorsRule visiting: Add(ExprId(829), ExprId(842))
CancelCommonFactorsRule visiting: Add(ExprId(71), ExprId(4655))
CancelCommonFactorsRule visiting: Number(Ratio { numer: 4, denom: 1 })
CancelCommonFactorsRule visiting: Add(ExprId(556), ExprId(4656))
CancelCommonFactorsRule visiting: Number(Ratio { numer: 2, denom: 1 })
CancelCommonFactorsRule visiting: Variable("x")
CancelCommonFactorsRule visiting: Mul(ExprId(8), ExprId(9))
CancelCommonFactorsRule visiting: Add(ExprId(537), ExprId(4657))
CancelCommonFactorsRule visiting: Function("cos", [ExprId(9)])
CancelCommonFactorsRule visiting: Number(Ratio { numer: 2, denom: 1 })
CancelCommonFactorsRule visiting: Add(ExprId(154), ExprId(4658))
CancelCommonFactorsRule visiting: Number(Ratio { numer: 1, denom: 1 })
CancelCommonFactorsRule visiting: Function("sin", [ExprId(9)])
CancelCommonFactorsRule visiting: Add(ExprId(4653), ExprId(4659))
CancelCommonFactorsRule visiting: Number(Ratio { numer: 2, denom: 1 })
CancelCommonFactorsRule visiting: Pow(ExprId(895), ExprId(896))
CancelCommonFactorsRule visiting: Neg(ExprId(897))
CancelCommonFactorsRule visiting: Add(ExprId(894), ExprId(899))
CancelCommonFactorsRule visiting: Function("sin", [ExprId(9)])
CancelCommonFactorsRule visiting: Pow(ExprId(891), ExprId(888))
CancelCommonFactorsRule visiting: Add(ExprId(4652), ExprId(4660))
CancelCommonFactorsRule visiting: Neg(ExprId(892))
CancelCommonFactorsRule visiting: Number(Ratio { numer: -2, denom: 1 })
CancelCommonFactorsRule visiting: Mul(ExprId(922), ExprId(897))
CancelCommonFactorsRule visiting: Add(ExprId(894), ExprId(923))
CancelCommonFactorsRule visiting: Number(Ratio { numer: 4, denom: 1 })
CancelCommonFactorsRule visiting: Add(ExprId(4651), ExprId(4661))
CancelCommonFactorsRule visiting: Number(Ratio { numer: -8, denom: 1 })
CancelCommonFactorsRule visiting: Mul(ExprId(944), ExprId(897))
CancelCommonFactorsRule visiting: Add(ExprId(943), ExprId(945))
CancelCommonFactorsRule visiting: Number(Ratio { numer: 8, denom: 1 })
CancelCommonFactorsRule visiting: Variable("x")
CancelCommonFactorsRule visiting: Function("sin", [ExprId(1)])
CancelCommonFactorsRule visiting: Number(Ratio { numer: 4, denom: 1 })
CancelCommonFactorsRule visiting: Pow(ExprId(2), ExprId(3))
CancelCommonFactorsRule visiting: Mul(ExprId(27), ExprId(4))
CancelCommonFactorsRule visiting: Add(ExprId(945), ExprId(28))
CancelCommonFactorsRule visiting: Add(ExprId(4650), ExprId(4662))
CancelCommonFactorsRule visiting: Add(ExprId(943), ExprId(963))
CancelCommonFactorsRule visiting: Add(ExprId(836), ExprId(28))
CancelCommonFactorsRule visiting: Number(Ratio { numer: 8, denom: 1 })
CancelCommonFactorsRule visiting: Mul(ExprId(1028), ExprId(215))
CancelCommonFactorsRule visiting: Number(Ratio { numer: 0, denom: 1 })
CancelCommonFactorsRule visiting: Number(Ratio { numer: 4, denom: 1 })
CancelCommonFactorsRule visiting: Number(Ratio { numer: 3, denom: 1 })
CancelCommonFactorsRule visiting: Number(Ratio { numer: 0, denom: 1 })
CancelCommonFactorsRule visiting: Add(ExprId(0), ExprId(4663))
test test_trig_power_simplification ... ok
CancelCommonFactorsRule visiting: Number(Ratio { numer: 0, denom: 1 })
CancelCommonFactorsRule visiting: Number(Ratio { numer: 0, denom: 1 })
CancelCommonFactorsRule visiting: Add(ExprId(585), ExprId(614))
CancelCommonFactorsRule visiting: Add(ExprId(178), ExprId(5795))
CancelCommonFactorsRule visiting: Add(ExprId(71), ExprId(5796))
CancelCommonFactorsRule visiting: Add(ExprId(556), ExprId(5797))
CancelCommonFactorsRule visiting: Add(ExprId(537), ExprId(5798))
CancelCommonFactorsRule visiting: Add(ExprId(154), ExprId(5799))
CancelCommonFactorsRule visiting: Add(ExprId(4653), ExprId(5800))
CancelCommonFactorsRule visiting: Add(ExprId(4652), ExprId(5801))
CancelCommonFactorsRule visiting: Add(ExprId(4651), ExprId(5802))
CancelCommonFactorsRule visiting: Add(ExprId(4650), ExprId(5803))
CancelCommonFactorsRule visiting: Add(ExprId(0), ExprId(5804))
CancelCommonFactorsRule visiting: Neg(ExprId(9))
CancelCommonFactorsRule visiting: Neg(ExprId(15))
CancelCommonFactorsRule visiting: Neg(ExprId(547))
CancelCommonFactorsRule visiting: Neg(ExprId(21))
CancelCommonFactorsRule visiting: Add(ExprId(585), ExprId(614))
CancelCommonFactorsRule visiting: Add(ExprId(178), ExprId(6900))
CancelCommonFactorsRule visiting: Add(ExprId(71), ExprId(6901))
CancelCommonFactorsRule visiting: Add(ExprId(556), ExprId(6902))
CancelCommonFactorsRule visiting: Add(ExprId(537), ExprId(6903))
CancelCommonFactorsRule visiting: Add(ExprId(154), ExprId(6904))
CancelCommonFactorsRule visiting: Add(ExprId(6899), ExprId(6905))
CancelCommonFactorsRule visiting: Add(ExprId(6898), ExprId(6906))
CancelCommonFactorsRule visiting: Add(ExprId(6897), ExprId(6907))
CancelCommonFactorsRule visiting: Add(ExprId(6896), ExprId(6908))
CancelCommonFactorsRule visiting: Add(ExprId(0), ExprId(6909))
CancelCommonFactorsRule visiting: Pow(ExprId(7), ExprId(8))
CancelCommonFactorsRule visiting: Neg(ExprId(8000))
CancelCommonFactorsRule visiting: Pow(ExprId(13), ExprId(14))
CancelCommonFactorsRule visiting: Neg(ExprId(8002))
CancelCommonFactorsRule visiting: Pow(ExprId(7), ExprId(546))
CancelCommonFactorsRule visiting: Neg(ExprId(8004))
CancelCommonFactorsRule visiting: Pow(ExprId(19), ExprId(20))
CancelCommonFactorsRule visiting: Neg(ExprId(8006))
CancelCommonFactorsRule visiting: Pow(ExprId(7), ExprId(153))
CancelCommonFactorsRule visiting: Pow(ExprId(13), ExprId(536))
CancelCommonFactorsRule visiting: Pow(ExprId(7), ExprId(555))
CancelCommonFactorsRule visiting: Mul(ExprId(33), ExprId(3))
CancelCommonFactorsRule visiting: Number(Ratio { numer: 2, denom: 1 })
CancelCommonFactorsRule visiting: Pow(ExprId(3), ExprId(8049))
CancelCommonFactorsRule visiting: Neg(ExprId(3))
CancelCommonFactorsRule visiting: Add(ExprId(8053), ExprId(8050))
CancelCommonFactorsRule visiting: Pow(ExprId(7), ExprId(8))
CancelCommonFactorsRule visiting: Neg(ExprId(8015))
CancelCommonFactorsRule visiting: Number(Ratio { numer: 1, denom: 1 })
CancelCommonFactorsRule visiting: Number(Ratio { numer: 3, denom: 1 })
CancelCommonFactorsRule visiting: Pow(ExprId(7), ExprId(8066))
CancelCommonFactorsRule visiting: Neg(ExprId(8067))
CancelCommonFactorsRule visiting: Pow(ExprId(7), ExprId(166))
CancelCommonFactorsRule visiting: Number(Ratio { numer: 1, denom: 1 })
CancelCommonFactorsRule visiting: Number(Ratio { numer: 4, denom: 1 })
CancelCommonFactorsRule visiting: Pow(ExprId(7), ExprId(8072))
CancelCommonFactorsRule visiting: Add(ExprId(8068), ExprId(8073))
CancelCommonFactorsRule visiting: Pow(ExprId(13), ExprId(14))
CancelCommonFactorsRule visiting: Neg(ExprId(8022))
CancelCommonFactorsRule visiting: Number(Ratio { numer: 1, denom: 1 })
CancelCommonFactorsRule visiting: Number(Ratio { numer: 5, denom: 1 })
CancelCommonFactorsRule visiting: Pow(ExprId(13), ExprId(8088))
CancelCommonFactorsRule visiting: Neg(ExprId(8089))
CancelCommonFactorsRule visiting: Pow(ExprId(13), ExprId(571))
CancelCommonFactorsRule visiting: Number(Ratio { numer: 1, denom: 1 })
CancelCommonFactorsRule visiting: Number(Ratio { numer: 6, denom: 1 })
CancelCommonFactorsRule visiting: Pow(ExprId(13), ExprId(8094))
CancelCommonFactorsRule visiting: Add(ExprId(8090), ExprId(8095))
CancelCommonFactorsRule visiting: Pow(ExprId(7), ExprId(597))
CancelCommonFactorsRule visiting: Neg(ExprId(8029))
CancelCommonFactorsRule visiting: Number(Ratio { numer: 1, denom: 1 })
CancelCommonFactorsRule visiting: Number(Ratio { numer: 7, denom: 1 })
CancelCommonFactorsRule visiting: Pow(ExprId(7), ExprId(8110))
CancelCommonFactorsRule visiting: Neg(ExprId(8111))
CancelCommonFactorsRule visiting: Pow(ExprId(7), ExprId(603))
CancelCommonFactorsRule visiting: Number(Ratio { numer: 1, denom: 1 })
CancelCommonFactorsRule visiting: Number(Ratio { numer: 8, denom: 1 })
CancelCommonFactorsRule visiting: Pow(ExprId(7), ExprId(8116))
CancelCommonFactorsRule visiting: Add(ExprId(8112), ExprId(8117))
CancelCommonFactorsRule visiting: Pow(ExprId(13), ExprId(8088))
CancelCommonFactorsRule visiting: Neg(ExprId(8089))
CancelCommonFactorsRule visiting: Pow(ExprId(7), ExprId(8110))
CancelCommonFactorsRule visiting: Neg(ExprId(8111))
CancelCommonFactorsRule visiting: Pow(ExprId(13), ExprId(8094))
CancelCommonFactorsRule visiting: Pow(ExprId(7), ExprId(8116))
CancelCommonFactorsRule visiting: Add(ExprId(8095), ExprId(8117))
CancelCommonFactorsRule visiting: Add(ExprId(8112), ExprId(8128))
CancelCommonFactorsRule visiting: Add(ExprId(8090), ExprId(8129))
CancelCommonFactorsRule visiting: Pow(ExprId(7), ExprId(8066))
CancelCommonFactorsRule visiting: Neg(ExprId(8067))
CancelCommonFactorsRule visiting: Pow(ExprId(7), ExprId(8072))
CancelCommonFactorsRule visiting: Add(ExprId(8095), ExprId(8117))
CancelCommonFactorsRule visiting: Add(ExprId(8073), ExprId(8185))
CancelCommonFactorsRule visiting: Add(ExprId(8112), ExprId(8186))
CancelCommonFactorsRule visiting: Add(ExprId(8090), ExprId(8187))
CancelCommonFactorsRule visiting: Add(ExprId(8068), ExprId(8188))
CancelCommonFactorsRule visiting: Add(ExprId(8095), ExprId(8117))
CancelCommonFactorsRule visiting: Add(ExprId(8073), ExprId(8354))
CancelCommonFactorsRule visiting: Add(ExprId(8050), ExprId(8355))
CancelCommonFactorsRule visiting: Add(ExprId(8112), ExprId(8356))
CancelCommonFactorsRule visiting: Add(ExprId(8090), ExprId(8357))
CancelCommonFactorsRule visiting: Add(ExprId(8068), ExprId(8358))
CancelCommonFactorsRule visiting: Add(ExprId(8053), ExprId(8359))
CancelCommonFactorsRule visiting: Add(ExprId(8010), ExprId(8117))
CancelCommonFactorsRule visiting: Add(ExprId(8095), ExprId(8708))
CancelCommonFactorsRule visiting: Add(ExprId(8073), ExprId(8709))
CancelCommonFactorsRule visiting: Add(ExprId(8050), ExprId(8710))
CancelCommonFactorsRule visiting: Add(ExprId(8095), ExprId(8117))
CancelCommonFactorsRule visiting: Add(ExprId(8073), ExprId(8766))
CancelCommonFactorsRule visiting: Add(ExprId(8050), ExprId(8767))
CancelCommonFactorsRule visiting: Add(ExprId(8090), ExprId(8768))
CancelCommonFactorsRule visiting: Add(ExprId(8068), ExprId(8795))
CancelCommonFactorsRule visiting: Add(ExprId(8053), ExprId(8835))
CancelCommonFactorsRule visiting: Add(ExprId(8095), ExprId(8117))
CancelCommonFactorsRule visiting: Add(ExprId(8009), ExprId(8996))
CancelCommonFactorsRule visiting: Add(ExprId(8073), ExprId(8997))
CancelCommonFactorsRule visiting: Add(ExprId(8050), ExprId(8998))
CancelCommonFactorsRule visiting: Add(ExprId(8095), ExprId(8117))
CancelCommonFactorsRule visiting: Add(ExprId(8073), ExprId(9053))
CancelCommonFactorsRule visiting: Add(ExprId(8050), ExprId(9054))
CancelCommonFactorsRule visiting: Add(ExprId(8068), ExprId(9055))
CancelCommonFactorsRule visiting: Add(ExprId(8053), ExprId(9082))
CancelCommonFactorsRule visiting: Add(ExprId(8095), ExprId(8117))
CancelCommonFactorsRule visiting: Add(ExprId(8073), ExprId(9189))
CancelCommonFactorsRule visiting: Add(ExprId(8008), ExprId(9190))
CancelCommonFactorsRule visiting: Add(ExprId(8050), ExprId(9191))
CancelCommonFactorsRule visiting: Add(ExprId(8095), ExprId(8117))
CancelCommonFactorsRule visiting: Add(ExprId(8073), ExprId(9245))
CancelCommonFactorsRule visiting: Add(ExprId(8050), ExprId(9246))
CancelCommonFactorsRule visiting: Add(ExprId(8053), ExprId(9247))
CancelCommonFactorsRule visiting: Add(ExprId(8095), ExprId(8117))
CancelCommonFactorsRule visiting: Add(ExprId(8073), ExprId(9315))
CancelCommonFactorsRule visiting: Add(ExprId(8050), ExprId(9316))
CancelCommonFactorsRule visiting: Add(ExprId(8073), ExprId(8095))
CancelCommonFactorsRule visiting: Add(ExprId(8050), ExprId(9346))
CancelCommonFactorsRule visiting: Add(ExprId(8053), ExprId(9347))
CancelCommonFactorsRule visiting: Add(ExprId(8073), ExprId(8095))
CancelCommonFactorsRule visiting: Add(ExprId(8050), ExprId(9387))
CancelCommonFactorsRule visiting: Add(ExprId(8050), ExprId(8073))
CancelCommonFactorsRule visiting: Add(ExprId(8053), ExprId(9402))
CancelCommonFactorsRule visiting: Add(ExprId(8050), ExprId(8073))
CancelCommonFactorsRule visiting: Add(ExprId(8053), ExprId(8050))
CancelCommonFactorsRule visiting: Number(Ratio { numer: 0, denom: 1 })
CancelCommonFactorsRule visiting: Neg(ExprId(3))
CancelCommonFactorsRule visiting: Number(Ratio { numer: 0, denom: 1 })
test test_torture_11_polynomial_stress ... ok

failures:

failures:
    test_torture_25_half_angle
    test_trig_identity_hidden

test result: FAILED. 28 passed; 2 failed; 0 ignored; 0 measured; 0 filtered out; finished in 0.02s

error: test failed, to rerun pass `-p cas_cli --test torture_tests`
